Archive member included to satisfy reference by file (symbol)

/Applications/MCUXpressoIDE_25.6.136/ide/plugins/com.nxp.mcuxpresso.tools.macosx_25.6.0.202501151204/tools/bin/../lib/gcc/arm-none-eabi/14.2.1/../../../../arm-none-eabi/lib/thumb/v6-m/nofp/libcr_nohost_nf.a(_cr__main.o)
                              ./startup/startup_mcxc444.o (__main)
/Applications/MCUXpressoIDE_25.6.136/ide/plugins/com.nxp.mcuxpresso.tools.macosx_25.6.0.202501151204/tools/bin/../lib/gcc/arm-none-eabi/14.2.1/../../../../arm-none-eabi/lib/thumb/v6-m/nofp/libcr_c.a(memcpy.o)
                              ./utilities/str/fsl_str.o (memcpy)
/Applications/MCUXpressoIDE_25.6.136/ide/plugins/com.nxp.mcuxpresso.tools.macosx_25.6.0.202501151204/tools/bin/../lib/gcc/arm-none-eabi/14.2.1/../../../../arm-none-eabi/lib/thumb/v6-m/nofp/libcr_c.a(memset.o)
                              ./utilities/debug_console/fsl_debug_console.o (memset)
/Applications/MCUXpressoIDE_25.6.136/ide/plugins/com.nxp.mcuxpresso.tools.macosx_25.6.0.202501151204/tools/bin/../lib/gcc/arm-none-eabi/14.2.1/../../../../arm-none-eabi/lib/thumb/v6-m/nofp/libcr_c.a(alloc.o)
                              ./drivers/fsl_common.o (malloc)
/Applications/MCUXpressoIDE_25.6.136/ide/plugins/com.nxp.mcuxpresso.tools.macosx_25.6.0.202501151204/tools/bin/../lib/gcc/arm-none-eabi/14.2.1/../../../../arm-none-eabi/lib/thumb/v6-m/nofp/libcr_c.a(errno.o)
                              ./utilities/str/fsl_str.o (errno)
/Applications/MCUXpressoIDE_25.6.136/ide/plugins/com.nxp.mcuxpresso.tools.macosx_25.6.0.202501151204/tools/bin/../lib/gcc/arm-none-eabi/14.2.1/../../../../arm-none-eabi/lib/thumb/v6-m/nofp/libcr_c.a(initio.o)
                              /Applications/MCUXpressoIDE_25.6.136/ide/plugins/com.nxp.mcuxpresso.tools.macosx_25.6.0.202501151204/tools/bin/../lib/gcc/arm-none-eabi/14.2.1/../../../../arm-none-eabi/lib/thumb/v6-m/nofp/libcr_nohost_nf.a(_cr__main.o) (_initio)
/Applications/MCUXpressoIDE_25.6.136/ide/plugins/com.nxp.mcuxpresso.tools.macosx_25.6.0.202501151204/tools/bin/../lib/gcc/arm-none-eabi/14.2.1/../../../../arm-none-eabi/lib/thumb/v6-m/nofp/libcr_c.a(scanf.o)
                              ./utilities/str/fsl_str.o (strtoul)
/Applications/MCUXpressoIDE_25.6.136/ide/plugins/com.nxp.mcuxpresso.tools.macosx_25.6.0.202501151204/tools/bin/../lib/gcc/arm-none-eabi/14.2.1/../../../../arm-none-eabi/lib/thumb/v6-m/nofp/libcr_c.a(setvbuf.o)
                              /Applications/MCUXpressoIDE_25.6.136/ide/plugins/com.nxp.mcuxpresso.tools.macosx_25.6.0.202501151204/tools/bin/../lib/gcc/arm-none-eabi/14.2.1/../../../../arm-none-eabi/lib/thumb/v6-m/nofp/libcr_c.a(initio.o) (setvbuf)
/Applications/MCUXpressoIDE_25.6.136/ide/plugins/com.nxp.mcuxpresso.tools.macosx_25.6.0.202501151204/tools/bin/../lib/gcc/arm-none-eabi/14.2.1/../../../../arm-none-eabi/lib/thumb/v6-m/nofp/libcr_c.a(strlen.o)
                              ./utilities/str/fsl_str.o (strlen)
/Applications/MCUXpressoIDE_25.6.136/ide/plugins/com.nxp.mcuxpresso.tools.macosx_25.6.0.202501151204/tools/bin/../lib/gcc/arm-none-eabi/14.2.1/../../../../arm-none-eabi/lib/thumb/v6-m/nofp/libcr_c.a(ungetc.o)
                              /Applications/MCUXpressoIDE_25.6.136/ide/plugins/com.nxp.mcuxpresso.tools.macosx_25.6.0.202501151204/tools/bin/../lib/gcc/arm-none-eabi/14.2.1/../../../../arm-none-eabi/lib/thumb/v6-m/nofp/libcr_c.a(scanf.o) (ungetc)
/Applications/MCUXpressoIDE_25.6.136/ide/plugins/com.nxp.mcuxpresso.tools.macosx_25.6.0.202501151204/tools/bin/../lib/gcc/arm-none-eabi/14.2.1/../../../../arm-none-eabi/lib/thumb/v6-m/nofp/libcr_c.a(__fillbuf.o)
                              /Applications/MCUXpressoIDE_25.6.136/ide/plugins/com.nxp.mcuxpresso.tools.macosx_25.6.0.202501151204/tools/bin/../lib/gcc/arm-none-eabi/14.2.1/../../../../arm-none-eabi/lib/thumb/v6-m/nofp/libcr_c.a(scanf.o) (__filbuf)
/Applications/MCUXpressoIDE_25.6.136/ide/plugins/com.nxp.mcuxpresso.tools.macosx_25.6.0.202501151204/tools/bin/../lib/gcc/arm-none-eabi/14.2.1/../../../../arm-none-eabi/lib/thumb/v6-m/nofp/libcr_c.a(__init_alloc.o)
                              /Applications/MCUXpressoIDE_25.6.136/ide/plugins/com.nxp.mcuxpresso.tools.macosx_25.6.0.202501151204/tools/bin/../lib/gcc/arm-none-eabi/14.2.1/../../../../arm-none-eabi/lib/thumb/v6-m/nofp/libcr_c.a(alloc.o) (__heaps)
/Applications/MCUXpressoIDE_25.6.136/ide/plugins/com.nxp.mcuxpresso.tools.macosx_25.6.0.202501151204/tools/bin/../lib/gcc/arm-none-eabi/14.2.1/../../../../arm-none-eabi/lib/thumb/v6-m/nofp/libcr_c.a(_cr_sbrk.o)
                              /Applications/MCUXpressoIDE_25.6.136/ide/plugins/com.nxp.mcuxpresso.tools.macosx_25.6.0.202501151204/tools/bin/../lib/gcc/arm-none-eabi/14.2.1/../../../../arm-none-eabi/lib/thumb/v6-m/nofp/libcr_c.a(alloc.o) (_sbrk)
/Applications/MCUXpressoIDE_25.6.136/ide/plugins/com.nxp.mcuxpresso.tools.macosx_25.6.0.202501151204/tools/bin/../lib/gcc/arm-none-eabi/14.2.1/../../../../arm-none-eabi/lib/thumb/v6-m/nofp/libcr_c.a(_deferredlazyseek.o)
[...]
Memory Configuration

Name             Origin             Length             Attributes
PROGRAM_FLASH    0x00000000         0x00040000         xr
SRAM             0x1fffe000         0x00008000         xrw
*default*        0x00000000         0xffffffff

Linker script and memory map

LOAD ./utilities/str/fsl_str.o
LOAD ./utilities/debug_console/fsl_debug_console.o
LOAD ./utilities/fsl_assert.o
LOAD ./startup/startup_mcxc444.o
LOAD ./source/main logic/adc.o
LOAD ./source/main logic/buttons.o
LOAD ./source/main logic/led.o
LOAD ./source/main logic/main.o
LOAD ./source/main logic/slcd.o
LOAD ./source/main logic/tasks.o
LOAD ./source/mtb.o
LOAD ./source/semihost_hardfault.o
LOAD ./freertos/freertos-kernel/portable/MemMang/heap_4.o
LOAD ./freertos/freertos-kernel/portable/GCC/ARM_CM0/mpu_wrappers_v2_asm.o
LOAD ./freertos/freertos-kernel/portable/GCC/ARM_CM0/port.o
LOAD ./freertos/freertos-kernel/portable/GCC/ARM_CM0/portasm.o
LOAD ./freertos/freertos-kernel/portable/Common/mpu_wrappers.o
LOAD ./freertos/freertos-kernel/portable/Common/mpu_wrappers_v2.o
LOAD ./freertos/freertos-kernel/croutine.o
LOAD ./freertos/freertos-kernel/event_groups.o
LOAD ./freertos/freertos-kernel/list.o
LOAD ./freertos/freertos-kernel/queue.o
LOAD ./freertos/freertos-kernel/stream_buffer.o
LOAD ./freertos/freertos-kernel/tasks.o
LOAD ./freertos/freertos-kernel/timers.o
LOAD ./drivers/fsl_clock.o
LOAD ./drivers/fsl_common.o
LOAD ./drivers/fsl_common_arm.o
LOAD ./drivers/fsl_gpio.o
LOAD ./drivers/fsl_lpuart.o
LOAD ./drivers/fsl_smc.o
LOAD ./device/system_MCXC444.o
LOAD ./component/uart/fsl_adapter_lpuart.o
LOAD ./component/serial_manager/fsl_component_serial_manager.o
LOAD ./component/serial_manager/fsl_component_serial_port_uart.o
LOAD ./component/lists/fsl_component_generic_list.o
LOAD ./board/board.o
LOAD ./board/clock_config.o
LOAD ./board/peripherals.o
LOAD ./board/pin_mux.o
START GROUP
LOAD /Applications/MCUXpressoIDE_25.6.136/ide/plugins/com.nxp.mcuxpresso.tools.macosx_25.6.0.202501151204/tools/bin/../lib/gcc/arm-none-eabi/14.2.1/../../../../arm-none-eabi/lib/thumb/v6-m/nofp/libcr_nohost_nf.a
LOAD /Applications/MCUXpressoIDE_25.6.136/ide/plugins/com.nxp.mcuxpresso.tools.macosx_25.6.0.202501151204/tools/bin/../lib/gcc/arm-none-eabi/14.2.1/../../../../arm-none-eabi/lib/thumb/v6-m/nofp/libcr_c.a
LOAD /Applications/MCUXpressoIDE_25.6.136/ide/plugins/com.nxp.mcuxpresso.tools.macosx_25.6.0.202501151204/tools/bin/../lib/gcc/arm-none-eabi/14.2.1/thumb/v6-m/nofp/libcr_eabihelpers.a
LOAD /Applications/MCUXpressoIDE_25.6.136/ide/plugins/com.nxp.mcuxpresso.tools.macosx_25.6.0.202501151204/tools/bin/../lib/gcc/arm-none-eabi/14.2.1/thumb/v6-m/nofp/libgcc.a
END GROUP
                0x00000000                        __base_PROGRAM_FLASH = 0x0
                0x00000000                        __base_Flash = 0x0
                0x00040000                        __top_PROGRAM_FLASH = 0x40000
                0x00040000                        __top_Flash = 0x40000
                0x1fffe000                        __base_SRAM = 0x1fffe000
                0x1fffe000                        __base_RAM = 0x1fffe000
                0x20006000                        __top_SRAM = 0x20006000
                0x20006000                        __top_RAM = 0x20006000

.text           0x00000000     0x70e4
 FILL mask 0xff
                0x00000000                        __vectors_start__ = ABSOLUTE (.)
 *(SORT_BY_ALIGNMENT(.isr_vector))
 .isr_vector    0x00000000       0xc0 ./startup/startup_mcxc444.o
                0x00000000                __Vectors
                0x00000000                g_pfnVectors
                0x000000c0                        . = ALIGN (0x4)
                0x000000c0                        __section_table_start = .
                0x000000c0                        __data_section_table = .
                0x000000c0        0x4 LONG 0x70e4 LOADADDR (.data)
                0x000000c4        0x4 LONG 0x1fffe080 ADDR (.data)
                0x000000c8        0x4 LONG 0x8 SIZEOF (.data)
                0x000000cc                        __data_section_table_end = .
                0x000000cc                        __bss_section_table = .
                0x000000cc        0x4 LONG 0x1fffe088 ADDR (.bss)
                0x000000d0        0x4 LONG 0x2ac8 SIZEOF (.bss)
                0x000000d4                        __bss_section_table_end = .
                0x000000d4                        __section_table_end = .
 *(SORT_BY_ALIGNMENT(.after_vectors*))
 .after_vectors.reset
                0x000000d4       0x4c ./startup/startup_mcxc444.o
                0x000000d4                ResetISR
 .after_vectors.init_data
                0x00000120       0x12 ./startup/startup_mcxc444.o
                0x00000120                data_init
 .after_vectors.init_bss
                0x00000132       0x10 ./startup/startup_mcxc444.o
                0x00000132                bss_init
 .after_vectors
                0x00000142      0x10c ./startup/startup_mcxc444.o
                0x00000142                NMI_Handler
                0x0000014c                PIT_DriverIRQHandler
                0x0000014c                DMA0_DriverIRQHandler
                0x0000014c                Reserved42_DriverIRQHandler
                0x0000014c                SPI1_DriverIRQHandler
                0x0000014c                LPTMR0_DriverIRQHandler
                0x0000014c                PORTC_PORTD_DriverIRQHandler
                0x0000014c                PMC_DriverIRQHandler
                0x0000014c                I2S0_DriverIRQHandler
                0x0000014c                TPM2_DriverIRQHandler
                0x0000014c                RTC_Seconds_DriverIRQHandler
                0x0000014c                LLWU_DriverIRQHandler
                0x0000014c                FTFA_DriverIRQHandler
                0x0000014c                IntDefaultHandler
                0x0000014c                USB0_DriverIRQHandler
                0x0000014c                DAC0_DriverIRQHandler
                0x0000014c                TPM0_DriverIRQHandler
                0x0000014c                Reserved20_DriverIRQHandler
                0x0000014c                DMA3_DriverIRQHandler
                0x0000014c                UART2_FLEXIO_DriverIRQHandler
                0x0000014c                PORTA_DriverIRQHandler
                0x0000014c                TPM1_DriverIRQHandler
                0x0000014c                RTC_DriverIRQHandler
                0x0000014c                LCD_DriverIRQHandler
                0x0000014c                DMA1_DriverIRQHandler
                0x0000014c                I2C1_DriverIRQHandler
                0x0000014c                SPI0_DriverIRQHandler
                0x0000014c                ADC0_DriverIRQHandler
                0x0000014c                CMP0_DriverIRQHandler
                0x0000014c                DMA2_DriverIRQHandler
                0x0000014c                Reserved43_DriverIRQHandler
                0x0000014c                I2C0_DriverIRQHandler
                0x0000014e                DMA0_IRQHandler
                0x00000156                DMA1_IRQHandler
                0x0000015e                DMA2_IRQHandler
                0x00000166                DMA3_IRQHandler
                0x0000016e                Reserved20_IRQHandler
                0x00000176                FTFA_IRQHandler
                0x0000017e                PMC_IRQHandler
                0x00000186                LLWU_IRQHandler
                0x0000018e                I2C0_IRQHandler
                0x00000196                I2C1_IRQHandler
                0x0000019e                SPI0_IRQHandler
                0x000001a6                SPI1_IRQHandler
                0x000001ae                LPUART0_IRQHandler
                0x000001b6                LPUART1_IRQHandler
                0x000001be                UART2_FLEXIO_IRQHandler
                0x000001ce                CMP0_IRQHandler
                0x000001d6                TPM0_IRQHandler
                0x000001de                TPM1_IRQHandler
                0x000001e6                TPM2_IRQHandler
                0x000001ee                RTC_IRQHandler
                0x000001f6                RTC_Seconds_IRQHandler
                0x000001fe                PIT_IRQHandler
                0x00000206                I2S0_IRQHandler
                0x0000020e                USB0_IRQHandler
                0x00000216                DAC0_IRQHandler
                0x0000021e                Reserved42_IRQHandler
                0x00000226                Reserved43_IRQHandler
                0x0000022e                LPTMR0_IRQHandler
                0x00000236                LCD_IRQHandler
                0x00000400                        . = 0x400
 *fill*         0x0000024e      0x1b2 ff
                0x00000400                        PROVIDE (__FLASH_CONFIG_START__ = .)
 *(SORT_BY_ALIGNMENT(.FlashConfig))
 .FlashConfig   0x00000400       0x10 ./startup/startup_mcxc444.o
                0x00000400                Flash_Config
                0x00000410                        PROVIDE (__FLASH_CONFIG_END__ = .)
                0x00000001                        ASSERT (! ((__FLASH_CONFIG_START__ == __FLASH_CONFIG_END__)), Linker Flash Config Support Enabled, but no .FlashConfig section provided within application)
 *(SORT_BY_ALIGNMENT(.text*))
 .text.vRestoreContextOfFirstTask
                0x00000410       0x28 ./freertos/freertos-kernel/portable/GCC/ARM_CM0/portasm.o
                0x00000410                vRestoreContextOfFirstTask
 *fill*         0x00000438        0x8 ff
 .text.vStartFirstTask
                0x00000440       0x14 ./freertos/freertos-kernel/portable/GCC/ARM_CM0/portasm.o
                0x00000440                vStartFirstTask
 *fill*         0x00000454        0xc ff
 .text.PendSV_Handler
                0x00000460       0x48 ./freertos/freertos-kernel/portable/GCC/ARM_CM0/portasm.o
                0x00000460                PendSV_Handler
 *fill*         0x000004a8        0x8 ff
 .text.SVC_Handler
                0x000004b0       0x28 ./freertos/freertos-kernel/portable/GCC/ARM_CM0/portasm.o
                0x000004b0                SVC_Handler
 .text.DbgConsole_SendDataReliable
                0x000004d8       0x5c ./utilities/debug_console/fsl_debug_console.o
                0x000004d8                DbgConsole_SendDataReliable
 .text.DbgConsole_Init
                0x00000534      0x1a4 ./utilities/debug_console/fsl_debug_console.o
                0x00000534                DbgConsole_Init
 .text.DbgConsole_Vprintf
                0x000006d8       0x70 ./utilities/debug_console/fsl_debug_console.o
                0x000006d8                DbgConsole_Vprintf
 .text.__assertion_failed
                0x00000748       0x34 ./utilities/fsl_assert.o
                0x00000748                __assertion_failed
 .text.__NVIC_EnableIRQ
                0x0000077c       0x34 ./source/main logic/adc.o
 .text.__NVIC_DisableIRQ
                0x000007b0       0x44 ./source/main logic/adc.o
 .text.__NVIC_ClearPendingIRQ
                0x000007f4       0x38 ./source/main logic/adc.o
 .text.__NVIC_SetPriority
                0x0000082c       0xdc ./source/main logic/adc.o
 .text.ADC_Init
                0x00000908       0x80 ./source/main logic/adc.o
                0x00000908                ADC_Init
 .text.ADC0_IRQHandler
                0x00000988       0x30 ./source/main logic/adc.o
                0x00000988                ADC0_IRQHandler
 .text.ADC_ReadChannel
                0x000009b8       0x50 ./source/main logic/adc.o
                0x000009b8                ADC_ReadChannel
 .text.__NVIC_EnableIRQ
                0x00000a08       0x34 ./source/main logic/buttons.o
 .text.__NVIC_DisableIRQ
                0x00000a3c       0x44 ./source/main logic/buttons.o
 .text.__NVIC_ClearPendingIRQ
                0x00000a80       0x38 ./source/main logic/buttons.o
 .text.__NVIC_SetPriority
                0x00000ab8       0xdc ./source/main logic/buttons.o
 .text.Buttons_Init
                0x00000b94       0xb0 ./source/main logic/buttons.o
                0x00000b94                Buttons_Init
 .text.PORTC_PORTD_IRQHandler
                0x00000c44       0x78 ./source/main logic/buttons.o
                0x00000c44                PORTC_PORTD_IRQHandler
 .text.PORTA_IRQHandler
                0x00000cbc       0x78 ./source/main logic/buttons.o
                0x00000cbc                PORTA_IRQHandler
 .text.LED_Init
                0x00000d34       0x68 ./source/main logic/led.o
                0x00000d34                LED_Init
 .text.LED_On   0x00000d9c       0x4c ./source/main logic/led.o
                0x00000d9c                LED_On
 .text.LED_Off  0x00000de8       0x4c ./source/main logic/led.o
                0x00000de8                LED_Off
 .text.main     0x00000e34      0x108 ./source/main logic/main.o
                0x00000e34                main
 .text.slcd_setBusData
                0x00000f3c       0xd8 ./source/main logic/slcd.o
 .text.slcd_flush
                0x00001014       0x44 ./source/main logic/slcd.o
 .text.SLCD_Init
                0x00001058      0x164 ./source/main logic/slcd.o
                0x00001058                SLCD_Init
 .text.SLCD_Start
                0x000011bc       0x1c ./source/main logic/slcd.o
                0x000011bc                SLCD_Start
 .text.SLCD_Stop
                0x000011d8       0x1c ./source/main logic/slcd.o
                0x000011d8                SLCD_Stop
 .text.SLCD_SetDigit
                0x000011f4      0x10c ./source/main logic/slcd.o
                0x000011f4                SLCD_SetDigit
 .text.SLCD_Clear
                0x00001300       0x20 ./source/main logic/slcd.o
                0x00001300                SLCD_Clear
 .text.SLCD_ShowNumber
                0x00001320      0x15c ./source/main logic/slcd.o
                0x00001320                SLCD_ShowNumber
 .text.SLCD_ShowString
                0x0000147c       0xd0 ./source/main logic/slcd.o
                0x0000147c                SLCD_ShowString
 .text.sensorTask
                0x0000154c       0xd8 ./source/main logic/tasks.o
                0x0000154c                sensorTask
 .text.buttonTask
                0x00001624       0xf4 ./source/main logic/tasks.o
                0x00001624                buttonTask
 .text.alertTask
                0x00001718      0x1e4 ./source/main logic/tasks.o
                0x00001718                alertTask
 .text.printTask
                0x000018fc      0x154 ./source/main logic/tasks.o
                0x000018fc                printTask
 .text.HardFault_Handler
                0x00001a50       0x38 ./source/semihost_hardfault.o
                0x00001a50                HardFault_Handler
 .text.pvPortMalloc
                0x00001a88      0x1f4 ./freertos/freertos-kernel/portable/MemMang/heap_4.o
                0x00001a88                pvPortMalloc
 .text.vPortFree
                0x00001c7c       0xb8 ./freertos/freertos-kernel/portable/MemMang/heap_4.o
                0x00001c7c                vPortFree
 .text.prvHeapInit
                0x00001d34       0xb0 ./freertos/freertos-kernel/portable/MemMang/heap_4.o
 .text.prvInsertBlockIntoFreeList
                0x00001de4       0xe0 ./freertos/freertos-kernel/portable/MemMang/heap_4.o
 .text.vPortSetupTimerInterrupt
                0x00001ec4       0x44 ./freertos/freertos-kernel/portable/GCC/ARM_CM0/port.o
                0x00001ec4                vPortSetupTimerInterrupt
 .text.prvTaskExitError
                0x00001f08       0x30 ./freertos/freertos-kernel/portable/GCC/ARM_CM0/port.o
 .text.vPortYield
                0x00001f38       0x20 ./freertos/freertos-kernel/portable/GCC/ARM_CM0/port.o
                0x00001f38                vPortYield
 .text.vPortEnterCritical
                0x00001f58       0x24 ./freertos/freertos-kernel/portable/GCC/ARM_CM0/port.o
                0x00001f58                vPortEnterCritical
 .text.vPortExitCritical
                0x00001f7c       0x30 ./freertos/freertos-kernel/portable/GCC/ARM_CM0/port.o
                0x00001f7c                vPortExitCritical
 .text.SysTick_Handler
                0x00001fac       0x34 ./freertos/freertos-kernel/portable/GCC/ARM_CM0/port.o
                0x00001fac                SysTick_Handler
 .text.pxPortInitialiseStack
                0x00001fe0      0x11c ./freertos/freertos-kernel/portable/GCC/ARM_CM0/port.o
                0x00001fe0                pxPortInitialiseStack
 .text.xPortStartScheduler
                0x000020fc       0x8c ./freertos/freertos-kernel/portable/GCC/ARM_CM0/port.o
                0x000020fc                xPortStartScheduler
 .text.vQueueAddToRegistry
                0x00002188       0x8c ./freertos/freertos-kernel/queue.o
                0x00002188                vQueueAddToRegistry
 .text.prvInitialiseNewTask
                0x00002214      0x104 ./freertos/freertos-kernel/tasks.o
 .text.prvAddNewTaskToReadyList
                0x00002318      0x120 ./freertos/freertos-kernel/tasks.o
 .text.xTaskDelayUntil
                0x00002438       0xc0 ./freertos/freertos-kernel/tasks.o
                0x00002438                xTaskDelayUntil
 .text.prvCreateIdleTasks
                0x000024f8       0x98 ./freertos/freertos-kernel/tasks.o
 .text.vTaskStartScheduler
                0x00002590       0x68 ./freertos/freertos-kernel/tasks.o
                0x00002590                vTaskStartScheduler
 .text.vTaskSuspendAll
                0x000025f8       0x18 ./freertos/freertos-kernel/tasks.o
                0x000025f8                vTaskSuspendAll
 .text.xTaskResumeAll
                0x00002610      0x1ec ./freertos/freertos-kernel/tasks.o
                0x00002610                xTaskResumeAll
 .text.xTaskGetTickCount
                0x000027fc       0x1c ./freertos/freertos-kernel/tasks.o
                0x000027fc                xTaskGetTickCount
 .text.xTaskGetTickCountFromISR
                0x00002818       0x20 ./freertos/freertos-kernel/tasks.o
                0x00002818                xTaskGetTickCountFromISR
 .text.uxTaskGetNumberOfTasks
                0x00002838       0x14 ./freertos/freertos-kernel/tasks.o
                0x00002838                uxTaskGetNumberOfTasks
 .text.xTaskIncrementTick
                0x0000284c      0x204 ./freertos/freertos-kernel/tasks.o
                0x0000284c                xTaskIncrementTick
 .text.vTaskSwitchContext
                0x00002a50       0xa8 ./freertos/freertos-kernel/tasks.o
                0x00002a50                vTaskSwitchContext
 .text.vTaskPlaceOnEventList
                0x00002af8       0x40 ./freertos/freertos-kernel/tasks.o
                0x00002af8                vTaskPlaceOnEventList
 .text.vTaskPlaceOnEventListRestricted
                0x00002b38       0x80 ./freertos/freertos-kernel/tasks.o
                0x00002b38                vTaskPlaceOnEventListRestricted
 .text.xTaskRemoveFromEventList
                0x00002bb8      0x19c ./freertos/freertos-kernel/tasks.o
                0x00002bb8                xTaskRemoveFromEventList
 .text.vTaskInternalSetTimeOutState
                0x00002d54       0x28 ./freertos/freertos-kernel/tasks.o
                0x00002d54                vTaskInternalSetTimeOutState
 .text.xTaskCheckForTimeOut
                0x00002d7c       0xac ./freertos/freertos-kernel/tasks.o
                0x00002d7c                xTaskCheckForTimeOut
 .text.vTaskMissedYield
                0x00002e28       0x14 ./freertos/freertos-kernel/tasks.o
                0x00002e28                vTaskMissedYield
 .text.prvIdleTask
                0x00002e3c       0x20 ./freertos/freertos-kernel/tasks.o
 .text.prvInitialiseTaskLists
                0x00002e5c       0x88 ./freertos/freertos-kernel/tasks.o
 .text.prvCheckTasksWaitingTermination
                0x00002ee4       0x5c ./freertos/freertos-kernel/tasks.o
 .text.prvResetNextTaskUnblockTime
                0x00002f40       0x34 ./freertos/freertos-kernel/tasks.o
 .text.xTaskGetSchedulerState
                0x00002f74       0x38 ./freertos/freertos-kernel/tasks.o
                0x00002f74                xTaskGetSchedulerState
 .text.xTaskPriorityInherit
                0x00002fac      0x124 ./freertos/freertos-kernel/tasks.o
                0x00002fac                xTaskPriorityInherit
 .text.xTaskPriorityDisinherit
                0x000030d0      0x10c ./freertos/freertos-kernel/tasks.o
                0x000030d0                xTaskPriorityDisinherit
 .text.vTaskPriorityDisinheritAfterTimeout
                0x000031dc      0x134 ./freertos/freertos-kernel/tasks.o
                0x000031dc                vTaskPriorityDisinheritAfterTimeout
 .text.pvTaskIncrementMutexHeldCount
                0x00003310       0x2c ./freertos/freertos-kernel/tasks.o
                0x00003310                pvTaskIncrementMutexHeldCount
 .text.xTaskGenericNotify
                0x0000333c      0x214 ./freertos/freertos-kernel/tasks.o
                0x0000333c                xTaskGenericNotify
 .text.xTaskGenericNotifyFromISR
                0x00003550      0x27c ./freertos/freertos-kernel/tasks.o
                0x00003550                xTaskGenericNotifyFromISR
 .text.prvAddCurrentTaskToDelayedList
                0x000037cc       0xe4 ./freertos/freertos-kernel/tasks.o
 .text.xTimerCreateTimerTask
                0x000038b0       0x54 ./freertos/freertos-kernel/timers.o
                0x000038b0                xTimerCreateTimerTask
 .text.prvProcessExpiredTimer
                0x00003904       0x64 ./freertos/freertos-kernel/timers.o
 .text.prvProcessTimerOrBlockTask
                0x00003968       0x90 ./freertos/freertos-kernel/timers.o
 .text.prvGetNextExpireTime
                0x000039f8       0x44 ./freertos/freertos-kernel/timers.o
 .text.prvSampleTimeNow
                0x00003a3c       0x40 ./freertos/freertos-kernel/timers.o
 .text.prvInsertTimerInActiveList
                0x00003a7c       0x84 ./freertos/freertos-kernel/timers.o
 .text.prvProcessReceivedCommands
                0x00003b00      0x198 ./freertos/freertos-kernel/timers.o
 .text.prvSwitchTimerLists
                0x00003c98       0x50 ./freertos/freertos-kernel/timers.o
 .text.prvCheckForValidListAndQueue
                0x00003ce8       0x74 ./freertos/freertos-kernel/timers.o
 .text.CLOCK_SetEr32kClock
                0x00003d5c       0x34 ./drivers/fsl_clock.o
 .text.CLOCK_GetLircClkFreq
                0x00003d90       0x50 ./drivers/fsl_clock.o
 .text.CLOCK_GetOsc0ErClkFreq
                0x00003de0       0x44 ./drivers/fsl_clock.o
                0x00003de0                CLOCK_GetOsc0ErClkFreq
 .text.CLOCK_GetEr32kClkFreq
                0x00003e24       0x78 ./drivers/fsl_clock.o
                0x00003e24                CLOCK_GetEr32kClkFreq
 .text.CLOCK_GetFreq
                0x00003e9c       0xc0 ./drivers/fsl_clock.o
                0x00003e9c                CLOCK_GetFreq
 .text.CLOCK_SetSimConfig
                0x00003f5c       0x2c ./drivers/fsl_clock.o
                0x00003f5c                CLOCK_SetSimConfig
 .text.CLOCK_GetInternalRefClkFreq
                0x00003f88       0x48 ./drivers/fsl_clock.o
                0x00003f88                CLOCK_GetInternalRefClkFreq
 .text.CLOCK_GetPeriphClkFreq
                0x00003fd0       0x3c ./drivers/fsl_clock.o
                0x00003fd0                CLOCK_GetPeriphClkFreq
 .text.CLOCK_GetOutClkFreq
                0x0000400c       0x7c ./drivers/fsl_clock.o
                0x0000400c                CLOCK_GetOutClkFreq
 .text.CLOCK_SetMcgliteConfig
                0x00004088      0x110 ./drivers/fsl_clock.o
                0x00004088                CLOCK_SetMcgliteConfig
 .text.CLOCK_EnableClock
                0x00004198       0x34 ./drivers/fsl_lpuart.o
 .text.LPUART_GetInstance
                0x000041cc       0x4c ./drivers/fsl_lpuart.o
                0x000041cc                LPUART_GetInstance
 .text.LPUART_Init
                0x00004218      0x338 ./drivers/fsl_lpuart.o
                0x00004218                LPUART_Init
 .text.LPUART_GetDefaultConfig
                0x00004550       0x68 ./drivers/fsl_lpuart.o
                0x00004550                LPUART_GetDefaultConfig
 .text.LPUART_WriteBlocking
                0x000045b8       0x6c ./drivers/fsl_lpuart.o
                0x000045b8                LPUART_WriteBlocking
 .text.LPUART0_DriverIRQHandler
                0x00004624       0x24 ./drivers/fsl_lpuart.o
                0x00004624                LPUART0_DriverIRQHandler
 .text.LPUART1_DriverIRQHandler
                0x00004648       0x24 ./drivers/fsl_lpuart.o
                0x00004648                LPUART1_DriverIRQHandler
 .text.SystemInit
                0x0000466c       0x40 ./device/system_MCXC444.o
                0x0000466c                SystemInit
 .text.HAL_UartGetStatus
                0x000046ac       0x34 ./component/uart/fsl_adapter_lpuart.o
 .text.HAL_UartInitCommon
                0x000046e0       0xa0 ./component/uart/fsl_adapter_lpuart.o
 .text.HAL_UartInit
                0x00004780       0x98 ./component/uart/fsl_adapter_lpuart.o
                0x00004780                HAL_UartInit
 .text.HAL_UartSendBlocking
                0x00004818       0x6c ./component/uart/fsl_adapter_lpuart.o
                0x00004818                HAL_UartSendBlocking
 .text.SerialManager_StartWriting
                0x00004884       0x44 ./component/serial_manager/fsl_component_serial_manager.o
 .text.SerialManager_Init
                0x000048c8       0x70 ./component/serial_manager/fsl_component_serial_manager.o
                0x000048c8                SerialManager_Init
 .text.SerialManager_OpenReadHandle
                0x00004938       0x74 ./component/serial_manager/fsl_component_serial_manager.o
                0x00004938                SerialManager_OpenReadHandle
 .text.CLOCK_SetLpuart0Clock
                0x000049ac       0x38 ./board/board.o
 .text.CLOCK_SetSimSafeDivs
                0x000049e4       0x20 ./board/clock_config.o
 .text.BOARD_BootClockRUN
                0x00004a04       0x34 ./board/clock_config.o
                0x00004a04                BOARD_BootClockRUN
 .text.CLOCK_EnableClock
                0x00004a38       0x34 ./board/pin_mux.o
 .text.PORT_SetPinMux
                0x00004a6c       0x40 ./board/pin_mux.o
 .text.BOARD_InitDEBUG_UARTPins
                0x00004aac       0x4c ./board/pin_mux.o
                0x00004aac                BOARD_InitDEBUG_UARTPins
 .text._initio  0x00004af8       0x7c /Applications/MCUXpressoIDE_25.6.136/ide/plugins/com.nxp.mcuxpresso.tools.macosx_25.6.0.202501151204/tools/bin/../lib/gcc/arm-none-eabi/14.2.1/../../../../arm-none-eabi/lib/thumb/v6-m/nofp/libcr_c.a(initio.o)
                0x00004af8                _initio
 .text.setvbuf  0x00004b74       0x4c /Applications/MCUXpressoIDE_25.6.136/ide/plugins/com.nxp.mcuxpresso.tools.macosx_25.6.0.202501151204/tools/bin/../lib/gcc/arm-none-eabi/14.2.1/../../../../arm-none-eabi/lib/thumb/v6-m/nofp/libcr_c.a(setvbuf.o)
                0x00004b74                setvbuf
 .text.strlen   0x00004bc0       0x5c /Applications/MCUXpressoIDE_25.6.136/ide/plugins/com.nxp.mcuxpresso.tools.macosx_25.6.0.202501151204/tools/bin/../lib/gcc/arm-none-eabi/14.2.1/../../../../arm-none-eabi/lib/thumb/v6-m/nofp/libcr_c.a(strlen.o)
                0x00004bc0                strlen
 .text._deferredlazyseek
                0x00004c1c       0x44 /Applications/MCUXpressoIDE_25.6.136/ide/plugins/com.nxp.mcuxpresso.tools.macosx_25.6.0.202501151204/tools/bin/../lib/gcc/arm-none-eabi/14.2.1/../../../../arm-none-eabi/lib/thumb/v6-m/nofp/libcr_c.a(_deferredlazyseek.o)
                0x00004c1c                _deferredlazyseek
 .text._fdopen  0x00004c60       0x74 /Applications/MCUXpressoIDE_25.6.136/ide/plugins/com.nxp.mcuxpresso.tools.macosx_25.6.0.202501151204/tools/bin/../lib/gcc/arm-none-eabi/14.2.1/../../../../arm-none-eabi/lib/thumb/v6-m/nofp/libcr_c.a(_fdopen.o)
                0x00004c60                _fdopen
 .text._fflush  0x00004cd4       0x5c /Applications/MCUXpressoIDE_25.6.136/ide/plugins/com.nxp.mcuxpresso.tools.macosx_25.6.0.202501151204/tools/bin/../lib/gcc/arm-none-eabi/14.2.1/../../../../arm-none-eabi/lib/thumb/v6-m/nofp/libcr_c.a(_fflush.o)
                0x00004cd4                _fflush
 .text._Cwritebuf
                0x00004d30       0x68 /Applications/MCUXpressoIDE_25.6.136/ide/plugins/com.nxp.mcuxpresso.tools.macosx_25.6.0.202501151204/tools/bin/../lib/gcc/arm-none-eabi/14.2.1/../../../../arm-none-eabi/lib/thumb/v6-m/nofp/libcr_c.a(_writebuf.o)
                0x00004d30                _Cwritebuf
 .text.fclose   0x00004d98       0x5c /Applications/MCUXpressoIDE_25.6.136/ide/plugins/com.nxp.mcuxpresso.tools.macosx_25.6.0.202501151204/tools/bin/../lib/gcc/arm-none-eabi/14.2.1/../../../../arm-none-eabi/lib/thumb/v6-m/nofp/libcr_c.a(fclose.o)
                0x00004d98                fclose
 .text.fflush   0x00004df4       0x40 /Applications/MCUXpressoIDE_25.6.136/ide/plugins/com.nxp.mcuxpresso.tools.macosx_25.6.0.202501151204/tools/bin/../lib/gcc/arm-none-eabi/14.2.1/../../../../arm-none-eabi/lib/thumb/v6-m/nofp/libcr_c.a(fflush.o)
                0x00004df4                fflush
 .text.fseek    0x00004e34       0xec /Applications/MCUXpressoIDE_25.6.136/ide/plugins/com.nxp.mcuxpresso.tools.macosx_25.6.0.202501151204/tools/bin/../lib/gcc/arm-none-eabi/14.2.1/../../../../arm-none-eabi/lib/thumb/v6-m/nofp/libcr_c.a(fseek.o)
                0x00004e34                fseek
 .text.ftell    0x00004f20       0x4c /Applications/MCUXpressoIDE_25.6.136/ide/plugins/com.nxp.mcuxpresso.tools.macosx_25.6.0.202501151204/tools/bin/../lib/gcc/arm-none-eabi/14.2.1/../../../../arm-none-eabi/lib/thumb/v6-m/nofp/libcr_c.a(ftell.o)
                0x00004f20                ftell
 .text._do_fflush
                0x00004f6c       0x48 /Applications/MCUXpressoIDE_25.6.136/ide/plugins/com.nxp.mcuxpresso.tools.macosx_25.6.0.202501151204/tools/bin/../lib/gcc/arm-none-eabi/14.2.1/../../../../arm-none-eabi/lib/thumb/v6-m/nofp/libcr_c.a(_do_fflush.o)
                0x00004f6c                _do_fflush
 .text.PrintGetWidth
                0x00004fb4       0x7c ./utilities/str/fsl_str.o
 .text.PrintGetPrecision
                0x00005030       0xa0 ./utilities/str/fsl_str.o
 .text.PrintIsobpu
                0x000050d0       0x3e ./utilities/str/fsl_str.o
 .text.PrintIsdi
                0x0000510e       0x2e ./utilities/str/fsl_str.o
 .text.PrintOutputdifFobpu
                0x0000513c       0x48 ./utilities/str/fsl_str.o
 .text.PrintOutputxX
                0x00005184       0x48 ./utilities/str/fsl_str.o
 .text.PrintIsfF
                0x000051cc       0x2e ./utilities/str/fsl_str.o
 .text.PrintIsxX
                0x000051fa       0x2e ./utilities/str/fsl_str.o
 .text.PrintFilterLengthFlag
                0x00005228       0x44 ./utilities/str/fsl_str.o
 .text.PrintGetRadixFromobpu
                0x0000526c       0x58 ./utilities/str/fsl_str.o
 .text.ConvertRadixNumToString
                0x000052c4       0xc0 ./utilities/str/fsl_str.o
 .text.StrFormatExaminedi
                0x00005384       0x22 ./utilities/str/fsl_str.o
 .text.StrFormatExaminexX
                0x000053a6       0x22 ./utilities/str/fsl_str.o
 .text.StrFormatExamineobpu
                0x000053c8       0x22 ./utilities/str/fsl_str.o
 .text.ConvertPrecisionWidthToLength
                0x000053ea       0x22 ./utilities/str/fsl_str.o
 .text.StrFormatPrintf
                0x0000540c      0x2d6 ./utilities/str/fsl_str.o
                0x0000540c                StrFormatPrintf
 .text.DbgConsole_PrintCallback
                0x000056e2       0x6c ./utilities/debug_console/fsl_debug_console.o
 .text.DbgConsole_Printf
                0x0000574e       0x32 ./utilities/debug_console/fsl_debug_console.o
                0x0000574e                DbgConsole_Printf
 .text.__sys_write
                0x00005780       0x40 ./utilities/debug_console/fsl_debug_console.o
                0x00005780                __sys_write
 .text.fsl_assert_hook
                0x000057c0       0x16 ./utilities/fsl_assert.o
                0x000057c0                fsl_assert_hook
 .text.ADC_ReadMicWindow
                0x000057d6       0xaa ./source/main logic/adc.o
                0x000057d6                ADC_ReadMicWindow
 .text.LED_OffAll
                0x00005880       0x1c ./source/main logic/led.o
                0x00005880                LED_OffAll
 .text.LED_SetRGB
                0x0000589c       0x68 ./source/main logic/led.o
                0x0000589c                LED_SetRGB
 .text.LPUART_WriteByte
                0x00005904       0x1e ./source/main logic/tasks.o
 .text.vPortSVCHandler_C
                0x00005922       0x38 ./freertos/freertos-kernel/portable/GCC/ARM_CM0/port.o
                0x00005922                vPortSVCHandler_C
 .text.ulSetInterruptMask
                0x0000595a        0xc ./freertos/freertos-kernel/portable/GCC/ARM_CM0/portasm.o
                0x0000595a                ulSetInterruptMask
 .text.vClearInterruptMask
                0x00005966        0x8 ./freertos/freertos-kernel/portable/GCC/ARM_CM0/portasm.o
                0x00005966                vClearInterruptMask
 .text.vListInitialise
                0x0000596e       0x3c ./freertos/freertos-kernel/list.o
                0x0000596e                vListInitialise
 .text.vListInitialiseItem
                0x000059aa       0x16 ./freertos/freertos-kernel/list.o
                0x000059aa                vListInitialiseItem
 .text.vListInsert
                0x000059c0       0x6c ./freertos/freertos-kernel/list.o
                0x000059c0                vListInsert
 .text.uxListRemove
                0x00005a2c       0x50 ./freertos/freertos-kernel/list.o
                0x00005a2c                uxListRemove
 .text.xQueueGenericReset
                0x00005a7c      0x116 ./freertos/freertos-kernel/queue.o
                0x00005a7c                xQueueGenericReset
 .text.xQueueGenericCreate
                0x00005b92       0xbe ./freertos/freertos-kernel/queue.o
                0x00005b92                xQueueGenericCreate
 .text.prvInitialiseNewQueue
                0x00005c50       0x4e ./freertos/freertos-kernel/queue.o
 .text.prvInitialiseMutex
                0x00005c9e       0x34 ./freertos/freertos-kernel/queue.o
 .text.xQueueCreateMutex
                0x00005cd2       0x38 ./freertos/freertos-kernel/queue.o
                0x00005cd2                xQueueCreateMutex
 .text.xQueueGenericSend
                0x00005d0a      0x190 ./freertos/freertos-kernel/queue.o
                0x00005d0a                xQueueGenericSend
 .text.xQueueGiveFromISR
                0x00005e9a       0xf6 ./freertos/freertos-kernel/queue.o
                0x00005e9a                xQueueGiveFromISR
 .text.xQueueReceive
                0x00005f90      0x170 ./freertos/freertos-kernel/queue.o
                0x00005f90                xQueueReceive
 .text.xQueueSemaphoreTake
                0x00006100      0x1b0 ./freertos/freertos-kernel/queue.o
                0x00006100                xQueueSemaphoreTake
 .text.prvGetDisinheritPriorityAfterTimeout
                0x000062b0       0x2c ./freertos/freertos-kernel/queue.o
 .text.prvCopyDataToQueue
                0x000062dc       0xd6 ./freertos/freertos-kernel/queue.o
 .text.prvCopyDataFromQueue
                0x000063b2       0x4c ./freertos/freertos-kernel/queue.o
 .text.prvUnlockQueue
                0x000063fe       0xbc ./freertos/freertos-kernel/queue.o
 .text.prvIsQueueEmpty
                0x000064ba       0x2c ./freertos/freertos-kernel/queue.o
 .text.prvIsQueueFull
                0x000064e6       0x30 ./freertos/freertos-kernel/queue.o
 .text.vQueueWaitForMessageRestricted
                0x00006516       0x66 ./freertos/freertos-kernel/queue.o
                0x00006516                vQueueWaitForMessageRestricted
 .text.prvCreateTask
                0x0000657c       0x82 ./freertos/freertos-kernel/tasks.o
 .text.xTaskCreate
                0x000065fe       0x4c ./freertos/freertos-kernel/tasks.o
                0x000065fe                xTaskCreate
 .text.prvDeleteTCB
                0x0000664a       0x22 ./freertos/freertos-kernel/tasks.o
 .text.prvReloadTimer
                0x0000666c       0x42 ./freertos/freertos-kernel/timers.o
 .text.prvTimerTask
                0x000066ae       0x2a ./freertos/freertos-kernel/timers.o
 .text.SystemInitHook
                0x000066d8        0xa ./device/system_MCXC444.o
                0x000066d8                SystemInitHook
 .text.DisableGlobalIRQ
                0x000066e2       0x1e ./component/serial_manager/fsl_component_serial_manager.o
 .text.EnableGlobalIRQ
                0x00006700       0x1c ./component/serial_manager/fsl_component_serial_manager.o
 .text.SerialManager_Write
                0x0000671c       0x44 ./component/serial_manager/fsl_component_serial_manager.o
 .text.SerialManager_OpenWriteHandle
                0x00006760       0x56 ./component/serial_manager/fsl_component_serial_manager.o
                0x00006760                SerialManager_OpenWriteHandle
 .text.SerialManager_WriteBlocking
                0x000067b6       0x22 ./component/serial_manager/fsl_component_serial_manager.o
                0x000067b6                SerialManager_WriteBlocking
 .text.Serial_UartInit
                0x000067d8       0x4e ./component/serial_manager/fsl_component_serial_port_uart.o
                0x000067d8                Serial_UartInit
 .text.Serial_UartWrite
                0x00006826       0x38 ./component/serial_manager/fsl_component_serial_port_uart.o
                0x00006826                Serial_UartWrite
 .text.BOARD_InitDebugConsole
                0x0000685e       0x2c ./board/board.o
                0x0000685e                BOARD_InitDebugConsole
 .text.BOARD_InitBootClocks
                0x0000688a        0xe ./board/clock_config.o
                0x0000688a                BOARD_InitBootClocks
 .text.BOARD_InitPeripherals
                0x00006898        0xa ./board/peripherals.o
                0x00006898                BOARD_InitPeripherals
 .text.BOARD_InitBootPeripherals
                0x000068a2        0xe ./board/peripherals.o
                0x000068a2                BOARD_InitBootPeripherals
 .text.BOARD_InitBootPins
                0x000068b0        0xe ./board/pin_mux.o
                0x000068b0                BOARD_InitBootPins
 .text.__main   0x000068be        0xc /Applications/MCUXpressoIDE_25.6.136/ide/plugins/com.nxp.mcuxpresso.tools.macosx_25.6.0.202501151204/tools/bin/../lib/gcc/arm-none-eabi/14.2.1/../../../../arm-none-eabi/lib/thumb/v6-m/nofp/libcr_nohost_nf.a(_cr__main.o)
                0x000068be                __main
 .text.memcpy   0x000068ca        0x8 /Applications/MCUXpressoIDE_25.6.136/ide/plugins/com.nxp.mcuxpresso.tools.macosx_25.6.0.202501151204/tools/bin/../lib/gcc/arm-none-eabi/14.2.1/../../../../arm-none-eabi/lib/thumb/v6-m/nofp/libcr_c.a(memcpy.o)
                0x000068ca                memcpy
 .text.memset   0x000068d2        0x8 /Applications/MCUXpressoIDE_25.6.136/ide/plugins/com.nxp.mcuxpresso.tools.macosx_25.6.0.202501151204/tools/bin/../lib/gcc/arm-none-eabi/14.2.1/../../../../arm-none-eabi/lib/thumb/v6-m/nofp/libcr_c.a(memset.o)
                0x000068d2                memset
 .text.free     0x000068da       0x2c /Applications/MCUXpressoIDE_25.6.136/ide/plugins/com.nxp.mcuxpresso.tools.macosx_25.6.0.202501151204/tools/bin/../lib/gcc/arm-none-eabi/14.2.1/../../../../arm-none-eabi/lib/thumb/v6-m/nofp/libcr_c.a(alloc.o)
                0x000068da                free
 .text.remove   0x00006906       0x12 /Applications/MCUXpressoIDE_25.6.136/ide/plugins/com.nxp.mcuxpresso.tools.macosx_25.6.0.202501151204/tools/bin/../lib/gcc/arm-none-eabi/14.2.1/../../../../arm-none-eabi/lib/thumb/v6-m/nofp/libcr_c.a(remove.o)
                0x00006906                remove
 .text.__aeabi_division_idivmod
                0x00006918       0x78 /Applications/MCUXpressoIDE_25.6.136/ide/plugins/com.nxp.mcuxpresso.tools.macosx_25.6.0.202501151204/tools/bin/../lib/gcc/arm-none-eabi/14.2.1/thumb/v6-m/nofp/libcr_eabihelpers.a(division_32.o)
                0x00006918                __aeabi_idiv
                0x00006918                __aeabi_idivmod
                0x0000691e                __aeabi_uidiv
                0x0000691e                __aeabi_uidivmod
 .text.__aeabi_division_uldivmod
                0x00006990       0x5a /Applications/MCUXpressoIDE_25.6.136/ide/plugins/com.nxp.mcuxpresso.tools.macosx_25.6.0.202501151204/tools/bin/../lib/gcc/arm-none-eabi/14.2.1/thumb/v6-m/nofp/libcr_eabihelpers.a(division_64.o)
                0x00006990                __aeabi_uldivmod
 .text.__aeabi_division_idiv0
                0x000069ea        0x2 /Applications/MCUXpressoIDE_25.6.136/ide/plugins/com.nxp.mcuxpresso.tools.macosx_25.6.0.202501151204/tools/bin/../lib/gcc/arm-none-eabi/14.2.1/thumb/v6-m/nofp/libcr_eabihelpers.a(division_idiv0.o)
                0x000069ea                __aeabi_idiv0
 .text.__aeabi_f2uiz
                0x000069ec       0x28 /Applications/MCUXpressoIDE_25.6.136/ide/plugins/com.nxp.mcuxpresso.tools.macosx_25.6.0.202501151204/tools/bin/../lib/gcc/arm-none-eabi/14.2.1/thumb/v6-m/nofp/libcr_eabihelpers.a(float.o)
                0x000069ec                __aeabi_f2uiz
 .text.__aeabi_llong_lmul
                0x00006a14       0x2e /Applications/MCUXpressoIDE_25.6.136/ide/plugins/com.nxp.mcuxpresso.tools.macosx_25.6.0.202501151204/tools/bin/../lib/gcc/arm-none-eabi/14.2.1/thumb/v6-m/nofp/libcr_eabihelpers.a(llong.o)
                0x00006a14                __aeabi_lmul
 .text.__aeabi_memcpy
                0x00006a42       0x2c /Applications/MCUXpressoIDE_25.6.136/ide/plugins/com.nxp.mcuxpresso.tools.macosx_25.6.0.202501151204/tools/bin/../lib/gcc/arm-none-eabi/14.2.1/thumb/v6-m/nofp/libcr_eabihelpers.a(memcpy.o)
                0x00006a42                __aeabi_memcpy
                0x00006a42                __aeabi_memcpy4
                0x00006a42                __aeabi_memcpy8
 .text.__aeabi_memset_lowlevel
                0x00006a6e       0x2a /Applications/MCUXpressoIDE_25.6.136/ide/plugins/com.nxp.mcuxpresso.tools.macosx_25.6.0.202501151204/tools/bin/../lib/gcc/arm-none-eabi/14.2.1/thumb/v6-m/nofp/libcr_eabihelpers.a(memcpy.o)
                0x00006a6e                __aeabi_lowlevel_memset
 .text.__sys_close
                0x00006a98        0x6 /Applications/MCUXpressoIDE_25.6.136/ide/plugins/com.nxp.mcuxpresso.tools.macosx_25.6.0.202501151204/tools/bin/../lib/gcc/arm-none-eabi/14.2.1/../../../../arm-none-eabi/lib/thumb/v6-m/nofp/libcr_nohost_nf.a(__sys_close.o)
                0x00006a98                __sys_close
 .text.__sys_flen
                0x00006a9e        0x6 /Applications/MCUXpressoIDE_25.6.136/ide/plugins/com.nxp.mcuxpresso.tools.macosx_25.6.0.202501151204/tools/bin/../lib/gcc/arm-none-eabi/14.2.1/../../../../arm-none-eabi/lib/thumb/v6-m/nofp/libcr_nohost_nf.a(__sys_flen.o)
                0x00006a9e                __sys_flen
 .text.__sys_istty
                0x00006aa4        0x6 /Applications/MCUXpressoIDE_25.6.136/ide/plugins/com.nxp.mcuxpresso.tools.macosx_25.6.0.202501151204/tools/bin/../lib/gcc/arm-none-eabi/14.2.1/../../../../arm-none-eabi/lib/thumb/v6-m/nofp/libcr_nohost_nf.a(__sys_istty.o)
                0x00006aa4                __sys_istty
 .text.__sys_remove
                0x00006aaa        0x6 /Applications/MCUXpressoIDE_25.6.136/ide/plugins/com.nxp.mcuxpresso.tools.macosx_25.6.0.202501151204/tools/bin/../lib/gcc/arm-none-eabi/14.2.1/../../../../arm-none-eabi/lib/thumb/v6-m/nofp/libcr_nohost_nf.a(__sys_remove.o)
                0x00006aaa                __sys_remove
 .text.__sys_seek
                0x00006ab0        0x6 /Applications/MCUXpressoIDE_25.6.136/ide/plugins/com.nxp.mcuxpresso.tools.macosx_25.6.0.202501151204/tools/bin/../lib/gcc/arm-none-eabi/14.2.1/../../../../arm-none-eabi/lib/thumb/v6-m/nofp/libcr_nohost_nf.a(__sys_seek.o)
                0x00006ab0                __sys_seek
 .text.__sys_tmpnam
                0x00006ab6        0x6 /Applications/MCUXpressoIDE_25.6.136/ide/plugins/com.nxp.mcuxpresso.tools.macosx_25.6.0.202501151204/tools/bin/../lib/gcc/arm-none-eabi/14.2.1/../../../../arm-none-eabi/lib/thumb/v6-m/nofp/libcr_nohost_nf.a(__sys_tmpnam.o)
                0x00006ab6                __sys_tmpnam
 *freertos*/tasks.o(SORT_BY_ALIGNMENT(.rodata*))
 .rodata.uxTopUsedPriority
                0x00006abc        0x4 ./freertos/freertos-kernel/tasks.o
 .rodata.prvCreateIdleTasks.str1.4
                0x00006ac0        0x5 ./freertos/freertos-kernel/tasks.o
 .rodata.xTaskGenericNotify
                0x00006ac0       0x14 ./freertos/freertos-kernel/tasks.o
 .rodata.xTaskGenericNotifyFromISR
                0x00006ad4       0x14 ./freertos/freertos-kernel/tasks.o
 *(SORT_BY_ALIGNMENT(.rodata) SORT_BY_ALIGNMENT(.rodata.*) SORT_BY_ALIGNMENT(.constdata) SORT_BY_ALIGNMENT(.constdata.*))
 .rodata.__assertion_failed.str1.4
                0x00006ae8      0x50f ./utilities/fsl_assert.o
                                 0x14 (size before relaxing)
 .rodata.main.str1.4
                0x00006ff7       0x46 ./source/main logic/main.o
 *fill*         0x00006ff7        0x1 ff
 .rodata.k_dataPins
                0x00006ff8        0x8 ./source/main logic/slcd.o
 .rodata.k_segTable
                0x00007000       0x34 ./source/main logic/slcd.o
 .rodata.buttonTask.str1.4
                0x00007034       0x63 ./source/main logic/tasks.o
 .rodata.alertTask.str1.4
                0x00007034        0x5 ./source/main logic/tasks.o
 .rodata.printTask.str1.4
                0x00007034      0x145 ./source/main logic/tasks.o
 .rodata.xTimerCreateTimerTask.str1.4
                0x00007034        0x8 ./freertos/freertos-kernel/timers.o
 .rodata.prvProcessReceivedCommands
                0x00007034       0x28 ./freertos/freertos-kernel/timers.o
 .rodata.prvCheckForValidListAndQueue.str1.4
                0x0000705c        0x5 ./freertos/freertos-kernel/timers.o
 .rodata.CLOCK_GetOsc0ErClkFreq.str1.4
                0x0000705c       0x1e ./drivers/fsl_clock.o
 .rodata.CLOCK_GetEr32kClkFreq.str1.4
                0x0000705c       0x1f ./drivers/fsl_clock.o
 .rodata.CLOCK_GetFreq
                0x0000705c       0x50 ./drivers/fsl_clock.o
 .rodata.CLOCK_GetOutClkFreq.str1.4
                0x000070ac       0x1e ./drivers/fsl_clock.o
 .rodata.CLOCK_SetMcgliteConfig.str1.4
                0x000070ac       0x1f ./drivers/fsl_clock.o
 .rodata.lircFreqs.0
                0x000070ac        0x8 ./drivers/fsl_clock.o
 .rodata.s_lpuartBases
                0x000070b4        0x8 ./drivers/fsl_lpuart.o
 .rodata.s_lpuartClock
                0x000070bc        0x8 ./drivers/fsl_lpuart.o
 .rodata.LPUART_GetInstance.str1.4
                0x000070c4       0x38 ./drivers/fsl_lpuart.o
 .rodata.LPUART_Init.str1.4
                0x000070c4       0x51 ./drivers/fsl_lpuart.o
 .rodata.LPUART_GetDefaultConfig.str1.4
                0x000070c4       0x22 ./drivers/fsl_lpuart.o
 .rodata.LPUART_WriteBlocking.str1.4
                0x000070c4       0x21 ./drivers/fsl_lpuart.o
 .rodata.s_LpuartAdapterBase
                0x000070c4        0x8 ./component/uart/fsl_adapter_lpuart.o
 .rodata.HAL_UartInit.str1.4
                0x000070cc      0x116 ./component/uart/fsl_adapter_lpuart.o
 .rodata.HAL_UartSendBlocking.str1.4
                0x000070cc       0x7b ./component/uart/fsl_adapter_lpuart.o
 .rodata.mcgliteConfig_BOARD_BootClockRUN
                0x000070cc        0x6 ./board/clock_config.o
                0x000070cc                mcgliteConfig_BOARD_BootClockRUN
 *fill*         0x000070d2        0x2 ff
 .rodata.simConfig_BOARD_BootClockRUN
                0x000070d4        0x8 ./board/clock_config.o
                0x000070d4                simConfig_BOARD_BootClockRUN
 .rodata.__num_Ciob_streams
                0x000070dc        0x4 /Applications/MCUXpressoIDE_25.6.136/ide/plugins/com.nxp.mcuxpresso.tools.macosx_25.6.0.202501151204/tools/bin/../lib/gcc/arm-none-eabi/14.2.1/../../../../arm-none-eabi/lib/thumb/v6-m/nofp/libcr_nohost_nf.a(__ciob.o)
                0x000070dc                __num_Ciob_streams
 .rodata._initio.str1.1
                0x000070e0        0x4 /Applications/MCUXpressoIDE_25.6.136/ide/plugins/com.nxp.mcuxpresso.tools.macosx_25.6.0.202501151204/tools/bin/../lib/gcc/arm-none-eabi/14.2.1/../../../../arm-none-eabi/lib/thumb/v6-m/nofp/libcr_c.a(initio.o)
                0x000070e4                        . = ALIGN (0x4)

.glue_7         0x000070e4        0x0
 .glue_7        0x000070e4        0x0 linker stubs

.glue_7t        0x000070e4        0x0
 .glue_7t       0x000070e4        0x0 linker stubs

.vfp11_veneer   0x000070e4        0x0
 .vfp11_veneer  0x000070e4        0x0 linker stubs

.v4_bx          0x000070e4        0x0
 .v4_bx         0x000070e4        0x0 linker stubs

.iplt           0x000070e4        0x0
 .iplt          0x000070e4        0x0 ./utilities/str/fsl_str.o

.rel.dyn        0x000070e4        0x0
 .rel.iplt      0x000070e4        0x0 ./utilities/str/fsl_str.o

.ARM.extab
 *(SORT_BY_ALIGNMENT(.ARM.extab*) SORT_BY_ALIGNMENT(.gnu.linkonce.armextab.*))

.ARM.exidx      0x000070e4        0x0
                0x000070e4                        __exidx_start = .
 *(SORT_BY_ALIGNMENT(.ARM.exidx*) SORT_BY_ALIGNMENT(.gnu.linkonce.armexidx.*))
                0x000070e4                        __exidx_end = .
                0x000070e4                        _etext = .

.mtb_buffer_default
                0x1fffe000       0x80
 *(SORT_BY_ALIGNMENT(.mtb*))
 .mtb.$RAM1     0x1fffe000       0x80 ./source/mtb.o
                0x1fffe000                __mtb_buffer__

.uninit_RESERVED
                0x1fffe080        0x0
                0x1fffe080                        _start_uninit_RESERVED = .
 *(SORT_BY_ALIGNMENT(.bss.$RESERVED*))
                0x1fffe080                        . = ALIGN (0x4)
                0x1fffe080                        _end_uninit_RESERVED = .

.data           0x1fffe080        0x8 load address 0x000070e4
 FILL mask 0xff
                0x1fffe080                        _data = .
                [!provide]                        PROVIDE (__start_data_RAM = .)
                [!provide]                        PROVIDE (__start_data_SRAM = .)
 *(SORT_BY_ALIGNMENT(vtable))
 *(SORT_BY_ALIGNMENT(.ramfunc*))
 *(SORT_BY_ALIGNMENT(CodeQuickAccess))
 *(SORT_BY_ALIGNMENT(DataQuickAccess))
 *(SORT_BY_ALIGNMENT(RamFunction))
 *(SORT_BY_ALIGNMENT(.data*))
 .data.ulCriticalNesting
                0x1fffe080        0x4 ./freertos/freertos-kernel/portable/GCC/ARM_CM0/port.o
 .data.SystemCoreClock
                0x1fffe084        0x4 ./device/system_MCXC444.o
                0x1fffe084                SystemCoreClock
                0x1fffe088                        . = ALIGN (0x4)
                0x1fffe088                        _edata = .
                [!provide]                        PROVIDE (__end_data_RAM = .)
                [!provide]                        PROVIDE (__end_data_SRAM = .)

.igot.plt       0x1fffe088        0x0 load address 0x000070ec
 .igot.plt      0x1fffe088        0x0 ./utilities/str/fsl_str.o

.bss            0x1fffe088     0x2ac8
                0x1fffe088                        _bss = .
                [!provide]                        PROVIDE (__start_bss_RAM = .)
                [!provide]                        PROVIDE (__start_bss_SRAM = .)
 *(SORT_BY_ALIGNMENT(.bss*))
 .bss.s_debugConsoleState
                0x1fffe088       0x20 ./utilities/debug_console/fsl_debug_console.o
 .bss.g_serialHandle
                0x1fffe0a8        0x4 ./utilities/debug_console/fsl_debug_console.o
                0x1fffe0a8                g_serialHandle
 .bss.s_lastSw2Tick
                0x1fffe0ac        0x4 ./source/main logic/buttons.o
 .bss.s_lastSw3Tick
                0x1fffe0b0        0x4 ./source/main logic/buttons.o
 .bss.g_sensorQueue
                0x1fffe0b4        0x4 ./source/main logic/main.o
                0x1fffe0b4                g_sensorQueue
 .bss.g_buttonSema
                0x1fffe0b8        0x4 ./source/main logic/main.o
                0x1fffe0b8                g_buttonSema
 .bss.g_statusMutex
                0x1fffe0bc        0x4 ./source/main logic/main.o
                0x1fffe0bc                g_statusMutex
 .bss.g_latestPacket
                0x1fffe0c0       0x18 ./source/main logic/main.o
                0x1fffe0c0                g_latestPacket
 .bss.s_digitCodes
                0x1fffe0d8        0x4 ./source/main logic/slcd.o
 .bss.ucHeap    0x1fffe0dc     0x2800 ./freertos/freertos-kernel/portable/MemMang/heap_4.o
 .bss.xStart    0x200008dc        0x8 ./freertos/freertos-kernel/portable/MemMang/heap_4.o
 .bss.pxEnd     0x200008e4        0x4 ./freertos/freertos-kernel/portable/MemMang/heap_4.o
 .bss.xFreeBytesRemaining
                0x200008e8        0x4 ./freertos/freertos-kernel/portable/MemMang/heap_4.o
 .bss.xMinimumEverFreeBytesRemaining
                0x200008ec        0x4 ./freertos/freertos-kernel/portable/MemMang/heap_4.o
 .bss.xNumberOfSuccessfulAllocations
                0x200008f0        0x4 ./freertos/freertos-kernel/portable/MemMang/heap_4.o
 .bss.xNumberOfSuccessfulFrees
                0x200008f4        0x4 ./freertos/freertos-kernel/portable/MemMang/heap_4.o
 .bss.xQueueRegistry
                0x200008f8       0x40 ./freertos/freertos-kernel/queue.o
                0x200008f8                xQueueRegistry
 .bss.pxCurrentTCB
                0x20000938        0x4 ./freertos/freertos-kernel/tasks.o
                0x20000938                pxCurrentTCB
 .bss.pxReadyTasksLists
                0x2000093c       0x64 ./freertos/freertos-kernel/tasks.o
 .bss.xDelayedTaskList1
                0x200009a0       0x14 ./freertos/freertos-kernel/tasks.o
 .bss.xDelayedTaskList2
                0x200009b4       0x14 ./freertos/freertos-kernel/tasks.o
 .bss.pxDelayedTaskList
                0x200009c8        0x4 ./freertos/freertos-kernel/tasks.o
 .bss.pxOverflowDelayedTaskList
                0x200009cc        0x4 ./freertos/freertos-kernel/tasks.o
 .bss.xPendingReadyList
                0x200009d0       0x14 ./freertos/freertos-kernel/tasks.o
 .bss.xTasksWaitingTermination
                0x200009e4       0x14 ./freertos/freertos-kernel/tasks.o
 .bss.uxDeletedTasksWaitingCleanUp
                0x200009f8        0x4 ./freertos/freertos-kernel/tasks.o
 .bss.xSuspendedTaskList
                0x200009fc       0x14 ./freertos/freertos-kernel/tasks.o
 .bss.uxCurrentNumberOfTasks
                0x20000a10        0x4 ./freertos/freertos-kernel/tasks.o
 .bss.xTickCount
                0x20000a14        0x4 ./freertos/freertos-kernel/tasks.o
 .bss.uxTopReadyPriority
                0x20000a18        0x4 ./freertos/freertos-kernel/tasks.o
 .bss.xSchedulerRunning
                0x20000a1c        0x4 ./freertos/freertos-kernel/tasks.o
 .bss.xPendedTicks
                0x20000a20        0x4 ./freertos/freertos-kernel/tasks.o
 .bss.xYieldPendings
                0x20000a24        0x4 ./freertos/freertos-kernel/tasks.o
 .bss.xNumOfOverflows
                0x20000a28        0x4 ./freertos/freertos-kernel/tasks.o
 .bss.uxTaskNumber
                0x20000a2c        0x4 ./freertos/freertos-kernel/tasks.o
 .bss.xNextTaskUnblockTime
                0x20000a30        0x4 ./freertos/freertos-kernel/tasks.o
 .bss.xIdleTaskHandles
                0x20000a34        0x4 ./freertos/freertos-kernel/tasks.o
 .bss.uxSchedulerSuspended
                0x20000a38        0x4 ./freertos/freertos-kernel/tasks.o
 .bss.xActiveTimerList1
                0x20000a3c       0x14 ./freertos/freertos-kernel/timers.o
 .bss.xActiveTimerList2
                0x20000a50       0x14 ./freertos/freertos-kernel/timers.o
 .bss.pxCurrentTimerList
                0x20000a64        0x4 ./freertos/freertos-kernel/timers.o
 .bss.pxOverflowTimerList
                0x20000a68        0x4 ./freertos/freertos-kernel/timers.o
 .bss.xTimerQueue
                0x20000a6c        0x4 ./freertos/freertos-kernel/timers.o
 .bss.xTimerTaskHandle
                0x20000a70        0x4 ./freertos/freertos-kernel/timers.o
 .bss.xLastTime.0
                0x20000a74        0x4 ./freertos/freertos-kernel/timers.o
 .bss.g_xtal0Freq
                0x20000a78        0x4 ./drivers/fsl_clock.o
                0x20000a78                g_xtal0Freq
 .bss.g_xtal32Freq
                0x20000a7c        0x4 ./drivers/fsl_clock.o
                0x20000a7c                g_xtal32Freq
 .bss.s_lpuartHandle
                0x20000a80        0x8 ./drivers/fsl_lpuart.o
                0x20000a80                s_lpuartHandle
 .bss.s_lpuartIsr
                0x20000a88        0x8 ./drivers/fsl_lpuart.o
                0x20000a88                s_lpuartIsr
 .bss.errno     0x20000a90        0x4 /Applications/MCUXpressoIDE_25.6.136/ide/plugins/com.nxp.mcuxpresso.tools.macosx_25.6.0.202501151204/tools/bin/../lib/gcc/arm-none-eabi/14.2.1/../../../../arm-none-eabi/lib/thumb/v6-m/nofp/libcr_c.a(errno.o)
                0x20000a90                errno
 .bss.__Ciob    0x20000a94       0xb4 /Applications/MCUXpressoIDE_25.6.136/ide/plugins/com.nxp.mcuxpresso.tools.macosx_25.6.0.202501151204/tools/bin/../lib/gcc/arm-none-eabi/14.2.1/../../../../arm-none-eabi/lib/thumb/v6-m/nofp/libcr_nohost_nf.a(__ciob.o)
                0x20000a94                __Ciob
 .bss.s_adcValue
                0x20000b48        0x2 ./source/main logic/adc.o
 .bss.s_debugConsoleReadWaitSemaphore
                0x20000b4a        0x1 ./utilities/debug_console/fsl_debug_console.o
 .bss.s_adcDone
                0x20000b4b        0x1 ./source/main logic/adc.o
 .bss.g_sw2StartPending
                0x20000b4c        0x1 ./source/main logic/buttons.o
                0x20000b4c                g_sw2StartPending
 .bss.g_sw3AckPending
                0x20000b4d        0x1 ./source/main logic/buttons.o
                0x20000b4d                g_sw3AckPending
 .bss.g_systemStarted
                0x20000b4e        0x1 ./source/main logic/main.o
                0x20000b4e                g_systemStarted
 .bss.g_alertLatched
                0x20000b4f        0x1 ./source/main logic/main.o
                0x20000b4f                g_alertLatched
 *(SORT_BY_ALIGNMENT(COMMON))
                0x20000b50                        . = ALIGN (0x4)
                0x20000b50                        _ebss = .
                [!provide]                        PROVIDE (__end_bss_RAM = .)
                [!provide]                        PROVIDE (__end_bss_SRAM = .)
                [!provide]                        PROVIDE (end = .)

.noinit         0x20000b50        0x0
                0x20000b50                        _noinit = .
                [!provide]                        PROVIDE (__start_noinit_RAM = .)
                [!provide]                        PROVIDE (__start_noinit_SRAM = .)
 *(SORT_BY_ALIGNMENT(.noinit*))
                0x20000b50                        . = ALIGN (0x4)
                0x20000b50                        _end_noinit = .
                [!provide]                        PROVIDE (__end_noinit_RAM = .)
                [!provide]                        PROVIDE (__end_noinit_SRAM = .)
                0x00000800                        _HeapSize = 0x800

.heap           0x20000b50      0x800
                0x20000b50                        _pvHeapStart = .
                0x20001350                        . = (. + _HeapSize)
 *fill*         0x20000b50      0x800 
                0x20001350                        . = ALIGN (0x4)
                0x20001350                        _pvHeapLimit = .
                0x00000800                        _StackSize = 0x800

.heap2stackfill
                0x20001350      0x800
                0x20001b50                        . = (. + _StackSize)
 *fill*         0x20001350      0x800 

.stack          0x20005800        0x0
                0x20005800                        _vStackBase = .
                0x20005800                        . = ALIGN (0x4)
                0x20006000                        _vStackTop = (. + _StackSize)
                0x00000000                        _image_start = LOADADDR (.text)
                0x000070ec                        _image_end = (LOADADDR (.data) + SIZEOF (.data))
                0x000070ec                        _image_size = (_image_end - _image_start)
OUTPUT(Final_Project_CG2271.axf elf32-littlearm)
LOAD linker stubs

.debug_info     0x00000000    0x15053
 .debug_info    0x00000000      0xd5e ./utilities/str/fsl_str.o
 .debug_info    0x00000d5e      0xed5 ./utilities/debug_console/fsl_debug_console.o
 .debug_info    0x00001c33      0x135 ./utilities/fsl_assert.o
 .debug_info    0x00001d68      0x686 ./startup/startup_mcxc444.o
 .debug_info    0x000023ee      0x928 ./source/main logic/adc.o
 .debug_info    0x00002d16      0x873 ./source/main logic/buttons.o
 .debug_info    0x00003589      0x433 ./source/main logic/led.o
 .debug_info    0x000039bc      0x7a8 ./source/main logic/main.o
 .debug_info    0x00004164      0x6f3 ./source/main logic/slcd.o
 .debug_info    0x00004857      0x5c2 ./source/main logic/tasks.o
 .debug_info    0x00004e19       0x53 ./source/mtb.o
 .debug_info    0x00004e6c       0x3c ./source/semihost_hardfault.o
 .debug_info    0x00004ea8      0x4db ./freertos/freertos-kernel/portable/MemMang/heap_4.o
 .debug_info    0x00005383      0x335 ./freertos/freertos-kernel/portable/GCC/ARM_CM0/port.o
 .debug_info    0x000056b8      0x150 ./freertos/freertos-kernel/portable/GCC/ARM_CM0/portasm.o
 .debug_info    0x00005808      0x2b9 ./freertos/freertos-kernel/list.o
 .debug_info    0x00005ac1     0x13b2 ./freertos/freertos-kernel/queue.o
 .debug_info    0x00006e73     0x225e ./freertos/freertos-kernel/tasks.o
 .debug_info    0x000090d1      0xf5d ./freertos/freertos-kernel/timers.o
 .debug_info    0x0000a02e     0x1391 ./drivers/fsl_clock.o
 .debug_info    0x0000b3bf     0x1f91 ./drivers/fsl_lpuart.o
 .debug_info    0x0000d350      0x42a ./device/system_MCXC444.o
 .debug_info    0x0000d77a      0xb1e ./component/uart/fsl_adapter_lpuart.o
 .debug_info    0x0000e298      0xdd2 ./component/serial_manager/fsl_component_serial_manager.o
 .debug_info    0x0000f06a      0x558 ./component/serial_manager/fsl_component_serial_port_uart.o
 .debug_info    0x0000f5c2      0x411 ./board/board.o
 .debug_info    0x0000f9d3      0xa96 ./board/clock_config.o
 .debug_info    0x00010469       0x9b ./board/peripherals.o
 .debug_info    0x00010504      0x589 ./board/pin_mux.o
 .debug_info    0x00010a8d       0x85 /Applications/MCUXpressoIDE_25.6.136/ide/plugins/com.nxp.mcuxpresso.tools.macosx_25.6.0.202501151204/tools/bin/../lib/gcc/arm-none-eabi/14.2.1/../../../../arm-none-eabi/lib/thumb/v6-m/nofp/libcr_nohost_nf.a(_cr__main.o)
 .debug_info    0x00010b12      0x12b /Applications/MCUXpressoIDE_25.6.136/ide/plugins/com.nxp.mcuxpresso.tools.macosx_25.6.0.202501151204/tools/bin/../lib/gcc/arm-none-eabi/14.2.1/../../../../arm-none-eabi/lib/thumb/v6-m/nofp/libcr_c.a(memcpy.o)
 .debug_info    0x00010c3d       0xfc /Applications/MCUXpressoIDE_25.6.136/ide/plugins/com.nxp.mcuxpresso.tools.macosx_25.6.0.202501151204/tools/bin/../lib/gcc/arm-none-eabi/14.2.1/../../../../arm-none-eabi/lib/thumb/v6-m/nofp/libcr_c.a(memset.o)
 .debug_info    0x00010d39      0x526 /Applications/MCUXpressoIDE_25.6.136/ide/plugins/com.nxp.mcuxpresso.tools.macosx_25.6.0.202501151204/tools/bin/../lib/gcc/arm-none-eabi/14.2.1/../../../../arm-none-eabi/lib/thumb/v6-m/nofp/libcr_c.a(alloc.o)
 .debug_info    0x0001125f       0x44 /Applications/MCUXpressoIDE_25.6.136/ide/plugins/com.nxp.mcuxpresso.tools.macosx_25.6.0.202501151204/tools/bin/../lib/gcc/arm-none-eabi/14.2.1/../../../../arm-none-eabi/lib/thumb/v6-m/nofp/libcr_c.a(errno.o)
 .debug_info    0x000112a3      0x353 /Applications/MCUXpressoIDE_25.6.136/ide/plugins/com.nxp.mcuxpresso.tools.macosx_25.6.0.202501151204/tools/bin/../lib/gcc/arm-none-eabi/14.2.1/../../../../arm-none-eabi/lib/thumb/v6-m/nofp/libcr_c.a(initio.o)
 .debug_info    0x000115f6      0x1fd /Applications/MCUXpressoIDE_25.6.136/ide/plugins/com.nxp.mcuxpresso.tools.macosx_25.6.0.202501151204/tools/bin/../lib/gcc/arm-none-eabi/14.2.1/../../../../arm-none-eabi/lib/thumb/v6-m/nofp/libcr_c.a(setvbuf.o)
 .debug_info    0x000117f3       0xdd /Applications/MCUXpressoIDE_25.6.136/ide/plugins/com.nxp.mcuxpresso.tools.macosx_25.6.0.202501151204/tools/bin/../lib/gcc/arm-none-eabi/14.2.1/../../../../arm-none-eabi/lib/thumb/v6-m/nofp/libcr_c.a(strlen.o)
 .debug_info    0x000118d0      0x391 /Applications/MCUXpressoIDE_25.6.136/ide/plugins/com.nxp.mcuxpresso.tools.macosx_25.6.0.202501151204/tools/bin/../lib/gcc/arm-none-eabi/14.2.1/../../../../arm-none-eabi/lib/thumb/v6-m/nofp/libcr_c.a(_deferredlazyseek.o)
 .debug_info    0x00011c61      0x24b /Applications/MCUXpressoIDE_25.6.136/ide/plugins/com.nxp.mcuxpresso.tools.macosx_25.6.0.202501151204/tools/bin/../lib/gcc/arm-none-eabi/14.2.1/../../../../arm-none-eabi/lib/thumb/v6-m/nofp/libcr_c.a(_fdopen.o)
 .debug_info    0x00011eac      0x1ea /Applications/MCUXpressoIDE_25.6.136/ide/plugins/com.nxp.mcuxpresso.tools.macosx_25.6.0.202501151204/tools/bin/../lib/gcc/arm-none-eabi/14.2.1/../../../../arm-none-eabi/lib/thumb/v6-m/nofp/libcr_c.a(_fflush.o)
 .debug_info    0x00012096      0x28a /Applications/MCUXpressoIDE_25.6.136/ide/plugins/com.nxp.mcuxpresso.tools.macosx_25.6.0.202501151204/tools/bin/../lib/gcc/arm-none-eabi/14.2.1/../../../../arm-none-eabi/lib/thumb/v6-m/nofp/libcr_c.a(_writebuf.o)
 .debug_info    0x00012320      0x325 /Applications/MCUXpressoIDE_25.6.136/ide/plugins/com.nxp.mcuxpresso.tools.macosx_25.6.0.202501151204/tools/bin/../lib/gcc/arm-none-eabi/14.2.1/../../../../arm-none-eabi/lib/thumb/v6-m/nofp/libcr_c.a(fclose.o)
 .debug_info    0x00012645      0x210 /Applications/MCUXpressoIDE_25.6.136/ide/plugins/com.nxp.mcuxpresso.tools.macosx_25.6.0.202501151204/tools/bin/../lib/gcc/arm-none-eabi/14.2.1/../../../../arm-none-eabi/lib/thumb/v6-m/nofp/libcr_c.a(fflush.o)
 .debug_info    0x00012855      0x27f /Applications/MCUXpressoIDE_25.6.136/ide/plugins/com.nxp.mcuxpresso.tools.macosx_25.6.0.202501151204/tools/bin/../lib/gcc/arm-none-eabi/14.2.1/../../../../arm-none-eabi/lib/thumb/v6-m/nofp/libcr_c.a(fseek.o)
 .debug_info    0x00012ad4      0x197 /Applications/MCUXpressoIDE_25.6.136/ide/plugins/com.nxp.mcuxpresso.tools.macosx_25.6.0.202501151204/tools/bin/../lib/gcc/arm-none-eabi/14.2.1/../../../../arm-none-eabi/lib/thumb/v6-m/nofp/libcr_c.a(ftell.o)
 .debug_info    0x00012c6b      0x1d0 /Applications/MCUXpressoIDE_25.6.136/ide/plugins/com.nxp.mcuxpresso.tools.macosx_25.6.0.202501151204/tools/bin/../lib/gcc/arm-none-eabi/14.2.1/../../../../arm-none-eabi/lib/thumb/v6-m/nofp/libcr_c.a(remove.o)
 .debug_info    0x00012e3b      0x241 /Applications/MCUXpressoIDE_25.6.136/ide/plugins/com.nxp.mcuxpresso.tools.macosx_25.6.0.202501151204/tools/bin/../lib/gcc/arm-none-eabi/14.2.1/../../../../arm-none-eabi/lib/thumb/v6-m/nofp/libcr_c.a(_do_fflush.o)
 .debug_info    0x0001307c     0x1b79 /Applications/MCUXpressoIDE_25.6.136/ide/plugins/com.nxp.mcuxpresso.tools.macosx_25.6.0.202501151204/tools/bin/../lib/gcc/arm-none-eabi/14.2.1/thumb/v6-m/nofp/libcr_eabihelpers.a(float.o)
 .debug_info    0x00014bf5      0x18b /Applications/MCUXpressoIDE_25.6.136/ide/plugins/com.nxp.mcuxpresso.tools.macosx_25.6.0.202501151204/tools/bin/../lib/gcc/arm-none-eabi/14.2.1/../../../../arm-none-eabi/lib/thumb/v6-m/nofp/libcr_nohost_nf.a(__ciob.o)
 .debug_info    0x00014d80       0x6a /Applications/MCUXpressoIDE_25.6.136/ide/plugins/com.nxp.mcuxpresso.tools.macosx_25.6.0.202501151204/tools/bin/../lib/gcc/arm-none-eabi/14.2.1/../../../../arm-none-eabi/lib/thumb/v6-m/nofp/libcr_nohost_nf.a(__sys_close.o)
 .debug_info    0x00014dea       0x6a /Applications/MCUXpressoIDE_25.6.136/ide/plugins/com.nxp.mcuxpresso.tools.macosx_25.6.0.202501151204/tools/bin/../lib/gcc/arm-none-eabi/14.2.1/../../../../arm-none-eabi/lib/thumb/v6-m/nofp/libcr_nohost_nf.a(__sys_flen.o)
 .debug_info    0x00014e54       0x6a /Applications/MCUXpressoIDE_25.6.136/ide/plugins/com.nxp.mcuxpresso.tools.macosx_25.6.0.202501151204/tools/bin/../lib/gcc/arm-none-eabi/14.2.1/../../../../arm-none-eabi/lib/thumb/v6-m/nofp/libcr_nohost_nf.a(__sys_istty.o)
 .debug_info    0x00014ebe       0x8a /Applications/MCUXpressoIDE_25.6.136/ide/plugins/com.nxp.mcuxpresso.tools.macosx_25.6.0.202501151204/tools/bin/../lib/gcc/arm-none-eabi/14.2.1/../../../../arm-none-eabi/lib/thumb/v6-m/nofp/libcr_nohost_nf.a(__sys_remove.o)
 .debug_info    0x00014f48       0x78 /Applications/MCUXpressoIDE_25.6.136/ide/plugins/com.nxp.mcuxpresso.tools.macosx_25.6.0.202501151204/tools/bin/../lib/gcc/arm-none-eabi/14.2.1/../../../../arm-none-eabi/lib/thumb/v6-m/nofp/libcr_nohost_nf.a(__sys_seek.o)
 .debug_info    0x00014fc0       0x93 /Applications/MCUXpressoIDE_25.6.136/ide/plugins/com.nxp.mcuxpresso.tools.macosx_25.6.0.202501151204/tools/bin/../lib/gcc/arm-none-eabi/14.2.1/../../../../arm-none-eabi/lib/thumb/v6-m/nofp/libcr_nohost_nf.a(__sys_tmpnam.o)

.debug_abbrev   0x00000000     0x4dd8
 .debug_abbrev  0x00000000      0x270 ./utilities/str/fsl_str.o
 .debug_abbrev  0x00000270      0x28e ./utilities/debug_console/fsl_debug_console.o
 .debug_abbrev  0x000004fe       0xbd ./utilities/fsl_assert.o
 .debug_abbrev  0x000005bb      0x1a7 ./startup/startup_mcxc444.o
 .debug_abbrev  0x00000762      0x25f ./source/main logic/adc.o
 .debug_abbrev  0x000009c1      0x251 ./source/main logic/buttons.o
 .debug_abbrev  0x00000c12      0x158 ./source/main logic/led.o
 .debug_abbrev  0x00000d6a      0x1b0 ./source/main logic/main.o
 .debug_abbrev  0x00000f1a      0x257 ./source/main logic/slcd.o
 .debug_abbrev  0x00001171      0x193 ./source/main logic/tasks.o
 .debug_abbrev  0x00001304       0x46 ./source/mtb.o
 .debug_abbrev  0x0000134a       0x31 ./source/semihost_hardfault.o
 .debug_abbrev  0x0000137b      0x1ec ./freertos/freertos-kernel/portable/MemMang/heap_4.o
 .debug_abbrev  0x00001567      0x1ba ./freertos/freertos-kernel/portable/GCC/ARM_CM0/port.o
 .debug_abbrev  0x00001721       0xb9 ./freertos/freertos-kernel/portable/GCC/ARM_CM0/portasm.o
 .debug_abbrev  0x000017da       0xeb ./freertos/freertos-kernel/list.o
 .debug_abbrev  0x000018c5      0x2bd ./freertos/freertos-kernel/queue.o
 .debug_abbrev  0x00001b82      0x30f ./freertos/freertos-kernel/tasks.o
 .debug_abbrev  0x00001e91      0x2c1 ./freertos/freertos-kernel/timers.o
 .debug_abbrev  0x00002152      0x2e0 ./drivers/fsl_clock.o
 .debug_abbrev  0x00002432      0x406 ./drivers/fsl_lpuart.o
 .debug_abbrev  0x00002838      0x139 ./device/system_MCXC444.o
 .debug_abbrev  0x00002971      0x1e7 ./component/uart/fsl_adapter_lpuart.o
 .debug_abbrev  0x00002b58      0x2be ./component/serial_manager/fsl_component_serial_manager.o
 .debug_abbrev  0x00002e16      0x18c ./component/serial_manager/fsl_component_serial_port_uart.o
 .debug_abbrev  0x00002fa2      0x163 ./board/board.o
 .debug_abbrev  0x00003105      0x1e0 ./board/clock_config.o
 .debug_abbrev  0x000032e5       0x61 ./board/peripherals.o
 .debug_abbrev  0x00003346      0x1a3 ./board/pin_mux.o
 .debug_abbrev  0x000034e9       0x62 /Applications/MCUXpressoIDE_25.6.136/ide/plugins/com.nxp.mcuxpresso.tools.macosx_25.6.0.202501151204/tools/bin/../lib/gcc/arm-none-eabi/14.2.1/../../../../arm-none-eabi/lib/thumb/v6-m/nofp/libcr_nohost_nf.a(_cr__main.o)
 .debug_abbrev  0x0000354b       0xb3 /Applications/MCUXpressoIDE_25.6.136/ide/plugins/com.nxp.mcuxpresso.tools.macosx_25.6.0.202501151204/tools/bin/../lib/gcc/arm-none-eabi/14.2.1/../../../../arm-none-eabi/lib/thumb/v6-m/nofp/libcr_c.a(memcpy.o)
 .debug_abbrev  0x000035fe       0xa5 /Applications/MCUXpressoIDE_25.6.136/ide/plugins/com.nxp.mcuxpresso.tools.macosx_25.6.0.202501151204/tools/bin/../lib/gcc/arm-none-eabi/14.2.1/../../../../arm-none-eabi/lib/thumb/v6-m/nofp/libcr_c.a(memset.o)
 .debug_abbrev  0x000036a3      0x27b /Applications/MCUXpressoIDE_25.6.136/ide/plugins/com.nxp.mcuxpresso.tools.macosx_25.6.0.202501151204/tools/bin/../lib/gcc/arm-none-eabi/14.2.1/../../../../arm-none-eabi/lib/thumb/v6-m/nofp/libcr_c.a(alloc.o)
 .debug_abbrev  0x0000391e       0x44 /Applications/MCUXpressoIDE_25.6.136/ide/plugins/com.nxp.mcuxpresso.tools.macosx_25.6.0.202501151204/tools/bin/../lib/gcc/arm-none-eabi/14.2.1/../../../../arm-none-eabi/lib/thumb/v6-m/nofp/libcr_c.a(errno.o)
 .debug_abbrev  0x00003962      0x14b /Applications/MCUXpressoIDE_25.6.136/ide/plugins/com.nxp.mcuxpresso.tools.macosx_25.6.0.202501151204/tools/bin/../lib/gcc/arm-none-eabi/14.2.1/../../../../arm-none-eabi/lib/thumb/v6-m/nofp/libcr_c.a(initio.o)
 .debug_abbrev  0x00003aad       0xe1 /Applications/MCUXpressoIDE_25.6.136/ide/plugins/com.nxp.mcuxpresso.tools.macosx_25.6.0.202501151204/tools/bin/../lib/gcc/arm-none-eabi/14.2.1/../../../../arm-none-eabi/lib/thumb/v6-m/nofp/libcr_c.a(setvbuf.o)
 .debug_abbrev  0x00003b8e       0xa5 /Applications/MCUXpressoIDE_25.6.136/ide/plugins/com.nxp.mcuxpresso.tools.macosx_25.6.0.202501151204/tools/bin/../lib/gcc/arm-none-eabi/14.2.1/../../../../arm-none-eabi/lib/thumb/v6-m/nofp/libcr_c.a(strlen.o)
 .debug_abbrev  0x00003c33      0x183 /Applications/MCUXpressoIDE_25.6.136/ide/plugins/com.nxp.mcuxpresso.tools.macosx_25.6.0.202501151204/tools/bin/../lib/gcc/arm-none-eabi/14.2.1/../../../../arm-none-eabi/lib/thumb/v6-m/nofp/libcr_c.a(_deferredlazyseek.o)
 .debug_abbrev  0x00003db6      0x119 /Applications/MCUXpressoIDE_25.6.136/ide/plugins/com.nxp.mcuxpresso.tools.macosx_25.6.0.202501151204/tools/bin/../lib/gcc/arm-none-eabi/14.2.1/../../../../arm-none-eabi/lib/thumb/v6-m/nofp/libcr_c.a(_fdopen.o)
 .debug_abbrev  0x00003ecf       0xf1 /Applications/MCUXpressoIDE_25.6.136/ide/plugins/com.nxp.mcuxpresso.tools.macosx_25.6.0.202501151204/tools/bin/../lib/gcc/arm-none-eabi/14.2.1/../../../../arm-none-eabi/lib/thumb/v6-m/nofp/libcr_c.a(_fflush.o)
 .debug_abbrev  0x00003fc0      0x126 /Applications/MCUXpressoIDE_25.6.136/ide/plugins/com.nxp.mcuxpresso.tools.macosx_25.6.0.202501151204/tools/bin/../lib/gcc/arm-none-eabi/14.2.1/../../../../arm-none-eabi/lib/thumb/v6-m/nofp/libcr_c.a(_writebuf.o)
 .debug_abbrev  0x000040e6      0x158 /Applications/MCUXpressoIDE_25.6.136/ide/plugins/com.nxp.mcuxpresso.tools.macosx_25.6.0.202501151204/tools/bin/../lib/gcc/arm-none-eabi/14.2.1/../../../../arm-none-eabi/lib/thumb/v6-m/nofp/libcr_c.a(fclose.o)
 .debug_abbrev  0x0000423e      0x122 /Applications/MCUXpressoIDE_25.6.136/ide/plugins/com.nxp.mcuxpresso.tools.macosx_25.6.0.202501151204/tools/bin/../lib/gcc/arm-none-eabi/14.2.1/../../../../arm-none-eabi/lib/thumb/v6-m/nofp/libcr_c.a(fflush.o)
 .debug_abbrev  0x00004360      0x11b /Applications/MCUXpressoIDE_25.6.136/ide/plugins/com.nxp.mcuxpresso.tools.macosx_25.6.0.202501151204/tools/bin/../lib/gcc/arm-none-eabi/14.2.1/../../../../arm-none-eabi/lib/thumb/v6-m/nofp/libcr_c.a(fseek.o)
 .debug_abbrev  0x0000447b       0xc2 /Applications/MCUXpressoIDE_25.6.136/ide/plugins/com.nxp.mcuxpresso.tools.macosx_25.6.0.202501151204/tools/bin/../lib/gcc/arm-none-eabi/14.2.1/../../../../arm-none-eabi/lib/thumb/v6-m/nofp/libcr_c.a(ftell.o)
 .debug_abbrev  0x0000453d       0xed /Applications/MCUXpressoIDE_25.6.136/ide/plugins/com.nxp.mcuxpresso.tools.macosx_25.6.0.202501151204/tools/bin/../lib/gcc/arm-none-eabi/14.2.1/../../../../arm-none-eabi/lib/thumb/v6-m/nofp/libcr_c.a(remove.o)
 .debug_abbrev  0x0000462a      0x12c /Applications/MCUXpressoIDE_25.6.136/ide/plugins/com.nxp.mcuxpresso.tools.macosx_25.6.0.202501151204/tools/bin/../lib/gcc/arm-none-eabi/14.2.1/../../../../arm-none-eabi/lib/thumb/v6-m/nofp/libcr_c.a(_do_fflush.o)
 .debug_abbrev  0x00004756      0x359 /Applications/MCUXpressoIDE_25.6.136/ide/plugins/com.nxp.mcuxpresso.tools.macosx_25.6.0.202501151204/tools/bin/../lib/gcc/arm-none-eabi/14.2.1/thumb/v6-m/nofp/libcr_eabihelpers.a(float.o)
 .debug_abbrev  0x00004aaf       0xb5 /Applications/MCUXpressoIDE_25.6.136/ide/plugins/com.nxp.mcuxpresso.tools.macosx_25.6.0.202501151204/tools/bin/../lib/gcc/arm-none-eabi/14.2.1/../../../../arm-none-eabi/lib/thumb/v6-m/nofp/libcr_nohost_nf.a(__ciob.o)
 .debug_abbrev  0x00004b64       0x5c /Applications/MCUXpressoIDE_25.6.136/ide/plugins/com.nxp.mcuxpresso.tools.macosx_25.6.0.202501151204/tools/bin/../lib/gcc/arm-none-eabi/14.2.1/../../../../arm-none-eabi/lib/thumb/v6-m/nofp/libcr_nohost_nf.a(__sys_close.o)
 .debug_abbrev  0x00004bc0       0x5c /Applications/MCUXpressoIDE_25.6.136/ide/plugins/com.nxp.mcuxpresso.tools.macosx_25.6.0.202501151204/tools/bin/../lib/gcc/arm-none-eabi/14.2.1/../../../../arm-none-eabi/lib/thumb/v6-m/nofp/libcr_nohost_nf.a(__sys_flen.o)
 .debug_abbrev  0x00004c1c       0x5c /Applications/MCUXpressoIDE_25.6.136/ide/plugins/com.nxp.mcuxpresso.tools.macosx_25.6.0.202501151204/tools/bin/../lib/gcc/arm-none-eabi/14.2.1/../../../../arm-none-eabi/lib/thumb/v6-m/nofp/libcr_nohost_nf.a(__sys_istty.o)
 .debug_abbrev  0x00004c78       0x7d /Applications/MCUXpressoIDE_25.6.136/ide/plugins/com.nxp.mcuxpresso.tools.macosx_25.6.0.202501151204/tools/bin/../lib/gcc/arm-none-eabi/14.2.1/../../../../arm-none-eabi/lib/thumb/v6-m/nofp/libcr_nohost_nf.a(__sys_remove.o)
 .debug_abbrev  0x00004cf5       0x6d /Applications/MCUXpressoIDE_25.6.136/ide/plugins/com.nxp.mcuxpresso.tools.macosx_25.6.0.202501151204/tools/bin/../lib/gcc/arm-none-eabi/14.2.1/../../../../arm-none-eabi/lib/thumb/v6-m/nofp/libcr_nohost_nf.a(__sys_seek.o)
 .debug_abbrev  0x00004d62       0x76 /Applications/MCUXpressoIDE_25.6.136/ide/plugins/com.nxp.mcuxpresso.tools.macosx_25.6.0.202501151204/tools/bin/../lib/gcc/arm-none-eabi/14.2.1/../../../../arm-none-eabi/lib/thumb/v6-m/nofp/libcr_nohost_nf.a(__sys_tmpnam.o)

.debug_aranges  0x00000000     0x13f8
 .debug_aranges
                0x00000000       0xe8 ./utilities/str/fsl_str.o
 .debug_aranges
                0x000000e8       0xb8 ./utilities/debug_console/fsl_debug_console.o
 .debug_aranges
                0x000001a0       0x28 ./utilities/fsl_assert.o
 .debug_aranges
                0x000001c8      0x160 ./startup/startup_mcxc444.o
 .debug_aranges
                0x00000328       0x58 ./source/main logic/adc.o
 .debug_aranges
                0x00000380       0x50 ./source/main logic/buttons.o
 .debug_aranges
                0x000003d0       0x40 ./source/main logic/led.o
 .debug_aranges
                0x00000410       0x30 ./source/main logic/main.o
 .debug_aranges
                0x00000440       0x60 ./source/main logic/slcd.o
 .debug_aranges
                0x000004a0       0x40 ./source/main logic/tasks.o
 .debug_aranges
                0x000004e0       0x18 ./source/mtb.o
 .debug_aranges
                0x000004f8       0x20 ./source/semihost_hardfault.o
 .debug_aranges
                0x00000518       0x70 ./freertos/freertos-kernel/portable/MemMang/heap_4.o
 .debug_aranges
                0x00000588       0x70 ./freertos/freertos-kernel/portable/GCC/ARM_CM0/port.o
 .debug_aranges
                0x000005f8       0x60 ./freertos/freertos-kernel/portable/GCC/ARM_CM0/portasm.o
 .debug_aranges
                0x00000658       0x40 ./freertos/freertos-kernel/list.o
 .debug_aranges
                0x00000698      0x140 ./freertos/freertos-kernel/queue.o
 .debug_aranges
                0x000007d8      0x238 ./freertos/freertos-kernel/tasks.o
 .debug_aranges
                0x00000a10      0x108 ./freertos/freertos-kernel/timers.o
 .debug_aranges
                0x00000b18       0xd0 ./drivers/fsl_clock.o
 .debug_aranges
                0x00000be8      0x190 ./drivers/fsl_lpuart.o
 .debug_aranges
                0x00000d78       0x30 ./device/system_MCXC444.o
 .debug_aranges
                0x00000da8       0x58 ./component/uart/fsl_adapter_lpuart.o
 .debug_aranges
                0x00000e00       0xa0 ./component/serial_manager/fsl_component_serial_manager.o
 .debug_aranges
                0x00000ea0       0x48 ./component/serial_manager/fsl_component_serial_port_uart.o
 .debug_aranges
                0x00000ee8       0x28 ./board/board.o
 .debug_aranges
                0x00000f10       0x48 ./board/clock_config.o
 .debug_aranges
                0x00000f58       0x28 ./board/peripherals.o
 .debug_aranges
                0x00000f80       0x50 ./board/pin_mux.o
 .debug_aranges
                0x00000fd0       0x20 /Applications/MCUXpressoIDE_25.6.136/ide/plugins/com.nxp.mcuxpresso.tools.macosx_25.6.0.202501151204/tools/bin/../lib/gcc/arm-none-eabi/14.2.1/../../../../arm-none-eabi/lib/thumb/v6-m/nofp/libcr_nohost_nf.a(_cr__main.o)
 .debug_aranges
                0x00000ff0       0x20 /Applications/MCUXpressoIDE_25.6.136/ide/plugins/com.nxp.mcuxpresso.tools.macosx_25.6.0.202501151204/tools/bin/../lib/gcc/arm-none-eabi/14.2.1/../../../../arm-none-eabi/lib/thumb/v6-m/nofp/libcr_c.a(memcpy.o)
 .debug_aranges
                0x00001010       0x20 /Applications/MCUXpressoIDE_25.6.136/ide/plugins/com.nxp.mcuxpresso.tools.macosx_25.6.0.202501151204/tools/bin/../lib/gcc/arm-none-eabi/14.2.1/../../../../arm-none-eabi/lib/thumb/v6-m/nofp/libcr_c.a(memset.o)
 .debug_aranges
                0x00001030       0x40 /Applications/MCUXpressoIDE_25.6.136/ide/plugins/com.nxp.mcuxpresso.tools.macosx_25.6.0.202501151204/tools/bin/../lib/gcc/arm-none-eabi/14.2.1/../../../../arm-none-eabi/lib/thumb/v6-m/nofp/libcr_c.a(alloc.o)
 .debug_aranges
                0x00001070       0x18 /Applications/MCUXpressoIDE_25.6.136/ide/plugins/com.nxp.mcuxpresso.tools.macosx_25.6.0.202501151204/tools/bin/../lib/gcc/arm-none-eabi/14.2.1/../../../../arm-none-eabi/lib/thumb/v6-m/nofp/libcr_c.a(errno.o)
 .debug_aranges
                0x00001088       0x28 /Applications/MCUXpressoIDE_25.6.136/ide/plugins/com.nxp.mcuxpresso.tools.macosx_25.6.0.202501151204/tools/bin/../lib/gcc/arm-none-eabi/14.2.1/../../../../arm-none-eabi/lib/thumb/v6-m/nofp/libcr_c.a(initio.o)
 .debug_aranges
                0x000010b0       0x20 /Applications/MCUXpressoIDE_25.6.136/ide/plugins/com.nxp.mcuxpresso.tools.macosx_25.6.0.202501151204/tools/bin/../lib/gcc/arm-none-eabi/14.2.1/../../../../arm-none-eabi/lib/thumb/v6-m/nofp/libcr_c.a(setvbuf.o)
 .debug_aranges
                0x000010d0       0x20 /Applications/MCUXpressoIDE_25.6.136/ide/plugins/com.nxp.mcuxpresso.tools.macosx_25.6.0.202501151204/tools/bin/../lib/gcc/arm-none-eabi/14.2.1/../../../../arm-none-eabi/lib/thumb/v6-m/nofp/libcr_c.a(strlen.o)
 .debug_aranges
                0x000010f0       0x28 /Applications/MCUXpressoIDE_25.6.136/ide/plugins/com.nxp.mcuxpresso.tools.macosx_25.6.0.202501151204/tools/bin/../lib/gcc/arm-none-eabi/14.2.1/../../../../arm-none-eabi/lib/thumb/v6-m/nofp/libcr_c.a(_deferredlazyseek.o)
 .debug_aranges
                0x00001118       0x20 /Applications/MCUXpressoIDE_25.6.136/ide/plugins/com.nxp.mcuxpresso.tools.macosx_25.6.0.202501151204/tools/bin/../lib/gcc/arm-none-eabi/14.2.1/../../../../arm-none-eabi/lib/thumb/v6-m/nofp/libcr_c.a(_fdopen.o)
 .debug_aranges
                0x00001138       0x20 /Applications/MCUXpressoIDE_25.6.136/ide/plugins/com.nxp.mcuxpresso.tools.macosx_25.6.0.202501151204/tools/bin/../lib/gcc/arm-none-eabi/14.2.1/../../../../arm-none-eabi/lib/thumb/v6-m/nofp/libcr_c.a(_fflush.o)
 .debug_aranges
                0x00001158       0x20 /Applications/MCUXpressoIDE_25.6.136/ide/plugins/com.nxp.mcuxpresso.tools.macosx_25.6.0.202501151204/tools/bin/../lib/gcc/arm-none-eabi/14.2.1/../../../../arm-none-eabi/lib/thumb/v6-m/nofp/libcr_c.a(_writebuf.o)
 .debug_aranges
                0x00001178       0x20 /Applications/MCUXpressoIDE_25.6.136/ide/plugins/com.nxp.mcuxpresso.tools.macosx_25.6.0.202501151204/tools/bin/../lib/gcc/arm-none-eabi/14.2.1/../../../../arm-none-eabi/lib/thumb/v6-m/nofp/libcr_c.a(fclose.o)
 .debug_aranges
                0x00001198       0x20 /Applications/MCUXpressoIDE_25.6.136/ide/plugins/com.nxp.mcuxpresso.tools.macosx_25.6.0.202501151204/tools/bin/../lib/gcc/arm-none-eabi/14.2.1/../../../../arm-none-eabi/lib/thumb/v6-m/nofp/libcr_c.a(fflush.o)
 .debug_aranges
                0x000011b8       0x20 /Applications/MCUXpressoIDE_25.6.136/ide/plugins/com.nxp.mcuxpresso.tools.macosx_25.6.0.202501151204/tools/bin/../lib/gcc/arm-none-eabi/14.2.1/../../../../arm-none-eabi/lib/thumb/v6-m/nofp/libcr_c.a(fseek.o)
 .debug_aranges
                0x000011d8       0x20 /Applications/MCUXpressoIDE_25.6.136/ide/plugins/com.nxp.mcuxpresso.tools.macosx_25.6.0.202501151204/tools/bin/../lib/gcc/arm-none-eabi/14.2.1/../../../../arm-none-eabi/lib/thumb/v6-m/nofp/libcr_c.a(ftell.o)
 .debug_aranges
                0x000011f8       0x28 /Applications/MCUXpressoIDE_25.6.136/ide/plugins/com.nxp.mcuxpresso.tools.macosx_25.6.0.202501151204/tools/bin/../lib/gcc/arm-none-eabi/14.2.1/../../../../arm-none-eabi/lib/thumb/v6-m/nofp/libcr_c.a(remove.o)
 .debug_aranges
                0x00001220       0x20 /Applications/MCUXpressoIDE_25.6.136/ide/plugins/com.nxp.mcuxpresso.tools.macosx_25.6.0.202501151204/tools/bin/../lib/gcc/arm-none-eabi/14.2.1/../../../../arm-none-eabi/lib/thumb/v6-m/nofp/libcr_c.a(_do_fflush.o)
 .debug_aranges
                0x00001240       0xe0 /Applications/MCUXpressoIDE_25.6.136/ide/plugins/com.nxp.mcuxpresso.tools.macosx_25.6.0.202501151204/tools/bin/../lib/gcc/arm-none-eabi/14.2.1/thumb/v6-m/nofp/libcr_eabihelpers.a(float.o)
 .debug_aranges
                0x00001320       0x18 /Applications/MCUXpressoIDE_25.6.136/ide/plugins/com.nxp.mcuxpresso.tools.macosx_25.6.0.202501151204/tools/bin/../lib/gcc/arm-none-eabi/14.2.1/../../../../arm-none-eabi/lib/thumb/v6-m/nofp/libcr_nohost_nf.a(__ciob.o)
 .debug_aranges
                0x00001338       0x20 /Applications/MCUXpressoIDE_25.6.136/ide/plugins/com.nxp.mcuxpresso.tools.macosx_25.6.0.202501151204/tools/bin/../lib/gcc/arm-none-eabi/14.2.1/../../../../arm-none-eabi/lib/thumb/v6-m/nofp/libcr_nohost_nf.a(__sys_close.o)
 .debug_aranges
                0x00001358       0x20 /Applications/MCUXpressoIDE_25.6.136/ide/plugins/com.nxp.mcuxpresso.tools.macosx_25.6.0.202501151204/tools/bin/../lib/gcc/arm-none-eabi/14.2.1/../../../../arm-none-eabi/lib/thumb/v6-m/nofp/libcr_nohost_nf.a(__sys_flen.o)
 .debug_aranges
                0x00001378       0x20 /Applications/MCUXpressoIDE_25.6.136/ide/plugins/com.nxp.mcuxpresso.tools.macosx_25.6.0.202501151204/tools/bin/../lib/gcc/arm-none-eabi/14.2.1/../../../../arm-none-eabi/lib/thumb/v6-m/nofp/libcr_nohost_nf.a(__sys_istty.o)
 .debug_aranges
                0x00001398       0x20 /Applications/MCUXpressoIDE_25.6.136/ide/plugins/com.nxp.mcuxpresso.tools.macosx_25.6.0.202501151204/tools/bin/../lib/gcc/arm-none-eabi/14.2.1/../../../../arm-none-eabi/lib/thumb/v6-m/nofp/libcr_nohost_nf.a(__sys_remove.o)
 .debug_aranges
                0x000013b8       0x20 /Applications/MCUXpressoIDE_25.6.136/ide/plugins/com.nxp.mcuxpresso.tools.macosx_25.6.0.202501151204/tools/bin/../lib/gcc/arm-none-eabi/14.2.1/../../../../arm-none-eabi/lib/thumb/v6-m/nofp/libcr_nohost_nf.a(__sys_seek.o)
 .debug_aranges
                0x000013d8       0x20 /Applications/MCUXpressoIDE_25.6.136/ide/plugins/com.nxp.mcuxpresso.tools.macosx_25.6.0.202501151204/tools/bin/../lib/gcc/arm-none-eabi/14.2.1/../../../../arm-none-eabi/lib/thumb/v6-m/nofp/libcr_nohost_nf.a(__sys_tmpnam.o)

.debug_ranges   0x00000000     0x1328
 .debug_ranges  0x00000000      0x108 ./utilities/str/fsl_str.o
 .debug_ranges  0x00000108       0xa8 ./utilities/debug_console/fsl_debug_console.o
 .debug_ranges  0x000001b0       0x18 ./utilities/fsl_assert.o
 .debug_ranges  0x000001c8      0x150 ./startup/startup_mcxc444.o
 .debug_ranges  0x00000318       0x48 ./source/main logic/adc.o
 .debug_ranges  0x00000360       0x40 ./source/main logic/buttons.o
 .debug_ranges  0x000003a0       0x30 ./source/main logic/led.o
 .debug_ranges  0x000003d0       0x20 ./source/main logic/main.o
 .debug_ranges  0x000003f0       0x50 ./source/main logic/slcd.o
 .debug_ranges  0x00000440       0x30 ./source/main logic/tasks.o
 .debug_ranges  0x00000470       0x10 ./source/semihost_hardfault.o
 .debug_ranges  0x00000480       0x60 ./freertos/freertos-kernel/portable/MemMang/heap_4.o
 .debug_ranges  0x000004e0       0x60 ./freertos/freertos-kernel/portable/GCC/ARM_CM0/port.o
 .debug_ranges  0x00000540       0x50 ./freertos/freertos-kernel/portable/GCC/ARM_CM0/portasm.o
 .debug_ranges  0x00000590       0x30 ./freertos/freertos-kernel/list.o
 .debug_ranges  0x000005c0      0x130 ./freertos/freertos-kernel/queue.o
 .debug_ranges  0x000006f0      0x248 ./freertos/freertos-kernel/tasks.o
 .debug_ranges  0x00000938       0xf8 ./freertos/freertos-kernel/timers.o
 .debug_ranges  0x00000a30       0xc0 ./drivers/fsl_clock.o
 .debug_ranges  0x00000af0      0x180 ./drivers/fsl_lpuart.o
 .debug_ranges  0x00000c70       0x20 ./device/system_MCXC444.o
 .debug_ranges  0x00000c90       0x48 ./component/uart/fsl_adapter_lpuart.o
 .debug_ranges  0x00000cd8       0x90 ./component/serial_manager/fsl_component_serial_manager.o
 .debug_ranges  0x00000d68       0x38 ./component/serial_manager/fsl_component_serial_port_uart.o
 .debug_ranges  0x00000da0       0x18 ./board/board.o
 .debug_ranges  0x00000db8       0x38 ./board/clock_config.o
 .debug_ranges  0x00000df0       0x18 ./board/peripherals.o
 .debug_ranges  0x00000e08       0x40 ./board/pin_mux.o
 .debug_ranges  0x00000e48       0x10 /Applications/MCUXpressoIDE_25.6.136/ide/plugins/com.nxp.mcuxpresso.tools.macosx_25.6.0.202501151204/tools/bin/../lib/gcc/arm-none-eabi/14.2.1/../../../../arm-none-eabi/lib/thumb/v6-m/nofp/libcr_nohost_nf.a(_cr__main.o)
 .debug_ranges  0x00000e58       0x10 /Applications/MCUXpressoIDE_25.6.136/ide/plugins/com.nxp.mcuxpresso.tools.macosx_25.6.0.202501151204/tools/bin/../lib/gcc/arm-none-eabi/14.2.1/../../../../arm-none-eabi/lib/thumb/v6-m/nofp/libcr_c.a(memcpy.o)
 .debug_ranges  0x00000e68       0x10 /Applications/MCUXpressoIDE_25.6.136/ide/plugins/com.nxp.mcuxpresso.tools.macosx_25.6.0.202501151204/tools/bin/../lib/gcc/arm-none-eabi/14.2.1/../../../../arm-none-eabi/lib/thumb/v6-m/nofp/libcr_c.a(memset.o)
 .debug_ranges  0x00000e78       0x50 /Applications/MCUXpressoIDE_25.6.136/ide/plugins/com.nxp.mcuxpresso.tools.macosx_25.6.0.202501151204/tools/bin/../lib/gcc/arm-none-eabi/14.2.1/../../../../arm-none-eabi/lib/thumb/v6-m/nofp/libcr_c.a(alloc.o)
 .debug_ranges  0x00000ec8       0x38 /Applications/MCUXpressoIDE_25.6.136/ide/plugins/com.nxp.mcuxpresso.tools.macosx_25.6.0.202501151204/tools/bin/../lib/gcc/arm-none-eabi/14.2.1/../../../../arm-none-eabi/lib/thumb/v6-m/nofp/libcr_c.a(initio.o)
 .debug_ranges  0x00000f00       0x10 /Applications/MCUXpressoIDE_25.6.136/ide/plugins/com.nxp.mcuxpresso.tools.macosx_25.6.0.202501151204/tools/bin/../lib/gcc/arm-none-eabi/14.2.1/../../../../arm-none-eabi/lib/thumb/v6-m/nofp/libcr_c.a(setvbuf.o)
 .debug_ranges  0x00000f10       0x28 /Applications/MCUXpressoIDE_25.6.136/ide/plugins/com.nxp.mcuxpresso.tools.macosx_25.6.0.202501151204/tools/bin/../lib/gcc/arm-none-eabi/14.2.1/../../../../arm-none-eabi/lib/thumb/v6-m/nofp/libcr_c.a(strlen.o)
 .debug_ranges  0x00000f38       0x48 /Applications/MCUXpressoIDE_25.6.136/ide/plugins/com.nxp.mcuxpresso.tools.macosx_25.6.0.202501151204/tools/bin/../lib/gcc/arm-none-eabi/14.2.1/../../../../arm-none-eabi/lib/thumb/v6-m/nofp/libcr_c.a(_deferredlazyseek.o)
 .debug_ranges  0x00000f80       0x10 /Applications/MCUXpressoIDE_25.6.136/ide/plugins/com.nxp.mcuxpresso.tools.macosx_25.6.0.202501151204/tools/bin/../lib/gcc/arm-none-eabi/14.2.1/../../../../arm-none-eabi/lib/thumb/v6-m/nofp/libcr_c.a(_fdopen.o)
 .debug_ranges  0x00000f90       0x10 /Applications/MCUXpressoIDE_25.6.136/ide/plugins/com.nxp.mcuxpresso.tools.macosx_25.6.0.202501151204/tools/bin/../lib/gcc/arm-none-eabi/14.2.1/../../../../arm-none-eabi/lib/thumb/v6-m/nofp/libcr_c.a(_fflush.o)
 .debug_ranges  0x00000fa0       0x10 /Applications/MCUXpressoIDE_25.6.136/ide/plugins/com.nxp.mcuxpresso.tools.macosx_25.6.0.202501151204/tools/bin/../lib/gcc/arm-none-eabi/14.2.1/../../../../arm-none-eabi/lib/thumb/v6-m/nofp/libcr_c.a(_writebuf.o)
 .debug_ranges  0x00000fb0       0x10 /Applications/MCUXpressoIDE_25.6.136/ide/plugins/com.nxp.mcuxpresso.tools.macosx_25.6.0.202501151204/tools/bin/../lib/gcc/arm-none-eabi/14.2.1/../../../../arm-none-eabi/lib/thumb/v6-m/nofp/libcr_c.a(fclose.o)
 .debug_ranges  0x00000fc0       0x28 /Applications/MCUXpressoIDE_25.6.136/ide/plugins/com.nxp.mcuxpresso.tools.macosx_25.6.0.202501151204/tools/bin/../lib/gcc/arm-none-eabi/14.2.1/../../../../arm-none-eabi/lib/thumb/v6-m/nofp/libcr_c.a(fflush.o)
 .debug_ranges  0x00000fe8       0x10 /Applications/MCUXpressoIDE_25.6.136/ide/plugins/com.nxp.mcuxpresso.tools.macosx_25.6.0.202501151204/tools/bin/../lib/gcc/arm-none-eabi/14.2.1/../../../../arm-none-eabi/lib/thumb/v6-m/nofp/libcr_c.a(fseek.o)
 .debug_ranges  0x00000ff8       0x10 /Applications/MCUXpressoIDE_25.6.136/ide/plugins/com.nxp.mcuxpresso.tools.macosx_25.6.0.202501151204/tools/bin/../lib/gcc/arm-none-eabi/14.2.1/../../../../arm-none-eabi/lib/thumb/v6-m/nofp/libcr_c.a(ftell.o)
 .debug_ranges  0x00001008       0x18 /Applications/MCUXpressoIDE_25.6.136/ide/plugins/com.nxp.mcuxpresso.tools.macosx_25.6.0.202501151204/tools/bin/../lib/gcc/arm-none-eabi/14.2.1/../../../../arm-none-eabi/lib/thumb/v6-m/nofp/libcr_c.a(remove.o)
 .debug_ranges  0x00001020       0x28 /Applications/MCUXpressoIDE_25.6.136/ide/plugins/com.nxp.mcuxpresso.tools.macosx_25.6.0.202501151204/tools/bin/../lib/gcc/arm-none-eabi/14.2.1/../../../../arm-none-eabi/lib/thumb/v6-m/nofp/libcr_c.a(_do_fflush.o)
 .debug_ranges  0x00001048      0x280 /Applications/MCUXpressoIDE_25.6.136/ide/plugins/com.nxp.mcuxpresso.tools.macosx_25.6.0.202501151204/tools/bin/../lib/gcc/arm-none-eabi/14.2.1/thumb/v6-m/nofp/libcr_eabihelpers.a(float.o)
 .debug_ranges  0x000012c8       0x10 /Applications/MCUXpressoIDE_25.6.136/ide/plugins/com.nxp.mcuxpresso.tools.macosx_25.6.0.202501151204/tools/bin/../lib/gcc/arm-none-eabi/14.2.1/../../../../arm-none-eabi/lib/thumb/v6-m/nofp/libcr_nohost_nf.a(__sys_close.o)
 .debug_ranges  0x000012d8       0x10 /Applications/MCUXpressoIDE_25.6.136/ide/plugins/com.nxp.mcuxpresso.tools.macosx_25.6.0.202501151204/tools/bin/../lib/gcc/arm-none-eabi/14.2.1/../../../../arm-none-eabi/lib/thumb/v6-m/nofp/libcr_nohost_nf.a(__sys_flen.o)
 .debug_ranges  0x000012e8       0x10 /Applications/MCUXpressoIDE_25.6.136/ide/plugins/com.nxp.mcuxpresso.tools.macosx_25.6.0.202501151204/tools/bin/../lib/gcc/arm-none-eabi/14.2.1/../../../../arm-none-eabi/lib/thumb/v6-m/nofp/libcr_nohost_nf.a(__sys_istty.o)