Archive member included to satisfy reference by file (symbol)

/Applications/MCUXpressoIDE_25.6.136/ide/plugins/com.nxp.mcuxpresso.tools.macosx_25.6.0.202501151204/tools/bin/../lib/gcc/arm-none-eabi/14.2.1/../../../../arm-none-eabi/lib/thumb/v6-m/nofp/libcr_nohost_nf.a(_cr__main.o)
                              ./startup/startup_mcxc444.o (__main)
/Applications/MCUXpressoIDE_25.6.136/ide/plugins/com.nxp.mcuxpresso.tools.macosx_25.6.0.202501151204/tools/bin/../lib/gcc/arm-none-eabi/14.2.1/../../../../arm-none-eabi/lib/thumb/v6-m/nofp/libcr_c.a(memcpy.o)
                              ./utilities/str/fsl_str.o (memcpy)
/Applications/MCUXpressoIDE_25.6.136/ide/plugins/com.nxp.mcuxpresso.tools.macosx_25.6.0.202501151204/tools/bin/../lib/gcc/arm-none-eabi/14.2.1/../../../../arm-none-eabi/lib/thumb/v6-m/nofp/libcr_c.a(memset.o)
                              ./utilities/debug_console/fsl_debug_console.o (memset)
/Applications/MCUXpressoIDE_25.6.136/ide/plugins/com.nxp.mcuxpresso.tools.macosx_25.6.0.202501151204/tools/bin/../lib/gcc/arm-none-eabi/14.2.1/../../../../arm-none-eabi/lib/thumb/v6-m/nofp/libcr_c.a(alloc.o)
                              ./drivers/fsl_common.o (malloc)
/Applications/MCUXpressoIDE_25.6.136/ide/plugins/com.nxp.mcuxpresso.tools.macosx_25.6.0.202501151204/tools/bin/../lib/gcc/arm-none-eabi/14.2.1/../../../../arm-none-eabi/lib/thumb/v6-m/nofp/libcr_c.a(errno.o)
                              ./utilities/str/fsl_str.o (errno)
/Applications/MCUXpressoIDE_25.6.136/ide/plugins/com.nxp.mcuxpresso.tools.macosx_25.6.0.202501151204/tools/bin/../lib/gcc/arm-none-eabi/14.2.1/../../../../arm-none-eabi/lib/thumb/v6-m/nofp/libcr_c.a(initio.o)
                              /Applications/MCUXpressoIDE_25.6.136/ide/plugins/com.nxp.mcuxpresso.tools.macosx_25.6.0.202501151204/tools/bin/../lib/gcc/arm-none-eabi/14.2.1/../../../../arm-none-eabi/lib/thumb/v6-m/nofp/libcr_nohost_nf.a(_cr__main.o) (_initio)
/Applications/MCUXpressoIDE_25.6.136/ide/plugins/com.nxp.mcuxpresso.tools.macosx_25.6.0.202501151204/tools/bin/../lib/gcc/arm-none-eabi/14.2.1/../../../../arm-none-eabi/lib/thumb/v6-m/nofp/libcr_c.a(printf.o)
                              ./source/main_mcxc/esp_uart.o (_snprintf)
/Applications/MCUXpressoIDE_25.6.136/ide/plugins/com.nxp.mcuxpresso.tools.macosx_25.6.0.202501151204/tools/bin/../lib/gcc/arm-none-eabi/14.2.1/../../../../arm-none-eabi/lib/thumb/v6-m/nofp/libcr_c.a(scanf.o)
                              ./source/main_mcxc/esp_uart.o (sscanf)
/Applications/MCUXpressoIDE_25.6.136/ide/plugins/com.nxp.mcuxpresso.tools.macosx_25.6.0.202501151204/tools/bin/../lib/gcc/arm-none-eabi/14.2.1/../../../../arm-none-eabi/lib/thumb/v6-m/nofp/libcr_c.a(setvbuf.o)
                              /Applications/MCUXpressoIDE_25.6.136/ide/plugins/com.nxp.mcuxpresso.tools.macosx_25.6.0.202501151204/tools/bin/../lib/gcc/arm-none-eabi/14.2.1/../../../../arm-none-eabi/lib/thumb/v6-m/nofp/libcr_c.a(initio.o) (setvbuf)
/Applications/MCUXpressoIDE_25.6.136/ide/plugins/com.nxp.mcuxpresso.tools.macosx_25.6.0.202501151204/tools/bin/../lib/gcc/arm-none-eabi/14.2.1/../../../../arm-none-eabi/lib/thumb/v6-m/nofp/libcr_c.a(stdlib.o)
                              ./source/main_mcxc/ssd1306.o (abs)
/Applications/MCUXpressoIDE_25.6.136/ide/plugins/com.nxp.mcuxpresso.tools.macosx_25.6.0.202501151204/tools/bin/../lib/gcc/arm-none-eabi/14.2.1/../../../../arm-none-eabi/lib/thumb/v6-m/nofp/libcr_c.a(strlen.o)
                              ./utilities/str/fsl_str.o (strlen)
/Applications/MCUXpressoIDE_25.6.136/ide/plugins/com.nxp.mcuxpresso.tools.macosx_25.6.0.202501151204/tools/bin/../lib/gcc/arm-none-eabi/14.2.1/../../../../arm-none-eabi/lib/thumb/v6-m/nofp/libcr_c.a(strncmp.o)
                              ./source/main_mcxc/esp_uart.o (strncmp)
/Applications/MCUXpressoIDE_25.6.136/ide/plugins/com.nxp.mcuxpresso.tools.macosx_25.6.0.202501151204/tools/bin/../lib/gcc/arm-none-eabi/14.2.1/../../../../arm-none-eabi/lib/thumb/v6-m/nofp/libcr_c.a(strncpy.o)
                              ./source/main_mcxc/esp_uart.o (strncpy)
/Applications/MCUXpressoIDE_25.6.136/ide/plugins/com.nxp.mcuxpresso.tools.macosx_25.6.0.202501151204/tools/bin/../lib/gcc/arm-none-eabi/14.2.1/../../../../arm-none-eabi/lib/thumb/v6-m/nofp/libcr_c.a(ungetc.o)
                              /Applications/MCUXpressoIDE_25.6.136/ide/plugins/com.nxp.mcuxpresso.tools.macosx_25.6.0.202501151204/tools/bin/../lib/gcc/arm-none-eabi/14.2.1/../../../../arm-none-eabi/lib/thumb/v6-m/nofp/libcr_c.a(scanf.o) (ungetc)
/Applications/MCUXpressoIDE_25.6.136/ide/plugins/com.nxp.mcuxpresso.tools.macosx_25.6.0.202501151204/tools/bin/../lib/gcc/arm-none-eabi/14.2.1/../../../../arm-none-eabi/lib/thumb/v6-m/nofp/libcr_c.a(__fillbuf.o)
                              /Applications/MCUXpressoIDE_25.6.136/ide/plugins/com.nxp.mcuxpresso.tools.macosx_25.6.0.202501151204/tools/bin/../lib/gcc/arm-none-eabi/14.2.1/../../../../arm-none-eabi/lib/thumb/v6-m/nofp/libcr_c.a(scanf.o) (__filbuf)
[...]
Memory Configuration

Name             Origin             Length             Attributes
PROGRAM_FLASH    0x00000000         0x00040000         xr
SRAM             0x1fffe000         0x00008000         xrw
*default*        0x00000000         0xffffffff

Linker script and memory map

LOAD ./utilities/str/fsl_str.o
LOAD ./utilities/debug_console/fsl_debug_console.o
LOAD ./utilities/fsl_assert.o
LOAD ./startup/startup_mcxc444.o
LOAD ./source/main_mcxc/adc.o
LOAD ./source/main_mcxc/buttons.o
LOAD ./source/main_mcxc/esp_uart.o
LOAD ./source/main_mcxc/led.o
LOAD ./source/main_mcxc/main.o
LOAD ./source/main_mcxc/ssd1306.o
LOAD ./source/main_mcxc/tasks.o
LOAD ./source/mtb.o
LOAD ./source/semihost_hardfault.o
LOAD ./freertos/freertos-kernel/portable/MemMang/heap_4.o
LOAD ./freertos/freertos-kernel/portable/GCC/ARM_CM0/mpu_wrappers_v2_asm.o
LOAD ./freertos/freertos-kernel/portable/GCC/ARM_CM0/port.o
LOAD ./freertos/freertos-kernel/portable/GCC/ARM_CM0/portasm.o
LOAD ./freertos/freertos-kernel/portable/Common/mpu_wrappers.o
LOAD ./freertos/freertos-kernel/portable/Common/mpu_wrappers_v2.o
LOAD ./freertos/freertos-kernel/croutine.o
LOAD ./freertos/freertos-kernel/event_groups.o
LOAD ./freertos/freertos-kernel/list.o
LOAD ./freertos/freertos-kernel/queue.o
LOAD ./freertos/freertos-kernel/stream_buffer.o
LOAD ./freertos/freertos-kernel/tasks.o
LOAD ./freertos/freertos-kernel/timers.o
LOAD ./drivers/fsl_clock.o
LOAD ./drivers/fsl_common.o
LOAD ./drivers/fsl_common_arm.o
LOAD ./drivers/fsl_gpio.o
LOAD ./drivers/fsl_lpuart.o
LOAD ./drivers/fsl_smc.o
LOAD ./device/system_MCXC444.o
LOAD ./component/uart/fsl_adapter_lpuart.o
LOAD ./component/serial_manager/fsl_component_serial_manager.o
LOAD ./component/serial_manager/fsl_component_serial_port_uart.o
LOAD ./component/lists/fsl_component_generic_list.o
LOAD ./board/board.o
LOAD ./board/clock_config.o
LOAD ./board/peripherals.o
LOAD ./board/pin_mux.o
START GROUP
LOAD /Applications/MCUXpressoIDE_25.6.136/ide/plugins/com.nxp.mcuxpresso.tools.macosx_25.6.0.202501151204/tools/bin/../lib/gcc/arm-none-eabi/14.2.1/../../../../arm-none-eabi/lib/thumb/v6-m/nofp/libcr_nohost_nf.a
LOAD /Applications/MCUXpressoIDE_25.6.136/ide/plugins/com.nxp.mcuxpresso.tools.macosx_25.6.0.202501151204/tools/bin/../lib/gcc/arm-none-eabi/14.2.1/../../../../arm-none-eabi/lib/thumb/v6-m/nofp/libcr_c.a
LOAD /Applications/MCUXpressoIDE_25.6.136/ide/plugins/com.nxp.mcuxpresso.tools.macosx_25.6.0.202501151204/tools/bin/../lib/gcc/arm-none-eabi/14.2.1/thumb/v6-m/nofp/libcr_eabihelpers.a
LOAD /Applications/MCUXpressoIDE_25.6.136/ide/plugins/com.nxp.mcuxpresso.tools.macosx_25.6.0.202501151204/tools/bin/../lib/gcc/arm-none-eabi/14.2.1/thumb/v6-m/nofp/libgcc.a
END GROUP
                0x00000000                        __base_PROGRAM_FLASH = 0x0
                0x00000000                        __base_Flash = 0x0
                0x00040000                        __top_PROGRAM_FLASH = 0x40000
                0x00040000                        __top_Flash = 0x40000
                0x1fffe000                        __base_SRAM = 0x1fffe000
                0x1fffe000                        __base_RAM = 0x1fffe000
                0x20006000                        __top_SRAM = 0x20006000
                0x20006000                        __top_RAM = 0x20006000

.text           0x00000000     0xb3d0
 FILL mask 0xff
                0x00000000                        __vectors_start__ = ABSOLUTE (.)
 *(SORT_BY_ALIGNMENT(.isr_vector))
 .isr_vector    0x00000000       0xc0 ./startup/startup_mcxc444.o
                0x00000000                __Vectors
                0x00000000                g_pfnVectors
                0x000000c0                        . = ALIGN (0x4)
                0x000000c0                        __section_table_start = .
                0x000000c0                        __data_section_table = .
                0x000000c0        0x4 LONG 0xb3d0 LOADADDR (.data)
                0x000000c4        0x4 LONG 0x1fffe080 ADDR (.data)
                0x000000c8        0x4 LONG 0x14 SIZEOF (.data)
                0x000000cc                        __data_section_table_end = .
                0x000000cc                        __bss_section_table = .
                0x000000cc        0x4 LONG 0x1fffe094 ADDR (.bss)
                0x000000d0        0x4 LONG 0x2ffc SIZEOF (.bss)
                0x000000d4                        __bss_section_table_end = .
                0x000000d4                        __section_table_end = .
 *(SORT_BY_ALIGNMENT(.after_vectors*))
 .after_vectors.reset
                0x000000d4       0x4c ./startup/startup_mcxc444.o
                0x000000d4                ResetISR
 .after_vectors.init_data
                0x00000120       0x12 ./startup/startup_mcxc444.o
                0x00000120                data_init
 .after_vectors.init_bss
                0x00000132       0x10 ./startup/startup_mcxc444.o
                0x00000132                bss_init
 .after_vectors
                0x00000142      0x10c ./startup/startup_mcxc444.o
                0x00000142                NMI_Handler
                0x0000014c                PIT_DriverIRQHandler
                0x0000014c                DMA0_DriverIRQHandler
                0x0000014c                Reserved42_DriverIRQHandler
                0x0000014c                SPI1_DriverIRQHandler
                0x0000014c                LPTMR0_DriverIRQHandler
                0x0000014c                PORTC_PORTD_DriverIRQHandler
                0x0000014c                PMC_DriverIRQHandler
                0x0000014c                I2S0_DriverIRQHandler
                0x0000014c                TPM2_DriverIRQHandler
                0x0000014c                RTC_Seconds_DriverIRQHandler
                0x0000014c                LLWU_DriverIRQHandler
                0x0000014c                FTFA_DriverIRQHandler
                0x0000014c                IntDefaultHandler
                0x0000014c                USB0_DriverIRQHandler
                0x0000014c                DAC0_DriverIRQHandler
                0x0000014c                TPM0_DriverIRQHandler
                0x0000014c                Reserved20_DriverIRQHandler
                0x0000014c                DMA3_DriverIRQHandler
                0x0000014c                UART2_FLEXIO_DriverIRQHandler
                0x0000014c                PORTA_DriverIRQHandler
                0x0000014c                TPM1_DriverIRQHandler
                0x0000014c                RTC_DriverIRQHandler
                0x0000014c                LCD_DriverIRQHandler
                0x0000014c                DMA1_DriverIRQHandler
                0x0000014c                I2C1_DriverIRQHandler
                0x0000014c                SPI0_DriverIRQHandler
                0x0000014c                ADC0_DriverIRQHandler
                0x0000014c                CMP0_DriverIRQHandler
                0x0000014c                DMA2_DriverIRQHandler
                0x0000014c                Reserved43_DriverIRQHandler
                0x0000014c                I2C0_DriverIRQHandler
                0x0000014e                DMA0_IRQHandler
                0x00000156                DMA1_IRQHandler
                0x0000015e                DMA2_IRQHandler
                0x00000166                DMA3_IRQHandler
                0x0000016e                Reserved20_IRQHandler
                0x00000176                FTFA_IRQHandler
                0x0000017e                PMC_IRQHandler
                0x00000186                LLWU_IRQHandler
                0x0000018e                I2C0_IRQHandler
                0x00000196                I2C1_IRQHandler
                0x0000019e                SPI0_IRQHandler
                0x000001a6                SPI1_IRQHandler
                0x000001ae                LPUART0_IRQHandler
                0x000001b6                LPUART1_IRQHandler
                0x000001ce                CMP0_IRQHandler
                0x000001d6                TPM0_IRQHandler
                0x000001de                TPM1_IRQHandler
                0x000001e6                TPM2_IRQHandler
                0x000001ee                RTC_IRQHandler
                0x000001f6                RTC_Seconds_IRQHandler
                0x000001fe                PIT_IRQHandler
                0x00000206                I2S0_IRQHandler
                0x0000020e                USB0_IRQHandler
                0x00000216                DAC0_IRQHandler
                0x0000021e                Reserved42_IRQHandler
                0x00000226                Reserved43_IRQHandler
                0x0000022e                LPTMR0_IRQHandler
                0x00000236                LCD_IRQHandler
                0x00000400                        . = 0x400
 *fill*         0x0000024e      0x1b2 ff
                0x00000400                        PROVIDE (__FLASH_CONFIG_START__ = .)
 *(SORT_BY_ALIGNMENT(.FlashConfig))
 .FlashConfig   0x00000400       0x10 ./startup/startup_mcxc444.o
                0x00000400                Flash_Config
                0x00000410                        PROVIDE (__FLASH_CONFIG_END__ = .)
                0x00000001                        ASSERT (! ((__FLASH_CONFIG_START__ == __FLASH_CONFIG_END__)), Linker Flash Config Support Enabled, but no .FlashConfig section provided within application)
 *(SORT_BY_ALIGNMENT(.text*))
 .text.vRestoreContextOfFirstTask
                0x00000410       0x28 ./freertos/freertos-kernel/portable/GCC/ARM_CM0/portasm.o
                0x00000410                vRestoreContextOfFirstTask
 *fill*         0x00000438        0x8 ff
 .text.vStartFirstTask
                0x00000440       0x14 ./freertos/freertos-kernel/portable/GCC/ARM_CM0/portasm.o
                0x00000440                vStartFirstTask
 *fill*         0x00000454        0xc ff
 .text.PendSV_Handler
                0x00000460       0x48 ./freertos/freertos-kernel/portable/GCC/ARM_CM0/portasm.o
                0x00000460                PendSV_Handler
 *fill*         0x000004a8        0x8 ff
 .text.SVC_Handler
                0x000004b0       0x28 ./freertos/freertos-kernel/portable/GCC/ARM_CM0/portasm.o
                0x000004b0                SVC_Handler
 .text.DbgConsole_ReadOneCharacter
                0x000004d8       0x58 ./utilities/debug_console/fsl_debug_console.o
                0x000004d8                DbgConsole_ReadOneCharacter
 .text.DbgConsole_SendDataReliable
                0x00000530       0x5c ./utilities/debug_console/fsl_debug_console.o
                0x00000530                DbgConsole_SendDataReliable
 .text.DbgConsole_ReadCharacter
                0x0000058c       0x44 ./utilities/debug_console/fsl_debug_console.o
                0x0000058c                DbgConsole_ReadCharacter
 .text.DbgConsole_Init
                0x000005d0      0x1a4 ./utilities/debug_console/fsl_debug_console.o
                0x000005d0                DbgConsole_Init
 .text.DbgConsole_Vprintf
                0x00000774       0x70 ./utilities/debug_console/fsl_debug_console.o
                0x00000774                DbgConsole_Vprintf
 .text.__assertion_failed
                0x000007e4       0x34 ./utilities/fsl_assert.o
                0x000007e4                __assertion_failed
 .text.__NVIC_EnableIRQ
                0x00000818       0x34 ./source/main_mcxc/adc.o
 .text.__NVIC_DisableIRQ
                0x0000084c       0x44 ./source/main_mcxc/adc.o
 .text.__NVIC_ClearPendingIRQ
                0x00000890       0x38 ./source/main_mcxc/adc.o
 .text.__NVIC_SetPriority
                0x000008c8       0xdc ./source/main_mcxc/adc.o
 .text.ADC_Init
                0x000009a4       0x98 ./source/main_mcxc/adc.o
                0x000009a4                ADC_Init
 .text.ADC0_IRQHandler
                0x00000a3c       0x30 ./source/main_mcxc/adc.o
                0x00000a3c                ADC0_IRQHandler
 .text.ADC_ReadChannel
                0x00000a6c       0x50 ./source/main_mcxc/adc.o
                0x00000a6c                ADC_ReadChannel
 .text.__NVIC_EnableIRQ
                0x00000abc       0x34 ./source/main_mcxc/buttons.o
 .text.__NVIC_DisableIRQ
                0x00000af0       0x44 ./source/main_mcxc/buttons.o
 .text.__NVIC_ClearPendingIRQ
                0x00000b34       0x38 ./source/main_mcxc/buttons.o
 .text.__NVIC_SetPriority
                0x00000b6c       0xdc ./source/main_mcxc/buttons.o
 .text.Buttons_Init
                0x00000c48       0xb0 ./source/main_mcxc/buttons.o
                0x00000c48                Buttons_Init
 .text.PORTC_PORTD_IRQHandler
                0x00000cf8       0x78 ./source/main_mcxc/buttons.o
                0x00000cf8                PORTC_PORTD_IRQHandler
 .text.PORTA_IRQHandler
                0x00000d70       0x78 ./source/main_mcxc/buttons.o
                0x00000d70                PORTA_IRQHandler
 .text.__NVIC_EnableIRQ
                0x00000de8       0x34 ./source/main_mcxc/esp_uart.o
 .text.__NVIC_DisableIRQ
                0x00000e1c       0x44 ./source/main_mcxc/esp_uart.o
 .text.__NVIC_ClearPendingIRQ
                0x00000e60       0x38 ./source/main_mcxc/esp_uart.o
 .text.__NVIC_SetPriority
                0x00000e98       0xdc ./source/main_mcxc/esp_uart.o
 .text.ESP_UART_WriteByte
                0x00000f74       0x30 ./source/main_mcxc/esp_uart.o
 .text.ESP_UART_HandleFrame
                0x00000fa4       0xf0 ./source/main_mcxc/esp_uart.o
 .text.UART2_FLEXIO_IRQHandler
                0x00001094       0xd8 ./source/main_mcxc/esp_uart.o
                0x00001094                UART2_FLEXIO_IRQHandler
 .text.ESP_UART_Init
                0x0000116c      0x17c ./source/main_mcxc/esp_uart.o
                0x0000116c                ESP_UART_Init
 .text.ESP_UART_ServiceRx
                0x000012e8       0x40 ./source/main_mcxc/esp_uart.o
                0x000012e8                ESP_UART_ServiceRx
 .text.ESP_UART_GetRemoteData
                0x00001328       0xb4 ./source/main_mcxc/esp_uart.o
                0x00001328                ESP_UART_GetRemoteData
 .text.ESP_UART_GetSuggestion
                0x000013dc       0x5c ./source/main_mcxc/esp_uart.o
                0x000013dc                ESP_UART_GetSuggestion
 .text.ESP_UART_SendTelemetry
                0x00001438       0x80 ./source/main_mcxc/esp_uart.o
                0x00001438                ESP_UART_SendTelemetry
 .text.LED_Init
                0x000014b8       0x6c ./source/main_mcxc/led.o
                0x000014b8                LED_Init
 .text.LED_On   0x00001524       0x4c ./source/main_mcxc/led.o
                0x00001524                LED_On
 .text.LED_Off  0x00001570       0x4c ./source/main_mcxc/led.o
                0x00001570                LED_Off
 .text.main     0x000015bc      0x14c ./source/main_mcxc/main.o
                0x000015bc                main
 .text.i2c_start
                0x00001708       0x30 ./source/main_mcxc/ssd1306.o
 .text.i2c_stop
                0x00001738       0x48 ./source/main_mcxc/ssd1306.o
 .text.i2c_waitAck
                0x00001780       0x30 ./source/main_mcxc/ssd1306.o
 .text.i2c_writeByte
                0x000017b0       0x24 ./source/main_mcxc/ssd1306.o
 .text.fb_setPixel
                0x000017d4       0xc4 ./source/main_mcxc/ssd1306.o
 .text.fb_drawChar
                0x00001898      0x144 ./source/main_mcxc/ssd1306.o
 .text.SSD1306_Flush
                0x000019dc       0x68 ./source/main_mcxc/ssd1306.o
 .text.SSD1306_Init
                0x00001a44       0xe0 ./source/main_mcxc/ssd1306.o
                0x00001a44                SSD1306_Init
 .text.SSD1306_Clear
                0x00001b24       0x20 ./source/main_mcxc/ssd1306.o
                0x00001b24                SSD1306_Clear
 .text.SSD1306_ShowAll
                0x00001b44      0x2bc ./source/main_mcxc/ssd1306.o
                0x00001b44                SSD1306_ShowAll
 .text.sensorTask
                0x00001e00      0x1c4 ./source/main_mcxc/tasks.o
                0x00001e00                sensorTask
 .text.remoteTask
                0x00001fc4       0xbc ./source/main_mcxc/tasks.o
                0x00001fc4                remoteTask
 .text.buttonTask
                0x00002080      0x12c ./source/main_mcxc/tasks.o
                0x00002080                buttonTask
 .text.alertTask
                0x000021ac      0x2e4 ./source/main_mcxc/tasks.o
                0x000021ac                alertTask
 .text.printTask
                0x00002490      0x1e4 ./source/main_mcxc/tasks.o
                0x00002490                printTask
 .text.HardFault_Handler
                0x00002674       0x38 ./source/semihost_hardfault.o
                0x00002674                HardFault_Handler
 .text.pvPortMalloc
                0x000026ac      0x1f4 ./freertos/freertos-kernel/portable/MemMang/heap_4.o
                0x000026ac                pvPortMalloc
 .text.vPortFree
                0x000028a0       0xb8 ./freertos/freertos-kernel/portable/MemMang/heap_4.o
                0x000028a0                vPortFree
 .text.prvHeapInit
                0x00002958       0xb0 ./freertos/freertos-kernel/portable/MemMang/heap_4.o
 .text.prvInsertBlockIntoFreeList
                0x00002a08       0xe0 ./freertos/freertos-kernel/portable/MemMang/heap_4.o
 .text.vPortSetupTimerInterrupt
                0x00002ae8       0x44 ./freertos/freertos-kernel/portable/GCC/ARM_CM0/port.o
                0x00002ae8                vPortSetupTimerInterrupt
 .text.prvTaskExitError
                0x00002b2c       0x30 ./freertos/freertos-kernel/portable/GCC/ARM_CM0/port.o
 .text.vPortYield
                0x00002b5c       0x20 ./freertos/freertos-kernel/portable/GCC/ARM_CM0/port.o
                0x00002b5c                vPortYield
 .text.vPortEnterCritical
                0x00002b7c       0x24 ./freertos/freertos-kernel/portable/GCC/ARM_CM0/port.o
                0x00002b7c                vPortEnterCritical
 .text.vPortExitCritical
                0x00002ba0       0x30 ./freertos/freertos-kernel/portable/GCC/ARM_CM0/port.o
                0x00002ba0                vPortExitCritical
 .text.SysTick_Handler
                0x00002bd0       0x34 ./freertos/freertos-kernel/portable/GCC/ARM_CM0/port.o
                0x00002bd0                SysTick_Handler
 .text.pxPortInitialiseStack
                0x00002c04      0x11c ./freertos/freertos-kernel/portable/GCC/ARM_CM0/port.o
                0x00002c04                pxPortInitialiseStack
 .text.xPortStartScheduler
                0x00002d20       0x8c ./freertos/freertos-kernel/portable/GCC/ARM_CM0/port.o
                0x00002d20                xPortStartScheduler
 .text.vQueueAddToRegistry
                0x00002dac       0x8c ./freertos/freertos-kernel/queue.o
                0x00002dac                vQueueAddToRegistry
 .text.prvInitialiseNewTask
                0x00002e38      0x104 ./freertos/freertos-kernel/tasks.o
 .text.prvAddNewTaskToReadyList
                0x00002f3c      0x120 ./freertos/freertos-kernel/tasks.o
 .text.xTaskDelayUntil
                0x0000305c       0xc0 ./freertos/freertos-kernel/tasks.o
                0x0000305c                xTaskDelayUntil
 .text.vTaskDelay
                0x0000311c       0x4c ./freertos/freertos-kernel/tasks.o
                0x0000311c                vTaskDelay
 .text.prvCreateIdleTasks
                0x00003168       0x98 ./freertos/freertos-kernel/tasks.o
 .text.vTaskStartScheduler
                0x00003200       0x68 ./freertos/freertos-kernel/tasks.o
                0x00003200                vTaskStartScheduler
 .text.vTaskSuspendAll
                0x00003268       0x18 ./freertos/freertos-kernel/tasks.o
                0x00003268                vTaskSuspendAll
 .text.xTaskResumeAll
                0x00003280      0x1ec ./freertos/freertos-kernel/tasks.o
                0x00003280                xTaskResumeAll
 .text.xTaskGetTickCount
                0x0000346c       0x1c ./freertos/freertos-kernel/tasks.o
                0x0000346c                xTaskGetTickCount
 .text.xTaskGetTickCountFromISR
                0x00003488       0x20 ./freertos/freertos-kernel/tasks.o
                0x00003488                xTaskGetTickCountFromISR
 .text.uxTaskGetNumberOfTasks
                0x000034a8       0x14 ./freertos/freertos-kernel/tasks.o
                0x000034a8                uxTaskGetNumberOfTasks
 .text.xTaskIncrementTick
                0x000034bc      0x204 ./freertos/freertos-kernel/tasks.o
                0x000034bc                xTaskIncrementTick
 .text.vTaskSwitchContext
                0x000036c0       0xa8 ./freertos/freertos-kernel/tasks.o
                0x000036c0                vTaskSwitchContext
 .text.vTaskPlaceOnEventList
                0x00003768       0x40 ./freertos/freertos-kernel/tasks.o
                0x00003768                vTaskPlaceOnEventList
 .text.vTaskPlaceOnEventListRestricted
                0x000037a8       0x80 ./freertos/freertos-kernel/tasks.o
                0x000037a8                vTaskPlaceOnEventListRestricted
 .text.xTaskRemoveFromEventList
                0x00003828      0x19c ./freertos/freertos-kernel/tasks.o
                0x00003828                xTaskRemoveFromEventList
 .text.vTaskInternalSetTimeOutState
                0x000039c4       0x28 ./freertos/freertos-kernel/tasks.o
                0x000039c4                vTaskInternalSetTimeOutState
 .text.xTaskCheckForTimeOut
                0x000039ec       0xac ./freertos/freertos-kernel/tasks.o
                0x000039ec                xTaskCheckForTimeOut
 .text.vTaskMissedYield
                0x00003a98       0x14 ./freertos/freertos-kernel/tasks.o
                0x00003a98                vTaskMissedYield
 .text.prvIdleTask
                0x00003aac       0x20 ./freertos/freertos-kernel/tasks.o
 .text.prvInitialiseTaskLists
                0x00003acc       0x88 ./freertos/freertos-kernel/tasks.o
 .text.prvCheckTasksWaitingTermination
                0x00003b54       0x5c ./freertos/freertos-kernel/tasks.o
 .text.prvResetNextTaskUnblockTime
                0x00003bb0       0x34 ./freertos/freertos-kernel/tasks.o
 .text.xTaskGetSchedulerState
                0x00003be4       0x38 ./freertos/freertos-kernel/tasks.o
                0x00003be4                xTaskGetSchedulerState
 .text.xTaskPriorityInherit
                0x00003c1c      0x124 ./freertos/freertos-kernel/tasks.o
                0x00003c1c                xTaskPriorityInherit
 .text.xTaskPriorityDisinherit
                0x00003d40      0x10c ./freertos/freertos-kernel/tasks.o
                0x00003d40                xTaskPriorityDisinherit
 .text.vTaskPriorityDisinheritAfterTimeout
                0x00003e4c      0x134 ./freertos/freertos-kernel/tasks.o
                0x00003e4c                vTaskPriorityDisinheritAfterTimeout
 .text.pvTaskIncrementMutexHeldCount
                0x00003f80       0x2c ./freertos/freertos-kernel/tasks.o
                0x00003f80                pvTaskIncrementMutexHeldCount
 .text.xTaskGenericNotify
                0x00003fac      0x214 ./freertos/freertos-kernel/tasks.o
                0x00003fac                xTaskGenericNotify
 .text.xTaskGenericNotifyFromISR
                0x000041c0      0x27c ./freertos/freertos-kernel/tasks.o
                0x000041c0                xTaskGenericNotifyFromISR
 .text.prvAddCurrentTaskToDelayedList
                0x0000443c       0xe4 ./freertos/freertos-kernel/tasks.o
 .text.xTimerCreateTimerTask
                0x00004520       0x54 ./freertos/freertos-kernel/timers.o
                0x00004520                xTimerCreateTimerTask
 .text.prvProcessExpiredTimer
                0x00004574       0x64 ./freertos/freertos-kernel/timers.o
 .text.prvProcessTimerOrBlockTask
                0x000045d8       0x90 ./freertos/freertos-kernel/timers.o
 .text.prvGetNextExpireTime
                0x00004668       0x44 ./freertos/freertos-kernel/timers.o
 .text.prvSampleTimeNow
                0x000046ac       0x40 ./freertos/freertos-kernel/timers.o
 .text.prvInsertTimerInActiveList
                0x000046ec       0x84 ./freertos/freertos-kernel/timers.o
 .text.prvProcessReceivedCommands
                0x00004770      0x198 ./freertos/freertos-kernel/timers.o
 .text.prvSwitchTimerLists
                0x00004908       0x50 ./freertos/freertos-kernel/timers.o
 .text.prvCheckForValidListAndQueue
                0x00004958       0x74 ./freertos/freertos-kernel/timers.o
 .text.CLOCK_SetEr32kClock
                0x000049cc       0x34 ./drivers/fsl_clock.o
 .text.CLOCK_GetLircClkFreq
                0x00004a00       0x50 ./drivers/fsl_clock.o
 .text.CLOCK_GetOsc0ErClkFreq
                0x00004a50       0x44 ./drivers/fsl_clock.o
                0x00004a50                CLOCK_GetOsc0ErClkFreq
 .text.CLOCK_GetEr32kClkFreq
                0x00004a94       0x78 ./drivers/fsl_clock.o
                0x00004a94                CLOCK_GetEr32kClkFreq
 .text.CLOCK_GetBusClkFreq
                0x00004b0c       0x50 ./drivers/fsl_clock.o
                0x00004b0c                CLOCK_GetBusClkFreq
 .text.CLOCK_GetFreq
                0x00004b5c       0xc0 ./drivers/fsl_clock.o
                0x00004b5c                CLOCK_GetFreq
 .text.CLOCK_SetSimConfig
                0x00004c1c       0x2c ./drivers/fsl_clock.o
                0x00004c1c                CLOCK_SetSimConfig
 .text.CLOCK_GetInternalRefClkFreq
                0x00004c48       0x48 ./drivers/fsl_clock.o
                0x00004c48                CLOCK_GetInternalRefClkFreq
 .text.CLOCK_GetPeriphClkFreq
                0x00004c90       0x3c ./drivers/fsl_clock.o
                0x00004c90                CLOCK_GetPeriphClkFreq
 .text.CLOCK_GetOutClkFreq
                0x00004ccc       0x7c ./drivers/fsl_clock.o
                0x00004ccc                CLOCK_GetOutClkFreq
 .text.CLOCK_SetMcgliteConfig
                0x00004d48      0x110 ./drivers/fsl_clock.o
                0x00004d48                CLOCK_SetMcgliteConfig
 .text.CLOCK_EnableClock
                0x00004e58       0x34 ./drivers/fsl_lpuart.o
 .text.LPUART_GetInstance
                0x00004e8c       0x4c ./drivers/fsl_lpuart.o
                0x00004e8c                LPUART_GetInstance
 .text.LPUART_Init
                0x00004ed8      0x338 ./drivers/fsl_lpuart.o
                0x00004ed8                LPUART_Init
 .text.LPUART_GetDefaultConfig
                0x00005210       0x68 ./drivers/fsl_lpuart.o
                0x00005210                LPUART_GetDefaultConfig
 .text.LPUART_GetStatusFlags
                0x00005278       0x24 ./drivers/fsl_lpuart.o
                0x00005278                LPUART_GetStatusFlags
 .text.LPUART_ClearStatusFlags
                0x0000529c       0x54 ./drivers/fsl_lpuart.o
                0x0000529c                LPUART_ClearStatusFlags
 .text.LPUART_WriteBlocking
                0x000052f0       0x6c ./drivers/fsl_lpuart.o
                0x000052f0                LPUART_WriteBlocking
 .text.LPUART_WaitForReadData
                0x0000535c       0xe0 ./drivers/fsl_lpuart.o
 .text.LPUART_ReadBlocking
                0x0000543c       0x64 ./drivers/fsl_lpuart.o
                0x0000543c                LPUART_ReadBlocking
 .text.LPUART0_DriverIRQHandler
                0x000054a0       0x24 ./drivers/fsl_lpuart.o
                0x000054a0                LPUART0_DriverIRQHandler
 .text.LPUART1_DriverIRQHandler
                0x000054c4       0x24 ./drivers/fsl_lpuart.o
                0x000054c4                LPUART1_DriverIRQHandler
 .text.SystemInit
                0x000054e8       0x40 ./device/system_MCXC444.o
                0x000054e8                SystemInit
 .text.HAL_UartGetStatus
                0x00005528       0x34 ./component/uart/fsl_adapter_lpuart.o
 .text.HAL_UartInitCommon
                0x0000555c       0xa0 ./component/uart/fsl_adapter_lpuart.o
 .text.HAL_UartInit
                0x000055fc       0x98 ./component/uart/fsl_adapter_lpuart.o
                0x000055fc                HAL_UartInit
 .text.HAL_UartReceiveBlocking
                0x00005694       0x78 ./component/uart/fsl_adapter_lpuart.o
                0x00005694                HAL_UartReceiveBlocking
 .text.HAL_UartSendBlocking
                0x0000570c       0x6c ./component/uart/fsl_adapter_lpuart.o
                0x0000570c                HAL_UartSendBlocking
 .text.SerialManager_StartWriting
                0x00005778       0x44 ./component/serial_manager/fsl_component_serial_manager.o
 .text.SerialManager_StartReading
                0x000057bc       0x44 ./component/serial_manager/fsl_component_serial_manager.o
 .text.SerialManager_Init
                0x00005800       0x70 ./component/serial_manager/fsl_component_serial_manager.o
                0x00005800                SerialManager_Init
 .text.SerialManager_OpenReadHandle
                0x00005870       0x74 ./component/serial_manager/fsl_component_serial_manager.o
                0x00005870                SerialManager_OpenReadHandle
 .text.CLOCK_SetLpuart0Clock
                0x000058e4       0x38 ./board/board.o
 .text.CLOCK_SetSimSafeDivs
                0x0000591c       0x20 ./board/clock_config.o
 .text.BOARD_BootClockRUN
                0x0000593c       0x34 ./board/clock_config.o
                0x0000593c                BOARD_BootClockRUN
 .text.CLOCK_EnableClock
                0x00005970       0x34 ./board/pin_mux.o
 .text.PORT_SetPinMux
                0x000059a4       0x40 ./board/pin_mux.o
 .text.BOARD_InitDEBUG_UARTPins
                0x000059e4       0x4c ./board/pin_mux.o
                0x000059e4                BOARD_InitDEBUG_UARTPins
 .text.malloc   0x00005a30       0xd4 /Applications/MCUXpressoIDE_25.6.136/ide/plugins/com.nxp.mcuxpresso.tools.macosx_25.6.0.202501151204/tools/bin/../lib/gcc/arm-none-eabi/14.2.1/../../../../arm-none-eabi/lib/thumb/v6-m/nofp/libcr_c.a(alloc.o)
                0x00005a30                malloc
 .text._Csys_alloc
                0x00005b04       0x20 /Applications/MCUXpressoIDE_25.6.136/ide/plugins/com.nxp.mcuxpresso.tools.macosx_25.6.0.202501151204/tools/bin/../lib/gcc/arm-none-eabi/14.2.1/../../../../arm-none-eabi/lib/thumb/v6-m/nofp/libcr_c.a(alloc.o)
                0x00005b04                _Csys_alloc
 .text._initio  0x00005b24       0x7c /Applications/MCUXpressoIDE_25.6.136/ide/plugins/com.nxp.mcuxpresso.tools.macosx_25.6.0.202501151204/tools/bin/../lib/gcc/arm-none-eabi/14.2.1/../../../../arm-none-eabi/lib/thumb/v6-m/nofp/libcr_c.a(initio.o)
                0x00005b24                _initio
 .text.__vfprintf
                0x00005ba0      0xd50 /Applications/MCUXpressoIDE_25.6.136/ide/plugins/com.nxp.mcuxpresso.tools.macosx_25.6.0.202501151204/tools/bin/../lib/gcc/arm-none-eabi/14.2.1/../../../../arm-none-eabi/lib/thumb/v6-m/nofp/libcr_c.a(printf.o)
                0x00005ba0                __vfprintf
 .text._snprintf
                0x000068f0       0x7c /Applications/MCUXpressoIDE_25.6.136/ide/plugins/com.nxp.mcuxpresso.tools.macosx_25.6.0.202501151204/tools/bin/../lib/gcc/arm-none-eabi/14.2.1/../../../../arm-none-eabi/lib/thumb/v6-m/nofp/libcr_c.a(printf.o)
                0x000068f0                _snprintf
 .text.ch_val   0x0000696c       0x2c /Applications/MCUXpressoIDE_25.6.136/ide/plugins/com.nxp.mcuxpresso.tools.macosx_25.6.0.202501151204/tools/bin/../lib/gcc/arm-none-eabi/14.2.1/../../../../arm-none-eabi/lib/thumb/v6-m/nofp/libcr_c.a(scanf.o)
 .text.cr_rd_int
                0x00006998      0x1c0 /Applications/MCUXpressoIDE_25.6.136/ide/plugins/com.nxp.mcuxpresso.tools.macosx_25.6.0.202501151204/tools/bin/../lib/gcc/arm-none-eabi/14.2.1/../../../../arm-none-eabi/lib/thumb/v6-m/nofp/libcr_c.a(scanf.o)
 .text.vfscanf  0x00006b58      0x90c /Applications/MCUXpressoIDE_25.6.136/ide/plugins/com.nxp.mcuxpresso.tools.macosx_25.6.0.202501151204/tools/bin/../lib/gcc/arm-none-eabi/14.2.1/../../../../arm-none-eabi/lib/thumb/v6-m/nofp/libcr_c.a(scanf.o)
                0x00006b58                vfscanf
 .text.setvbuf  0x00007464       0x4c /Applications/MCUXpressoIDE_25.6.136/ide/plugins/com.nxp.mcuxpresso.tools.macosx_25.6.0.202501151204/tools/bin/../lib/gcc/arm-none-eabi/14.2.1/../../../../arm-none-eabi/lib/thumb/v6-m/nofp/libcr_c.a(setvbuf.o)
                0x00007464                setvbuf
 .text.strlen   0x000074b0       0x5c /Applications/MCUXpressoIDE_25.6.136/ide/plugins/com.nxp.mcuxpresso.tools.macosx_25.6.0.202501151204/tools/bin/../lib/gcc/arm-none-eabi/14.2.1/../../../../arm-none-eabi/lib/thumb/v6-m/nofp/libcr_c.a(strlen.o)
                0x000074b0                strlen
 .text.strncmp  0x0000750c       0x50 /Applications/MCUXpressoIDE_25.6.136/ide/plugins/com.nxp.mcuxpresso.tools.macosx_25.6.0.202501151204/tools/bin/../lib/gcc/arm-none-eabi/14.2.1/../../../../arm-none-eabi/lib/thumb/v6-m/nofp/libcr_c.a(strncmp.o)
                0x0000750c                strncmp
 .text.strncpy  0x0000755c       0x58 /Applications/MCUXpressoIDE_25.6.136/ide/plugins/com.nxp.mcuxpresso.tools.macosx_25.6.0.202501151204/tools/bin/../lib/gcc/arm-none-eabi/14.2.1/../../../../arm-none-eabi/lib/thumb/v6-m/nofp/libcr_c.a(strncpy.o)
                0x0000755c                strncpy
 .text.ungetc   0x000075b4       0x3c /Applications/MCUXpressoIDE_25.6.136/ide/plugins/com.nxp.mcuxpresso.tools.macosx_25.6.0.202501151204/tools/bin/../lib/gcc/arm-none-eabi/14.2.1/../../../../arm-none-eabi/lib/thumb/v6-m/nofp/libcr_c.a(ungetc.o)
                0x000075b4                ungetc
 .text.__filbuf
                0x000075f0      0x180 /Applications/MCUXpressoIDE_25.6.136/ide/plugins/com.nxp.mcuxpresso.tools.macosx_25.6.0.202501151204/tools/bin/../lib/gcc/arm-none-eabi/14.2.1/../../../../arm-none-eabi/lib/thumb/v6-m/nofp/libcr_c.a(__fillbuf.o)
                0x000075f0                __filbuf
 .text._sbrk    0x00007770       0x40 /Applications/MCUXpressoIDE_25.6.136/ide/plugins/com.nxp.mcuxpresso.tools.macosx_25.6.0.202501151204/tools/bin/../lib/gcc/arm-none-eabi/14.2.1/../../../../arm-none-eabi/lib/thumb/v6-m/nofp/libcr_c.a(_cr_sbrk.o)
                0x00007770                _sbrk
 .text._deferredlazyseek
                0x000077b0       0x44 /Applications/MCUXpressoIDE_25.6.136/ide/plugins/com.nxp.mcuxpresso.tools.macosx_25.6.0.202501151204/tools/bin/../lib/gcc/arm-none-eabi/14.2.1/../../../../arm-none-eabi/lib/thumb/v6-m/nofp/libcr_c.a(_deferredlazyseek.o)
                0x000077b0                _deferredlazyseek
 .text.__flsbuf
                0x000077f4      0x130 /Applications/MCUXpressoIDE_25.6.136/ide/plugins/com.nxp.mcuxpresso.tools.macosx_25.6.0.202501151204/tools/bin/../lib/gcc/arm-none-eabi/14.2.1/../../../../arm-none-eabi/lib/thumb/v6-m/nofp/libcr_c.a(_deferredlazyseek.o)
                0x000077f4                __flsbuf
 .text._fdopen  0x00007924       0x74 /Applications/MCUXpressoIDE_25.6.136/ide/plugins/com.nxp.mcuxpresso.tools.macosx_25.6.0.202501151204/tools/bin/../lib/gcc/arm-none-eabi/14.2.1/../../../../arm-none-eabi/lib/thumb/v6-m/nofp/libcr_c.a(_fdopen.o)
                0x00007924                _fdopen
 .text._fflush  0x00007998       0x5c /Applications/MCUXpressoIDE_25.6.136/ide/plugins/com.nxp.mcuxpresso.tools.macosx_25.6.0.202501151204/tools/bin/../lib/gcc/arm-none-eabi/14.2.1/../../../../arm-none-eabi/lib/thumb/v6-m/nofp/libcr_c.a(_fflush.o)
                0x00007998                _fflush
 .text._frexpl  0x000079f4       0x80 /Applications/MCUXpressoIDE_25.6.136/ide/plugins/com.nxp.mcuxpresso.tools.macosx_25.6.0.202501151204/tools/bin/../lib/gcc/arm-none-eabi/14.2.1/../../../../arm-none-eabi/lib/thumb/v6-m/nofp/libcr_c.a(_frexpl.o)
                0x000079f4                _frexpl
 .text._ldexpl  0x00007a74       0x58 /Applications/MCUXpressoIDE_25.6.136/ide/plugins/com.nxp.mcuxpresso.tools.macosx_25.6.0.202501151204/tools/bin/../lib/gcc/arm-none-eabi/14.2.1/../../../../arm-none-eabi/lib/thumb/v6-m/nofp/libcr_c.a(_ldexpl.o)
                0x00007a74                _ldexpl
 .text._Cwritebuf
                0x00007acc       0x68 /Applications/MCUXpressoIDE_25.6.136/ide/plugins/com.nxp.mcuxpresso.tools.macosx_25.6.0.202501151204/tools/bin/../lib/gcc/arm-none-eabi/14.2.1/../../../../arm-none-eabi/lib/thumb/v6-m/nofp/libcr_c.a(_writebuf.o)
                0x00007acc                _Cwritebuf
 .text.fclose   0x00007b34       0x5c /Applications/MCUXpressoIDE_25.6.136/ide/plugins/com.nxp.mcuxpresso.tools.macosx_25.6.0.202501151204/tools/bin/../lib/gcc/arm-none-eabi/14.2.1/../../../../arm-none-eabi/lib/thumb/v6-m/nofp/libcr_c.a(fclose.o)
                0x00007b34                fclose
 .text.fflush   0x00007b90       0x40 /Applications/MCUXpressoIDE_25.6.136/ide/plugins/com.nxp.mcuxpresso.tools.macosx_25.6.0.202501151204/tools/bin/../lib/gcc/arm-none-eabi/14.2.1/../../../../arm-none-eabi/lib/thumb/v6-m/nofp/libcr_c.a(fflush.o)
                0x00007b90                fflush
 .text.fseek    0x00007bd0       0xec /Applications/MCUXpressoIDE_25.6.136/ide/plugins/com.nxp.mcuxpresso.tools.macosx_25.6.0.202501151204/tools/bin/../lib/gcc/arm-none-eabi/14.2.1/../../../../arm-none-eabi/lib/thumb/v6-m/nofp/libcr_c.a(fseek.o)
                0x00007bd0                fseek
 .text.ftell    0x00007cbc       0x4c /Applications/MCUXpressoIDE_25.6.136/ide/plugins/com.nxp.mcuxpresso.tools.macosx_25.6.0.202501151204/tools/bin/../lib/gcc/arm-none-eabi/14.2.1/../../../../arm-none-eabi/lib/thumb/v6-m/nofp/libcr_c.a(ftell.o)
                0x00007cbc                ftell
 .text.__check_heap_overflow
                0x00007d08       0x18 /Applications/MCUXpressoIDE_25.6.136/ide/plugins/com.nxp.mcuxpresso.tools.macosx_25.6.0.202501151204/tools/bin/../lib/gcc/arm-none-eabi/14.2.1/../../../../arm-none-eabi/lib/thumb/v6-m/nofp/libcr_c.a(_cr_check_heap.o)
                0x00007d08                __check_heap_overflow
 .text._do_fflush
                0x00007d20       0x48 /Applications/MCUXpressoIDE_25.6.136/ide/plugins/com.nxp.mcuxpresso.tools.macosx_25.6.0.202501151204/tools/bin/../lib/gcc/arm-none-eabi/14.2.1/../../../../arm-none-eabi/lib/thumb/v6-m/nofp/libcr_c.a(_do_fflush.o)
                0x00007d20                _do_fflush
 .text.__aeabi_dmul
                0x00007d68      0x190 /Applications/MCUXpressoIDE_25.6.136/ide/plugins/com.nxp.mcuxpresso.tools.macosx_25.6.0.202501151204/tools/bin/../lib/gcc/arm-none-eabi/14.2.1/thumb/v6-m/nofp/libcr_eabihelpers.a(double.o)
                0x00007d68                __aeabi_dmul
 .text.__aeabi_ddiv
                0x00007ef8      0x16c /Applications/MCUXpressoIDE_25.6.136/ide/plugins/com.nxp.mcuxpresso.tools.macosx_25.6.0.202501151204/tools/bin/../lib/gcc/arm-none-eabi/14.2.1/thumb/v6-m/nofp/libcr_eabihelpers.a(double.o)
                0x00007ef8                __aeabi_ddiv
 .text.__aeabi_dsub
                0x00008064      0x1c8 /Applications/MCUXpressoIDE_25.6.136/ide/plugins/com.nxp.mcuxpresso.tools.macosx_25.6.0.202501151204/tools/bin/../lib/gcc/arm-none-eabi/14.2.1/thumb/v6-m/nofp/libcr_eabihelpers.a(double.o)
                0x00008064                __aeabi_dsub
 .text.__aeabi_dadd
                0x0000822c      0x140 /Applications/MCUXpressoIDE_25.6.136/ide/plugins/com.nxp.mcuxpresso.tools.macosx_25.6.0.202501151204/tools/bin/../lib/gcc/arm-none-eabi/14.2.1/thumb/v6-m/nofp/libcr_eabihelpers.a(double.o)
                0x0000822c                __aeabi_dadd
 .text.__aeabi_d2f
                0x0000836c       0x64 /Applications/MCUXpressoIDE_25.6.136/ide/plugins/com.nxp.mcuxpresso.tools.macosx_25.6.0.202501151204/tools/bin/../lib/gcc/arm-none-eabi/14.2.1/thumb/v6-m/nofp/libcr_eabihelpers.a(double.o)
                0x0000836c                __aeabi_d2f
 .text.__aeabi_dcmpeq
                0x000083d0       0x34 /Applications/MCUXpressoIDE_25.6.136/ide/plugins/com.nxp.mcuxpresso.tools.macosx_25.6.0.202501151204/tools/bin/../lib/gcc/arm-none-eabi/14.2.1/thumb/v6-m/nofp/libcr_eabihelpers.a(double.o)
                0x000083d0                __aeabi_dcmpeq
 .text.__aeabi_dcmpge
                0x00008404       0x68 /Applications/MCUXpressoIDE_25.6.136/ide/plugins/com.nxp.mcuxpresso.tools.macosx_25.6.0.202501151204/tools/bin/../lib/gcc/arm-none-eabi/14.2.1/thumb/v6-m/nofp/libcr_eabihelpers.a(double.o)
                0x00008404                __aeabi_dcmpge
 .text.__aeabi_fmul
                0x0000846c       0xcc /Applications/MCUXpressoIDE_25.6.136/ide/plugins/com.nxp.mcuxpresso.tools.macosx_25.6.0.202501151204/tools/bin/../lib/gcc/arm-none-eabi/14.2.1/thumb/v6-m/nofp/libcr_eabihelpers.a(float.o)
                0x0000846c                __aeabi_fmul
 .text.__aeabi_fdiv
                0x00008538       0xf0 /Applications/MCUXpressoIDE_25.6.136/ide/plugins/com.nxp.mcuxpresso.tools.macosx_25.6.0.202501151204/tools/bin/../lib/gcc/arm-none-eabi/14.2.1/thumb/v6-m/nofp/libcr_eabihelpers.a(float.o)
                0x00008538                __aeabi_fdiv
 .text.__aeabi_f2iz
                0x00008628       0x34 /Applications/MCUXpressoIDE_25.6.136/ide/plugins/com.nxp.mcuxpresso.tools.macosx_25.6.0.202501151204/tools/bin/../lib/gcc/arm-none-eabi/14.2.1/thumb/v6-m/nofp/libcr_eabihelpers.a(float.o)
                0x00008628                __aeabi_f2iz
 .text.__aeabi_f2d
                0x0000865c       0x40 /Applications/MCUXpressoIDE_25.6.136/ide/plugins/com.nxp.mcuxpresso.tools.macosx_25.6.0.202501151204/tools/bin/../lib/gcc/arm-none-eabi/14.2.1/thumb/v6-m/nofp/libcr_eabihelpers.a(float.o)
                0x0000865c                __aeabi_f2d
 .text.PrintGetWidth
                0x0000869c       0x7c ./utilities/str/fsl_str.o
 .text.PrintGetPrecision
                0x00008718       0xa0 ./utilities/str/fsl_str.o
 .text.PrintIsobpu
                0x000087b8       0x3e ./utilities/str/fsl_str.o
 .text.PrintIsdi
                0x000087f6       0x2e ./utilities/str/fsl_str.o
 .text.PrintOutputdifFobpu
                0x00008824       0x48 ./utilities/str/fsl_str.o
 .text.PrintOutputxX
                0x0000886c       0x48 ./utilities/str/fsl_str.o
 .text.PrintIsfF
                0x000088b4       0x2e ./utilities/str/fsl_str.o
 .text.PrintIsxX
                0x000088e2       0x2e ./utilities/str/fsl_str.o
 .text.PrintFilterLengthFlag
                0x00008910       0x44 ./utilities/str/fsl_str.o
 .text.PrintGetRadixFromobpu
                0x00008954       0x58 ./utilities/str/fsl_str.o
 .text.ConvertRadixNumToString
                0x000089ac       0xc0 ./utilities/str/fsl_str.o
 .text.StrFormatExaminedi
                0x00008a6c       0x22 ./utilities/str/fsl_str.o
 .text.StrFormatExaminexX
                0x00008a8e       0x22 ./utilities/str/fsl_str.o
 .text.StrFormatExamineobpu
                0x00008ab0       0x22 ./utilities/str/fsl_str.o
 .text.ConvertPrecisionWidthToLength
                0x00008ad2       0x22 ./utilities/str/fsl_str.o
 .text.StrFormatPrintf
                0x00008af4      0x2d6 ./utilities/str/fsl_str.o
                0x00008af4                StrFormatPrintf
 .text.DbgConsole_PrintCallback
                0x00008dca       0x6c ./utilities/debug_console/fsl_debug_console.o
 .text.DbgConsole_Printf
                0x00008e36       0x32 ./utilities/debug_console/fsl_debug_console.o
                0x00008e36                DbgConsole_Printf
 .text.__sys_write
                0x00008e68       0x40 ./utilities/debug_console/fsl_debug_console.o
                0x00008e68                __sys_write
 .text.__sys_readc
                0x00008ea8       0x1a ./utilities/debug_console/fsl_debug_console.o
                0x00008ea8                __sys_readc
 .text.fsl_assert_hook
                0x00008ec2       0x16 ./utilities/fsl_assert.o
                0x00008ec2                fsl_assert_hook
 .text.ADC_ReadMicWindow
                0x00008ed8       0xaa ./source/main_mcxc/adc.o
                0x00008ed8                ADC_ReadMicWindow
 .text.ESP_UART_WriteString
                0x00008f82       0x2c ./source/main_mcxc/esp_uart.o
 .text.LED_OffAll
                0x00008fae       0x1c ./source/main_mcxc/led.o
                0x00008fae                LED_OffAll
 .text.LED_SetRGB
                0x00008fca       0x68 ./source/main_mcxc/led.o
                0x00008fca                LED_SetRGB
 .text.ssd1306_write
                0x00009032       0x6a ./source/main_mcxc/ssd1306.o
 .text.ssd1306_cmd
                0x0000909c       0x20 ./source/main_mcxc/ssd1306.o
 .text.ssd1306_cmd2
                0x000090bc       0x38 ./source/main_mcxc/ssd1306.o
 .text.fb_drawString
                0x000090f4       0x58 ./source/main_mcxc/ssd1306.o
 .text.fb_hLine
                0x0000914c       0x4a ./source/main_mcxc/ssd1306.o
 .text.u16ToString
                0x00009196      0x11a ./source/main_mcxc/ssd1306.o
 .text.fb_drawWrapped
                0x000092b0      0x132 ./source/main_mcxc/ssd1306.o
 .text.warningStateFromCount
                0x000093e2       0x3a ./source/main_mcxc/tasks.o
 .text.vPortSVCHandler_C
                0x0000941c       0x38 ./freertos/freertos-kernel/portable/GCC/ARM_CM0/port.o
                0x0000941c                vPortSVCHandler_C
 .text.ulSetInterruptMask
                0x00009454        0xc ./freertos/freertos-kernel/portable/GCC/ARM_CM0/portasm.o
                0x00009454                ulSetInterruptMask
 .text.vClearInterruptMask
                0x00009460        0x8 ./freertos/freertos-kernel/portable/GCC/ARM_CM0/portasm.o
                0x00009460                vClearInterruptMask
 .text.vListInitialise
                0x00009468       0x3c ./freertos/freertos-kernel/list.o
                0x00009468                vListInitialise
 .text.vListInitialiseItem
                0x000094a4       0x16 ./freertos/freertos-kernel/list.o
                0x000094a4                vListInitialiseItem
 .text.vListInsert
                0x000094ba       0x6c ./freertos/freertos-kernel/list.o
                0x000094ba                vListInsert
 .text.uxListRemove
                0x00009526       0x50 ./freertos/freertos-kernel/list.o
                0x00009526                uxListRemove
 .text.xQueueGenericReset
                0x00009576      0x116 ./freertos/freertos-kernel/queue.o
                0x00009576                xQueueGenericReset
 .text.xQueueGenericCreate
                0x0000968c       0xbe ./freertos/freertos-kernel/queue.o
                0x0000968c                xQueueGenericCreate
 .text.prvInitialiseNewQueue
                0x0000974a       0x4e ./freertos/freertos-kernel/queue.o
 .text.prvInitialiseMutex
                0x00009798       0x34 ./freertos/freertos-kernel/queue.o
 .text.xQueueCreateMutex
                0x000097cc       0x38 ./freertos/freertos-kernel/queue.o
                0x000097cc                xQueueCreateMutex
 .text.xQueueGenericSend
                0x00009804      0x190 ./freertos/freertos-kernel/queue.o
                0x00009804                xQueueGenericSend
 .text.xQueueGiveFromISR
                0x00009994       0xf6 ./freertos/freertos-kernel/queue.o
                0x00009994                xQueueGiveFromISR
 .text.xQueueReceive
                0x00009a8a      0x170 ./freertos/freertos-kernel/queue.o
                0x00009a8a                xQueueReceive
 .text.xQueueSemaphoreTake
                0x00009bfa      0x1b0 ./freertos/freertos-kernel/queue.o
                0x00009bfa                xQueueSemaphoreTake
 .text.prvGetDisinheritPriorityAfterTimeout
                0x00009daa       0x2c ./freertos/freertos-kernel/queue.o
 .text.prvCopyDataToQueue
                0x00009dd6       0xd6 ./freertos/freertos-kernel/queue.o
 .text.prvCopyDataFromQueue
                0x00009eac       0x4c ./freertos/freertos-kernel/queue.o
 .text.prvUnlockQueue
                0x00009ef8       0xbc ./freertos/freertos-kernel/queue.o
 .text.prvIsQueueEmpty
                0x00009fb4       0x2c ./freertos/freertos-kernel/queue.o
 .text.prvIsQueueFull
                0x00009fe0       0x30 ./freertos/freertos-kernel/queue.o
 .text.vQueueWaitForMessageRestricted
                0x0000a010       0x66 ./freertos/freertos-kernel/queue.o
                0x0000a010                vQueueWaitForMessageRestricted
 .text.prvCreateTask
                0x0000a076       0x82 ./freertos/freertos-kernel/tasks.o
 .text.xTaskCreate
                0x0000a0f8       0x4c ./freertos/freertos-kernel/tasks.o
                0x0000a0f8                xTaskCreate
 .text.prvDeleteTCB
                0x0000a144       0x22 ./freertos/freertos-kernel/tasks.o
 .text.prvReloadTimer
                0x0000a166       0x42 ./freertos/freertos-kernel/timers.o
 .text.prvTimerTask
                0x0000a1a8       0x2a ./freertos/freertos-kernel/timers.o
 .text.SystemInitHook
                0x0000a1d2        0xa ./device/system_MCXC444.o
                0x0000a1d2                SystemInitHook
 .text.DisableGlobalIRQ
                0x0000a1dc       0x1e ./component/serial_manager/fsl_component_serial_manager.o
 .text.EnableGlobalIRQ
                0x0000a1fa       0x1c ./component/serial_manager/fsl_component_serial_manager.o
 .text.SerialManager_Write
                0x0000a216       0x44 ./component/serial_manager/fsl_component_serial_manager.o
 .text.SerialManager_Read
                0x0000a25a       0x44 ./component/serial_manager/fsl_component_serial_manager.o
 .text.SerialManager_OpenWriteHandle
                0x0000a29e       0x56 ./component/serial_manager/fsl_component_serial_manager.o
                0x0000a29e                SerialManager_OpenWriteHandle
 .text.SerialManager_WriteBlocking
                0x0000a2f4       0x22 ./component/serial_manager/fsl_component_serial_manager.o
                0x0000a2f4                SerialManager_WriteBlocking
 .text.SerialManager_ReadBlocking
                0x0000a316       0x22 ./component/serial_manager/fsl_component_serial_manager.o
                0x0000a316                SerialManager_ReadBlocking
 .text.Serial_UartInit
                0x0000a338       0x4e ./component/serial_manager/fsl_component_serial_port_uart.o
                0x0000a338                Serial_UartInit
 .text.Serial_UartWrite
                0x0000a386       0x38 ./component/serial_manager/fsl_component_serial_port_uart.o
                0x0000a386                Serial_UartWrite
 .text.Serial_UartRead
                0x0000a3be       0x38 ./component/serial_manager/fsl_component_serial_port_uart.o
                0x0000a3be                Serial_UartRead
 .text.BOARD_InitDebugConsole
                0x0000a3f6       0x2c ./board/board.o
                0x0000a3f6                BOARD_InitDebugConsole
 .text.BOARD_InitBootClocks
                0x0000a422        0xe ./board/clock_config.o
                0x0000a422                BOARD_InitBootClocks
 .text.BOARD_InitPeripherals
                0x0000a430        0xa ./board/peripherals.o
                0x0000a430                BOARD_InitPeripherals
 .text.BOARD_InitBootPeripherals
                0x0000a43a        0xe ./board/peripherals.o
                0x0000a43a                BOARD_InitBootPeripherals
 .text.BOARD_InitBootPins
                0x0000a448        0xe ./board/pin_mux.o
                0x0000a448                BOARD_InitBootPins
 .text.__main   0x0000a456        0xc /Applications/MCUXpressoIDE_25.6.136/ide/plugins/com.nxp.mcuxpresso.tools.macosx_25.6.0.202501151204/tools/bin/../lib/gcc/arm-none-eabi/14.2.1/../../../../arm-none-eabi/lib/thumb/v6-m/nofp/libcr_nohost_nf.a(_cr__main.o)
                0x0000a456                __main
 .text.memcpy   0x0000a462        0x8 /Applications/MCUXpressoIDE_25.6.136/ide/plugins/com.nxp.mcuxpresso.tools.macosx_25.6.0.202501151204/tools/bin/../lib/gcc/arm-none-eabi/14.2.1/../../../../arm-none-eabi/lib/thumb/v6-m/nofp/libcr_c.a(memcpy.o)
                0x0000a462                memcpy
 .text.memset   0x0000a46a        0x8 /Applications/MCUXpressoIDE_25.6.136/ide/plugins/com.nxp.mcuxpresso.tools.macosx_25.6.0.202501151204/tools/bin/../lib/gcc/arm-none-eabi/14.2.1/../../../../arm-none-eabi/lib/thumb/v6-m/nofp/libcr_c.a(memset.o)
                0x0000a46a                memset
 .text.free     0x0000a472       0x2c /Applications/MCUXpressoIDE_25.6.136/ide/plugins/com.nxp.mcuxpresso.tools.macosx_25.6.0.202501151204/tools/bin/../lib/gcc/arm-none-eabi/14.2.1/../../../../arm-none-eabi/lib/thumb/v6-m/nofp/libcr_c.a(alloc.o)
                0x0000a472                free
 .text.no_fp_display
                0x0000a49e        0x4 /Applications/MCUXpressoIDE_25.6.136/ide/plugins/com.nxp.mcuxpresso.tools.macosx_25.6.0.202501151204/tools/bin/../lib/gcc/arm-none-eabi/14.2.1/../../../../arm-none-eabi/lib/thumb/v6-m/nofp/libcr_c.a(printf.o)
 .text.sscanf   0x0000a4a2       0x3e /Applications/MCUXpressoIDE_25.6.136/ide/plugins/com.nxp.mcuxpresso.tools.macosx_25.6.0.202501151204/tools/bin/../lib/gcc/arm-none-eabi/14.2.1/../../../../arm-none-eabi/lib/thumb/v6-m/nofp/libcr_c.a(scanf.o)
                0x0000a4a2                sscanf
 .text.abs      0x0000a4e0        0x8 /Applications/MCUXpressoIDE_25.6.136/ide/plugins/com.nxp.mcuxpresso.tools.macosx_25.6.0.202501151204/tools/bin/../lib/gcc/arm-none-eabi/14.2.1/../../../../arm-none-eabi/lib/thumb/v6-m/nofp/libcr_c.a(stdlib.o)
                0x0000a4e0                abs
 .text._Csys_read_
                0x0000a4e8       0x24 /Applications/MCUXpressoIDE_25.6.136/ide/plugins/com.nxp.mcuxpresso.tools.macosx_25.6.0.202501151204/tools/bin/../lib/gcc/arm-none-eabi/14.2.1/../../../../arm-none-eabi/lib/thumb/v6-m/nofp/libcr_c.a(__fillbuf.o)
                0x0000a4e8                _Csys_read_
 .text.remove   0x0000a50c       0x12 /Applications/MCUXpressoIDE_25.6.136/ide/plugins/com.nxp.mcuxpresso.tools.macosx_25.6.0.202501151204/tools/bin/../lib/gcc/arm-none-eabi/14.2.1/../../../../arm-none-eabi/lib/thumb/v6-m/nofp/libcr_c.a(remove.o)
                0x0000a50c                remove
 .text.__aeabi_division_idivmod
                0x0000a51e       0x78 /Applications/MCUXpressoIDE_25.6.136/ide/plugins/com.nxp.mcuxpresso.tools.macosx_25.6.0.202501151204/tools/bin/../lib/gcc/arm-none-eabi/14.2.1/thumb/v6-m/nofp/libcr_eabihelpers.a(division_32.o)
                0x0000a51e                __aeabi_idiv
                0x0000a51e                __aeabi_idivmod
                0x0000a524                __aeabi_uidiv
                0x0000a524                __aeabi_uidivmod
 .text.__aeabi_division_uldivmod
                0x0000a596       0x5a /Applications/MCUXpressoIDE_25.6.136/ide/plugins/com.nxp.mcuxpresso.tools.macosx_25.6.0.202501151204/tools/bin/../lib/gcc/arm-none-eabi/14.2.1/thumb/v6-m/nofp/libcr_eabihelpers.a(division_64.o)
                0x0000a596                __aeabi_uldivmod
 .text.__aeabi_division_idiv0
                0x0000a5f0        0x2 /Applications/MCUXpressoIDE_25.6.136/ide/plugins/com.nxp.mcuxpresso.tools.macosx_25.6.0.202501151204/tools/bin/../lib/gcc/arm-none-eabi/14.2.1/thumb/v6-m/nofp/libcr_eabihelpers.a(division_idiv0.o)
                0x0000a5f0                __aeabi_idiv0
 .text.__bhs_ui2d
                0x0000a5f2       0x5e /Applications/MCUXpressoIDE_25.6.136/ide/plugins/com.nxp.mcuxpresso.tools.macosx_25.6.0.202501151204/tools/bin/../lib/gcc/arm-none-eabi/14.2.1/thumb/v6-m/nofp/libcr_eabihelpers.a(double.o)
                0x0000a5f2                __bhs_ui2d
 .text.__aeabi_i2d
                0x0000a650       0x18 /Applications/MCUXpressoIDE_25.6.136/ide/plugins/com.nxp.mcuxpresso.tools.macosx_25.6.0.202501151204/tools/bin/../lib/gcc/arm-none-eabi/14.2.1/thumb/v6-m/nofp/libcr_eabihelpers.a(double.o)
                0x0000a650                __aeabi_i2d
 .text.__bhs_ui2f
                0x0000a668       0x60 /Applications/MCUXpressoIDE_25.6.136/ide/plugins/com.nxp.mcuxpresso.tools.macosx_25.6.0.202501151204/tools/bin/../lib/gcc/arm-none-eabi/14.2.1/thumb/v6-m/nofp/libcr_eabihelpers.a(float.o)
                0x0000a668                __bhs_ui2f
 .text.__aeabi_i2f
                0x0000a6c8       0x18 /Applications/MCUXpressoIDE_25.6.136/ide/plugins/com.nxp.mcuxpresso.tools.macosx_25.6.0.202501151204/tools/bin/../lib/gcc/arm-none-eabi/14.2.1/thumb/v6-m/nofp/libcr_eabihelpers.a(float.o)
                0x0000a6c8                __aeabi_i2f
 .text.__aeabi_llong_lmul
                0x0000a6e0       0x2e /Applications/MCUXpressoIDE_25.6.136/ide/plugins/com.nxp.mcuxpresso.tools.macosx_25.6.0.202501151204/tools/bin/../lib/gcc/arm-none-eabi/14.2.1/thumb/v6-m/nofp/libcr_eabihelpers.a(llong.o)
                0x0000a6e0                __aeabi_lmul
 .text.__aeabi_memcpy
                0x0000a70e       0x2c /Applications/MCUXpressoIDE_25.6.136/ide/plugins/com.nxp.mcuxpresso.tools.macosx_25.6.0.202501151204/tools/bin/../lib/gcc/arm-none-eabi/14.2.1/thumb/v6-m/nofp/libcr_eabihelpers.a(memcpy.o)
                0x0000a70e                __aeabi_memcpy
                0x0000a70e                __aeabi_memcpy4
                0x0000a70e                __aeabi_memcpy8
 .text.__aeabi_memset_lowlevel
                0x0000a73a       0x2a /Applications/MCUXpressoIDE_25.6.136/ide/plugins/com.nxp.mcuxpresso.tools.macosx_25.6.0.202501151204/tools/bin/../lib/gcc/arm-none-eabi/14.2.1/thumb/v6-m/nofp/libcr_eabihelpers.a(memcpy.o)
                0x0000a73a                __aeabi_lowlevel_memset
 .text.__gnu_thumb1_case_uqi
                0x0000a764       0x10 /Applications/MCUXpressoIDE_25.6.136/ide/plugins/com.nxp.mcuxpresso.tools.macosx_25.6.0.202501151204/tools/bin/../lib/gcc/arm-none-eabi/14.2.1/thumb/v6-m/nofp/libcr_eabihelpers.a(thumb1_switch_helpers.o)
                0x0000a764                __gnu_thumb1_case_uqi
 .text.__gnu_thumb1_case_shi
                0x0000a774       0x10 /Applications/MCUXpressoIDE_25.6.136/ide/plugins/com.nxp.mcuxpresso.tools.macosx_25.6.0.202501151204/tools/bin/../lib/gcc/arm-none-eabi/14.2.1/thumb/v6-m/nofp/libcr_eabihelpers.a(thumb1_switch_helpers.o)
                0x0000a774                __gnu_thumb1_case_shi
 .text.__gnu_thumb1_case_uhi
                0x0000a784       0x10 /Applications/MCUXpressoIDE_25.6.136/ide/plugins/com.nxp.mcuxpresso.tools.macosx_25.6.0.202501151204/tools/bin/../lib/gcc/arm-none-eabi/14.2.1/thumb/v6-m/nofp/libcr_eabihelpers.a(thumb1_switch_helpers.o)
                0x0000a784                __gnu_thumb1_case_uhi
 .text.__sys_appexit
                0x0000a794        0x2 /Applications/MCUXpressoIDE_25.6.136/ide/plugins/com.nxp.mcuxpresso.tools.macosx_25.6.0.202501151204/tools/bin/../lib/gcc/arm-none-eabi/14.2.1/../../../../arm-none-eabi/lib/thumb/v6-m/nofp/libcr_nohost_nf.a(__sys_appexit.o)
                0x0000a794                __exit
                0x0000a794                __sys_appexit
 .text.__sys_close
                0x0000a796        0x6 /Applications/MCUXpressoIDE_25.6.136/ide/plugins/com.nxp.mcuxpresso.tools.macosx_25.6.0.202501151204/tools/bin/../lib/gcc/arm-none-eabi/14.2.1/../../../../arm-none-eabi/lib/thumb/v6-m/nofp/libcr_nohost_nf.a(__sys_close.o)
                0x0000a796                __sys_close
 .text.__sys_flen
                0x0000a79c        0x6 /Applications/MCUXpressoIDE_25.6.136/ide/plugins/com.nxp.mcuxpresso.tools.macosx_25.6.0.202501151204/tools/bin/../lib/gcc/arm-none-eabi/14.2.1/../../../../arm-none-eabi/lib/thumb/v6-m/nofp/libcr_nohost_nf.a(__sys_flen.o)
                0x0000a79c                __sys_flen
 .text.__sys_istty
                0x0000a7a2        0x6 /Applications/MCUXpressoIDE_25.6.136/ide/plugins/com.nxp.mcuxpresso.tools.macosx_25.6.0.202501151204/tools/bin/../lib/gcc/arm-none-eabi/14.2.1/../../../../arm-none-eabi/lib/thumb/v6-m/nofp/libcr_nohost_nf.a(__sys_istty.o)
                0x0000a7a2                __sys_istty
 .text.__sys_read
                0x0000a7a8        0x4 /Applications/MCUXpressoIDE_25.6.136/ide/plugins/com.nxp.mcuxpresso.tools.macosx_25.6.0.202501151204/tools/bin/../lib/gcc/arm-none-eabi/14.2.1/../../../../arm-none-eabi/lib/thumb/v6-m/nofp/libcr_nohost_nf.a(__sys_read.o)
                0x0000a7a8                __sys_read
 .text.__sys_remove
                0x0000a7ac        0x6 /Applications/MCUXpressoIDE_25.6.136/ide/plugins/com.nxp.mcuxpresso.tools.macosx_25.6.0.202501151204/tools/bin/../lib/gcc/arm-none-eabi/14.2.1/../../../../arm-none-eabi/lib/thumb/v6-m/nofp/libcr_nohost_nf.a(__sys_remove.o)
                0x0000a7ac                __sys_remove
 .text.__sys_seek
                0x0000a7b2        0x6 /Applications/MCUXpressoIDE_25.6.136/ide/plugins/com.nxp.mcuxpresso.tools.macosx_25.6.0.202501151204/tools/bin/../lib/gcc/arm-none-eabi/14.2.1/../../../../arm-none-eabi/lib/thumb/v6-m/nofp/libcr_nohost_nf.a(__sys_seek.o)
                0x0000a7b2                __sys_seek
 .text.__sys_tmpnam
                0x0000a7b8        0x6 /Applications/MCUXpressoIDE_25.6.136/ide/plugins/com.nxp.mcuxpresso.tools.macosx_25.6.0.202501151204/tools/bin/../lib/gcc/arm-none-eabi/14.2.1/../../../../arm-none-eabi/lib/thumb/v6-m/nofp/libcr_nohost_nf.a(__sys_tmpnam.o)
                0x0000a7b8                __sys_tmpnam
 *freertos*/tasks.o(SORT_BY_ALIGNMENT(.rodata*))
 *fill*         0x0000a7be        0x2 ff
 .rodata.uxTopUsedPriority
                0x0000a7c0        0x4 ./freertos/freertos-kernel/tasks.o
 .rodata.prvCreateIdleTasks.str1.4
                0x0000a7c4        0x5 ./freertos/freertos-kernel/tasks.o
 .rodata.xTaskGenericNotify
                0x0000a7c4       0x14 ./freertos/freertos-kernel/tasks.o
 .rodata.xTaskGenericNotifyFromISR
                0x0000a7d8       0x14 ./freertos/freertos-kernel/tasks.o
 *(SORT_BY_ALIGNMENT(.rodata) SORT_BY_ALIGNMENT(.rodata.*) SORT_BY_ALIGNMENT(.constdata) SORT_BY_ALIGNMENT(.constdata.*))
 .rodata.__assertion_failed.str1.4
                0x0000a7ec      0x787 ./utilities/fsl_assert.o
                                 0x14 (size before relaxing)
 .rodata.ESP_UART_HandleFrame.str1.4
                0x0000af73       0x2c ./source/main_mcxc/esp_uart.o
 .rodata.ESP_UART_SendTelemetry.str1.4
                0x0000af73       0x14 ./source/main_mcxc/esp_uart.o
 .rodata.main.str1.4
                0x0000af73       0x4e ./source/main_mcxc/main.o
 *fill*         0x0000af73        0x1 ff
 .rodata.k_font5x7
                0x0000af74      0x1db ./source/main_mcxc/ssd1306.o
 .rodata.SSD1306_ShowAll.str1.4
                0x0000b14f       0xbc ./source/main_mcxc/ssd1306.o
 .rodata.buttonTask.str1.4
                0x0000b14f       0x6b ./source/main_mcxc/tasks.o
 .rodata.printTask.str1.4
                0x0000b14f      0x21c ./source/main_mcxc/tasks.o
 .rodata.xTimerCreateTimerTask.str1.4
                0x0000b14f        0x8 ./freertos/freertos-kernel/timers.o
 *fill*         0x0000b14f        0x1 ff
 .rodata.prvProcessReceivedCommands
                0x0000b150       0x28 ./freertos/freertos-kernel/timers.o
 .rodata.prvCheckForValidListAndQueue.str1.4
                0x0000b178        0x5 ./freertos/freertos-kernel/timers.o
 .rodata.CLOCK_GetOsc0ErClkFreq.str1.4
                0x0000b178       0x1e ./drivers/fsl_clock.o
 .rodata.CLOCK_GetEr32kClkFreq.str1.4
                0x0000b178       0x1f ./drivers/fsl_clock.o
 .rodata.CLOCK_GetFreq
                0x0000b178       0x50 ./drivers/fsl_clock.o
 .rodata.CLOCK_GetOutClkFreq.str1.4
                0x0000b1c8       0x1e ./drivers/fsl_clock.o
 .rodata.CLOCK_SetMcgliteConfig.str1.4
                0x0000b1c8       0x1f ./drivers/fsl_clock.o
 .rodata.lircFreqs.0
                0x0000b1c8        0x8 ./drivers/fsl_clock.o
 .rodata.s_lpuartBases
                0x0000b1d0        0x8 ./drivers/fsl_lpuart.o
 .rodata.s_lpuartClock
                0x0000b1d8        0x8 ./drivers/fsl_lpuart.o
 .rodata.LPUART_GetInstance.str1.4
                0x0000b1e0       0x38 ./drivers/fsl_lpuart.o
 .rodata.LPUART_Init.str1.4
                0x0000b1e0       0x51 ./drivers/fsl_lpuart.o
 .rodata.LPUART_GetDefaultConfig.str1.4
                0x0000b1e0       0x22 ./drivers/fsl_lpuart.o
 .rodata.LPUART_WriteBlocking.str1.4
                0x0000b1e0       0x21 ./drivers/fsl_lpuart.o
 .rodata.LPUART_ReadBlocking.str1.4
                0x0000b1e0       0x21 ./drivers/fsl_lpuart.o
 .rodata.s_LpuartAdapterBase
                0x0000b1e0        0x8 ./component/uart/fsl_adapter_lpuart.o
 .rodata.HAL_UartInit.str1.4
                0x0000b1e8      0x116 ./component/uart/fsl_adapter_lpuart.o
 .rodata.HAL_UartReceiveBlocking.str1.4
                0x0000b1e8       0x7b ./component/uart/fsl_adapter_lpuart.o
 .rodata.HAL_UartSendBlocking.str1.4
                0x0000b1e8       0x7b ./component/uart/fsl_adapter_lpuart.o
 .rodata.mcgliteConfig_BOARD_BootClockRUN
                0x0000b1e8        0x6 ./board/clock_config.o
                0x0000b1e8                mcgliteConfig_BOARD_BootClockRUN
 *fill*         0x0000b1ee        0x2 ff
 .rodata.simConfig_BOARD_BootClockRUN
                0x0000b1f0        0x8 ./board/clock_config.o
                0x0000b1f0                simConfig_BOARD_BootClockRUN
 .rodata.__num_Ciob_streams
                0x0000b1f8        0x4 /Applications/MCUXpressoIDE_25.6.136/ide/plugins/com.nxp.mcuxpresso.tools.macosx_25.6.0.202501151204/tools/bin/../lib/gcc/arm-none-eabi/14.2.1/../../../../arm-none-eabi/lib/thumb/v6-m/nofp/libcr_nohost_nf.a(__ciob.o)
                0x0000b1f8                __num_Ciob_streams
 .rodata._Csys_alloc.str1.1
                0x0000b1fc       0x53 /Applications/MCUXpressoIDE_25.6.136/ide/plugins/com.nxp.mcuxpresso.tools.macosx_25.6.0.202501151204/tools/bin/../lib/gcc/arm-none-eabi/14.2.1/../../../../arm-none-eabi/lib/thumb/v6-m/nofp/libcr_c.a(alloc.o)
                                 0x18 (size before relaxing)
 .rodata._initio.str1.1
                0x0000b24f        0x4 /Applications/MCUXpressoIDE_25.6.136/ide/plugins/com.nxp.mcuxpresso.tools.macosx_25.6.0.202501151204/tools/bin/../lib/gcc/arm-none-eabi/14.2.1/../../../../arm-none-eabi/lib/thumb/v6-m/nofp/libcr_c.a(initio.o)
 .rodata.__vfprintf.str1.1
                0x0000b24f       0x38 /Applications/MCUXpressoIDE_25.6.136/ide/plugins/com.nxp.mcuxpresso.tools.macosx_25.6.0.202501151204/tools/bin/../lib/gcc/arm-none-eabi/14.2.1/../../../../arm-none-eabi/lib/thumb/v6-m/nofp/libcr_c.a(printf.o)
 .rodata.__ctype
                0x0000b24f      0x180 /Applications/MCUXpressoIDE_25.6.136/ide/plugins/com.nxp.mcuxpresso.tools.macosx_25.6.0.202501151204/tools/bin/../lib/gcc/arm-none-eabi/14.2.1/../../../../arm-none-eabi/lib/thumb/v6-m/nofp/libcr_c.a(ctype.o)
                0x0000b24f                __ctype
                0x0000b3d0                        . = ALIGN (0x4)
 *fill*         0x0000b3cf        0x1 ff

.glue_7         0x0000b3d0        0x0
 .glue_7        0x0000b3d0        0x0 linker stubs

.glue_7t        0x0000b3d0        0x0
 .glue_7t       0x0000b3d0        0x0 linker stubs

.vfp11_veneer   0x0000b3d0        0x0
 .vfp11_veneer  0x0000b3d0        0x0 linker stubs

.v4_bx          0x0000b3d0        0x0
 .v4_bx         0x0000b3d0        0x0 linker stubs

.iplt           0x0000b3d0        0x0
 .iplt          0x0000b3d0        0x0 ./utilities/str/fsl_str.o

.rel.dyn        0x0000b3d0        0x0
 .rel.iplt      0x0000b3d0        0x0 ./utilities/str/fsl_str.o

.ARM.extab
 *(SORT_BY_ALIGNMENT(.ARM.extab*) SORT_BY_ALIGNMENT(.gnu.linkonce.armextab.*))

.ARM.exidx      0x0000b3d0        0x0
                0x0000b3d0                        __exidx_start = .
 *(SORT_BY_ALIGNMENT(.ARM.exidx*) SORT_BY_ALIGNMENT(.gnu.linkonce.armexidx.*))
                0x0000b3d0                        __exidx_end = .
                0x0000b3d0                        _etext = .

.mtb_buffer_default
                0x1fffe000       0x80
 *(SORT_BY_ALIGNMENT(.mtb*))
 .mtb.$RAM1     0x1fffe000       0x80 ./source/mtb.o
                0x1fffe000                __mtb_buffer__

.uninit_RESERVED
                0x1fffe080        0x0
                0x1fffe080                        _start_uninit_RESERVED = .
 *(SORT_BY_ALIGNMENT(.bss.$RESERVED*))
                0x1fffe080                        . = ALIGN (0x4)
                0x1fffe080                        _end_uninit_RESERVED = .

.data           0x1fffe080       0x14 load address 0x0000b3d0
 FILL mask 0xff
                0x1fffe080                        _data = .
                [!provide]                        PROVIDE (__start_data_RAM = .)
                [!provide]                        PROVIDE (__start_data_SRAM = .)
 *(SORT_BY_ALIGNMENT(vtable))
 *(SORT_BY_ALIGNMENT(.ramfunc*))
 *(SORT_BY_ALIGNMENT(CodeQuickAccess))
 *(SORT_BY_ALIGNMENT(DataQuickAccess))
 *(SORT_BY_ALIGNMENT(RamFunction))
 *(SORT_BY_ALIGNMENT(.data*))
 .data.ulCriticalNesting
                0x1fffe080        0x4 ./freertos/freertos-kernel/portable/GCC/ARM_CM0/port.o
 .data.SystemCoreClock
                0x1fffe084        0x4 ./device/system_MCXC444.o
                0x1fffe084                SystemCoreClock
 .data.neginf.0
                0x1fffe088        0x4 /Applications/MCUXpressoIDE_25.6.136/ide/plugins/com.nxp.mcuxpresso.tools.macosx_25.6.0.202501151204/tools/bin/../lib/gcc/arm-none-eabi/14.2.1/../../../../arm-none-eabi/lib/thumb/v6-m/nofp/libcr_c.a(scanf.o)
 .data.posinf.1
                0x1fffe08c        0x4 /Applications/MCUXpressoIDE_25.6.136/ide/plugins/com.nxp.mcuxpresso.tools.macosx_25.6.0.202501151204/tools/bin/../lib/gcc/arm-none-eabi/14.2.1/../../../../arm-none-eabi/lib/thumb/v6-m/nofp/libcr_c.a(scanf.o)
 .data.s_lastRemoteTempDeci
                0x1fffe090        0x2 ./source/main_mcxc/esp_uart.o
 .data.s_lastRemoteDistDeci
                0x1fffe092        0x2 ./source/main_mcxc/esp_uart.o
                0x1fffe094                        . = ALIGN (0x4)
                0x1fffe094                        _edata = .
                [!provide]                        PROVIDE (__end_data_RAM = .)
                [!provide]                        PROVIDE (__end_data_SRAM = .)

.igot.plt       0x1fffe094        0x0 load address 0x0000b3e4
 .igot.plt      0x1fffe094        0x0 ./utilities/str/fsl_str.o

.bss            0x1fffe094     0x2ffc
                0x1fffe094                        _bss = .
                [!provide]                        PROVIDE (__start_bss_RAM = .)
                [!provide]                        PROVIDE (__start_bss_SRAM = .)
 *(SORT_BY_ALIGNMENT(.bss*))
 .bss.s_debugConsoleState
                0x1fffe094       0x20 ./utilities/debug_console/fsl_debug_console.o
 .bss.g_serialHandle
                0x1fffe0b4        0x4 ./utilities/debug_console/fsl_debug_console.o
                0x1fffe0b4                g_serialHandle
 .bss.s_lastSw2Tick
                0x1fffe0b8        0x4 ./source/main_mcxc/buttons.o
 .bss.s_lastSw3Tick
                0x1fffe0bc        0x4 ./source/main_mcxc/buttons.o
 .bss.s_suggestionBuf
                0x1fffe0c0       0x50 ./source/main_mcxc/esp_uart.o
 .bss.s_rxBuffer
                0x1fffe110       0x40 ./source/main_mcxc/esp_uart.o
 .bss.s_isrBuffer
                0x1fffe150       0x40 ./source/main_mcxc/esp_uart.o
 .bss.g_sensorQueue
                0x1fffe190        0x4 ./source/main_mcxc/main.o
                0x1fffe190                g_sensorQueue
 .bss.g_buttonSema
                0x1fffe194        0x4 ./source/main_mcxc/main.o
                0x1fffe194                g_buttonSema
 .bss.g_statusMutex
                0x1fffe198        0x4 ./source/main_mcxc/main.o
                0x1fffe198                g_statusMutex
 .bss.g_latestPacket
                0x1fffe19c       0x1c ./source/main_mcxc/main.o
                0x1fffe19c                g_latestPacket
 .bss.g_suggestionBuf
                0x1fffe1b8       0x50 ./source/main_mcxc/main.o
                0x1fffe1b8                g_suggestionBuf
 .bss.s_frameBuf
                0x1fffe208      0x400 ./source/main_mcxc/ssd1306.o
 .bss.ucHeap    0x1fffe608     0x2800 ./freertos/freertos-kernel/portable/MemMang/heap_4.o
 .bss.xStart    0x20000e08        0x8 ./freertos/freertos-kernel/portable/MemMang/heap_4.o
 .bss.pxEnd     0x20000e10        0x4 ./freertos/freertos-kernel/portable/MemMang/heap_4.o
 .bss.xFreeBytesRemaining
                0x20000e14        0x4 ./freertos/freertos-kernel/portable/MemMang/heap_4.o
 .bss.xMinimumEverFreeBytesRemaining
                0x20000e18        0x4 ./freertos/freertos-kernel/portable/MemMang/heap_4.o
 .bss.xNumberOfSuccessfulAllocations
                0x20000e1c        0x4 ./freertos/freertos-kernel/portable/MemMang/heap_4.o
 .bss.xNumberOfSuccessfulFrees
                0x20000e20        0x4 ./freertos/freertos-kernel/portable/MemMang/heap_4.o
 .bss.xQueueRegistry
                0x20000e24       0x40 ./freertos/freertos-kernel/queue.o
                0x20000e24                xQueueRegistry
 .bss.pxCurrentTCB
                0x20000e64        0x4 ./freertos/freertos-kernel/tasks.o
                0x20000e64                pxCurrentTCB
 .bss.pxReadyTasksLists
                0x20000e68       0x64 ./freertos/freertos-kernel/tasks.o
 .bss.xDelayedTaskList1
                0x20000ecc       0x14 ./freertos/freertos-kernel/tasks.o
 .bss.xDelayedTaskList2
                0x20000ee0       0x14 ./freertos/freertos-kernel/tasks.o
 .bss.pxDelayedTaskList
                0x20000ef4        0x4 ./freertos/freertos-kernel/tasks.o
 .bss.pxOverflowDelayedTaskList
                0x20000ef8        0x4 ./freertos/freertos-kernel/tasks.o
 .bss.xPendingReadyList
                0x20000efc       0x14 ./freertos/freertos-kernel/tasks.o
 .bss.xTasksWaitingTermination
                0x20000f10       0x14 ./freertos/freertos-kernel/tasks.o
 .bss.uxDeletedTasksWaitingCleanUp
                0x20000f24        0x4 ./freertos/freertos-kernel/tasks.o
 .bss.xSuspendedTaskList
                0x20000f28       0x14 ./freertos/freertos-kernel/tasks.o
 .bss.uxCurrentNumberOfTasks
                0x20000f3c        0x4 ./freertos/freertos-kernel/tasks.o
 .bss.xTickCount
                0x20000f40        0x4 ./freertos/freertos-kernel/tasks.o
 .bss.uxTopReadyPriority
                0x20000f44        0x4 ./freertos/freertos-kernel/tasks.o
 .bss.xSchedulerRunning
                0x20000f48        0x4 ./freertos/freertos-kernel/tasks.o
 .bss.xPendedTicks
                0x20000f4c        0x4 ./freertos/freertos-kernel/tasks.o
 .bss.xYieldPendings
                0x20000f50        0x4 ./freertos/freertos-kernel/tasks.o
 .bss.xNumOfOverflows
                0x20000f54        0x4 ./freertos/freertos-kernel/tasks.o
 .bss.uxTaskNumber
                0x20000f58        0x4 ./freertos/freertos-kernel/tasks.o
 .bss.xNextTaskUnblockTime
                0x20000f5c        0x4 ./freertos/freertos-kernel/tasks.o
 .bss.xIdleTaskHandles
                0x20000f60        0x4 ./freertos/freertos-kernel/tasks.o
 .bss.uxSchedulerSuspended
                0x20000f64        0x4 ./freertos/freertos-kernel/tasks.o
 .bss.xActiveTimerList1
                0x20000f68       0x14 ./freertos/freertos-kernel/timers.o
 .bss.xActiveTimerList2
                0x20000f7c       0x14 ./freertos/freertos-kernel/timers.o
 .bss.pxCurrentTimerList
                0x20000f90        0x4 ./freertos/freertos-kernel/timers.o
 .bss.pxOverflowTimerList
                0x20000f94        0x4 ./freertos/freertos-kernel/timers.o
 .bss.xTimerQueue
                0x20000f98        0x4 ./freertos/freertos-kernel/timers.o
 .bss.xTimerTaskHandle
                0x20000f9c        0x4 ./freertos/freertos-kernel/timers.o
 .bss.xLastTime.0
                0x20000fa0        0x4 ./freertos/freertos-kernel/timers.o
 .bss.g_xtal0Freq
                0x20000fa4        0x4 ./drivers/fsl_clock.o
                0x20000fa4                g_xtal0Freq
 .bss.g_xtal32Freq
                0x20000fa8        0x4 ./drivers/fsl_clock.o
                0x20000fa8                g_xtal32Freq
 .bss.s_lpuartHandle
                0x20000fac        0x8 ./drivers/fsl_lpuart.o
                0x20000fac                s_lpuartHandle
 .bss.s_lpuartIsr
                0x20000fb4        0x8 ./drivers/fsl_lpuart.o
                0x20000fb4                s_lpuartIsr
 .bss.errno     0x20000fbc        0x4 /Applications/MCUXpressoIDE_25.6.136/ide/plugins/com.nxp.mcuxpresso.tools.macosx_25.6.0.202501151204/tools/bin/../lib/gcc/arm-none-eabi/14.2.1/../../../../arm-none-eabi/lib/thumb/v6-m/nofp/libcr_c.a(errno.o)
                0x20000fbc                errno
 .bss.__end_of_heap
                0x20000fc0        0x4 /Applications/MCUXpressoIDE_25.6.136/ide/plugins/com.nxp.mcuxpresso.tools.macosx_25.6.0.202501151204/tools/bin/../lib/gcc/arm-none-eabi/14.2.1/../../../../arm-none-eabi/lib/thumb/v6-m/nofp/libcr_c.a(__init_alloc.o)
                0x20000fc0                __end_of_heap
 .bss.__heaps   0x20000fc4        0x4 /Applications/MCUXpressoIDE_25.6.136/ide/plugins/com.nxp.mcuxpresso.tools.macosx_25.6.0.202501151204/tools/bin/../lib/gcc/arm-none-eabi/14.2.1/../../../../arm-none-eabi/lib/thumb/v6-m/nofp/libcr_c.a(__init_alloc.o)
                0x20000fc4                __heaps
 .bss.__Ciob    0x20000fc8       0xb4 /Applications/MCUXpressoIDE_25.6.136/ide/plugins/com.nxp.mcuxpresso.tools.macosx_25.6.0.202501151204/tools/bin/../lib/gcc/arm-none-eabi/14.2.1/../../../../arm-none-eabi/lib/thumb/v6-m/nofp/libcr_nohost_nf.a(__ciob.o)
                0x20000fc8                __Ciob
 .bss.s_adcValue
                0x2000107c        0x2 ./source/main_mcxc/adc.o
 .bss.s_debugConsoleReadWaitSemaphore
                0x2000107e        0x1 ./utilities/debug_console/fsl_debug_console.o
 .bss.s_adcDone
                0x2000107f        0x1 ./source/main_mcxc/adc.o
 .bss.s_adcInitialized
                0x20001080        0x1 ./source/main_mcxc/adc.o
 .bss.g_sw2StartPending
                0x20001081        0x1 ./source/main_mcxc/buttons.o
                0x20001081                g_sw2StartPending
 .bss.g_sw3AckPending
                0x20001082        0x1 ./source/main_mcxc/buttons.o
                0x20001082                g_sw3AckPending
 .bss.s_suggestionReady
                0x20001083        0x1 ./source/main_mcxc/esp_uart.o
 .bss.s_isrIndex
                0x20001084        0x1 ./source/main_mcxc/esp_uart.o
 .bss.s_frameReady
                0x20001085        0x1 ./source/main_mcxc/esp_uart.o
 .bss.s_remoteValid
                0x20001086        0x1 ./source/main_mcxc/esp_uart.o
 .bss.s_lastRemoteActiveCount
                0x20001087        0x1 ./source/main_mcxc/esp_uart.o
 .bss.s_uartInitialized
                0x20001088        0x1 ./source/main_mcxc/esp_uart.o
 .bss.g_systemStarted
                0x20001089        0x1 ./source/main_mcxc/main.o
                0x20001089                g_systemStarted
 .bss.g_alertSuppressed
                0x2000108a        0x1 ./source/main_mcxc/main.o
                0x2000108a                g_alertSuppressed
 .bss.g_warningState
                0x2000108b        0x1 ./source/main_mcxc/main.o
                0x2000108b                g_warningState
 .bss.g_oledScreenMode
                0x2000108c        0x1 ./source/main_mcxc/main.o
                0x2000108c                g_oledScreenMode
 .bss.g_suggestionReady
                0x2000108d        0x1 ./source/main_mcxc/main.o
                0x2000108d                g_suggestionReady
 *(SORT_BY_ALIGNMENT(COMMON))
                0x20001090                        . = ALIGN (0x4)
 *fill*         0x2000108e        0x2 
                0x20001090                        _ebss = .
                [!provide]                        PROVIDE (__end_bss_RAM = .)
                [!provide]                        PROVIDE (__end_bss_SRAM = .)
                [!provide]                        PROVIDE (end = .)

.noinit         0x20001090        0x0
                0x20001090                        _noinit = .
                [!provide]                        PROVIDE (__start_noinit_RAM = .)
                [!provide]                        PROVIDE (__start_noinit_SRAM = .)
 *(SORT_BY_ALIGNMENT(.noinit*))
                0x20001090                        . = ALIGN (0x4)
                0x20001090                        _end_noinit = .
                [!provide]                        PROVIDE (__end_noinit_RAM = .)
                [!provide]                        PROVIDE (__end_noinit_SRAM = .)
                0x00000800                        _HeapSize = 0x800

.heap           0x20001090      0x800
                0x20001090                        _pvHeapStart = .
                0x20001890                        . = (. + _HeapSize)
 *fill*         0x20001090      0x800 
                0x20001890                        . = ALIGN (0x4)
                0x20001890                        _pvHeapLimit = .
                0x00000800                        _StackSize = 0x800

.heap2stackfill
                0x20001890      0x800
                0x20002090                        . = (. + _StackSize)
 *fill*         0x20001890      0x800 

.stack          0x20005800        0x0
                0x20005800                        _vStackBase = .
                0x20005800                        . = ALIGN (0x4)
                0x20006000                        _vStackTop = (. + _StackSize)
                0x00000000                        _image_start = LOADADDR (.text)
                0x0000b3e4                        _image_end = (LOADADDR (.data) + SIZEOF (.data))
                0x0000b3e4                        _image_size = (_image_end - _image_start)
OUTPUT(Final_Project_CG2271.axf elf32-littlearm)
LOAD linker stubs

.debug_info     0x00000000    0x1d02f
 .debug_info    0x00000000      0xd5e ./utilities/str/fsl_str.o
 .debug_info    0x00000d5e      0xed5 ./utilities/debug_console/fsl_debug_console.o
 .debug_info    0x00001c33      0x135 ./utilities/fsl_assert.o
 .debug_info    0x00001d68      0x686 ./startup/startup_mcxc444.o
 .debug_info    0x000023ee      0x93a ./source/main_mcxc/adc.o
 .debug_info    0x00002d28      0x89f ./source/main_mcxc/buttons.o
 .debug_info    0x000035c7     0x1168 ./source/main_mcxc/esp_uart.o
 .debug_info    0x0000472f      0x433 ./source/main_mcxc/led.o
 .debug_info    0x00004b62      0x8fa ./source/main_mcxc/main.o
 .debug_info    0x0000545c      0xc70 ./source/main_mcxc/ssd1306.o
 .debug_info    0x000060cc      0x878 ./source/main_mcxc/tasks.o
 .debug_info    0x00006944       0x53 ./source/mtb.o
 .debug_info    0x00006997       0x3c ./source/semihost_hardfault.o
 .debug_info    0x000069d3      0x4db ./freertos/freertos-kernel/portable/MemMang/heap_4.o
 .debug_info    0x00006eae      0x335 ./freertos/freertos-kernel/portable/GCC/ARM_CM0/port.o
 .debug_info    0x000071e3      0x150 ./freertos/freertos-kernel/portable/GCC/ARM_CM0/portasm.o
 .debug_info    0x00007333      0x2b9 ./freertos/freertos-kernel/list.o
 .debug_info    0x000075ec     0x13b2 ./freertos/freertos-kernel/queue.o
 .debug_info    0x0000899e     0x225e ./freertos/freertos-kernel/tasks.o
 .debug_info    0x0000abfc      0xf5d ./freertos/freertos-kernel/timers.o
 .debug_info    0x0000bb59     0x1391 ./drivers/fsl_clock.o
 .debug_info    0x0000ceea     0x1f91 ./drivers/fsl_lpuart.o
 .debug_info    0x0000ee7b      0x42a ./device/system_MCXC444.o
 .debug_info    0x0000f2a5      0xb1e ./component/uart/fsl_adapter_lpuart.o
 .debug_info    0x0000fdc3      0xdd2 ./component/serial_manager/fsl_component_serial_manager.o
 .debug_info    0x00010b95      0x558 ./component/serial_manager/fsl_component_serial_port_uart.o
 .debug_info    0x000110ed      0x411 ./board/board.o
 .debug_info    0x000114fe      0xa96 ./board/clock_config.o
 .debug_info    0x00011f94       0x9b ./board/peripherals.o
 .debug_info    0x0001202f      0x589 ./board/pin_mux.o
 .debug_info    0x000125b8       0x85 /Applications/MCUXpressoIDE_25.6.136/ide/plugins/com.nxp.mcuxpresso.tools.macosx_25.6.0.202501151204/tools/bin/../lib/gcc/arm-none-eabi/14.2.1/../../../../arm-none-eabi/lib/thumb/v6-m/nofp/libcr_nohost_nf.a(_cr__main.o)
 .debug_info    0x0001263d      0x12b /Applications/MCUXpressoIDE_25.6.136/ide/plugins/com.nxp.mcuxpresso.tools.macosx_25.6.0.202501151204/tools/bin/../lib/gcc/arm-none-eabi/14.2.1/../../../../arm-none-eabi/lib/thumb/v6-m/nofp/libcr_c.a(memcpy.o)
 .debug_info    0x00012768       0xfc /Applications/MCUXpressoIDE_25.6.136/ide/plugins/com.nxp.mcuxpresso.tools.macosx_25.6.0.202501151204/tools/bin/../lib/gcc/arm-none-eabi/14.2.1/../../../../arm-none-eabi/lib/thumb/v6-m/nofp/libcr_c.a(memset.o)
 .debug_info    0x00012864      0x526 /Applications/MCUXpressoIDE_25.6.136/ide/plugins/com.nxp.mcuxpresso.tools.macosx_25.6.0.202501151204/tools/bin/../lib/gcc/arm-none-eabi/14.2.1/../../../../arm-none-eabi/lib/thumb/v6-m/nofp/libcr_c.a(alloc.o)
 .debug_info    0x00012d8a       0x44 /Applications/MCUXpressoIDE_25.6.136/ide/plugins/com.nxp.mcuxpresso.tools.macosx_25.6.0.202501151204/tools/bin/../lib/gcc/arm-none-eabi/14.2.1/../../../../arm-none-eabi/lib/thumb/v6-m/nofp/libcr_c.a(errno.o)
 .debug_info    0x00012dce      0x353 /Applications/MCUXpressoIDE_25.6.136/ide/plugins/com.nxp.mcuxpresso.tools.macosx_25.6.0.202501151204/tools/bin/../lib/gcc/arm-none-eabi/14.2.1/../../../../arm-none-eabi/lib/thumb/v6-m/nofp/libcr_c.a(initio.o)
 .debug_info    0x00013121     0x12d8 /Applications/MCUXpressoIDE_25.6.136/ide/plugins/com.nxp.mcuxpresso.tools.macosx_25.6.0.202501151204/tools/bin/../lib/gcc/arm-none-eabi/14.2.1/../../../../arm-none-eabi/lib/thumb/v6-m/nofp/libcr_c.a(printf.o)
 .debug_info    0x000143f9     0x1a16 /Applications/MCUXpressoIDE_25.6.136/ide/plugins/com.nxp.mcuxpresso.tools.macosx_25.6.0.202501151204/tools/bin/../lib/gcc/arm-none-eabi/14.2.1/../../../../arm-none-eabi/lib/thumb/v6-m/nofp/libcr_c.a(scanf.o)
 .debug_info    0x00015e0f      0x1fd /Applications/MCUXpressoIDE_25.6.136/ide/plugins/com.nxp.mcuxpresso.tools.macosx_25.6.0.202501151204/tools/bin/../lib/gcc/arm-none-eabi/14.2.1/../../../../arm-none-eabi/lib/thumb/v6-m/nofp/libcr_c.a(setvbuf.o)
 .debug_info    0x0001600c      0x4e2 /Applications/MCUXpressoIDE_25.6.136/ide/plugins/com.nxp.mcuxpresso.tools.macosx_25.6.0.202501151204/tools/bin/../lib/gcc/arm-none-eabi/14.2.1/../../../../arm-none-eabi/lib/thumb/v6-m/nofp/libcr_c.a(stdlib.o)
 .debug_info    0x000164ee       0xdd /Applications/MCUXpressoIDE_25.6.136/ide/plugins/com.nxp.mcuxpresso.tools.macosx_25.6.0.202501151204/tools/bin/../lib/gcc/arm-none-eabi/14.2.1/../../../../arm-none-eabi/lib/thumb/v6-m/nofp/libcr_c.a(strlen.o)
 .debug_info    0x000165cb      0x118 /Applications/MCUXpressoIDE_25.6.136/ide/plugins/com.nxp.mcuxpresso.tools.macosx_25.6.0.202501151204/tools/bin/../lib/gcc/arm-none-eabi/14.2.1/../../../../arm-none-eabi/lib/thumb/v6-m/nofp/libcr_c.a(strncmp.o)
 .debug_info    0x000166e3       0xfe /Applications/MCUXpressoIDE_25.6.136/ide/plugins/com.nxp.mcuxpresso.tools.macosx_25.6.0.202501151204/tools/bin/../lib/gcc/arm-none-eabi/14.2.1/../../../../arm-none-eabi/lib/thumb/v6-m/nofp/libcr_c.a(strncpy.o)
 .debug_info    0x000167e1      0x192 /Applications/MCUXpressoIDE_25.6.136/ide/plugins/com.nxp.mcuxpresso.tools.macosx_25.6.0.202501151204/tools/bin/../lib/gcc/arm-none-eabi/14.2.1/../../../../arm-none-eabi/lib/thumb/v6-m/nofp/libcr_c.a(ungetc.o)
 .debug_info    0x00016973      0x460 /Applications/MCUXpressoIDE_25.6.136/ide/plugins/com.nxp.mcuxpresso.tools.macosx_25.6.0.202501151204/tools/bin/../lib/gcc/arm-none-eabi/14.2.1/../../../../arm-none-eabi/lib/thumb/v6-m/nofp/libcr_c.a(__fillbuf.o)
 .debug_info    0x00016dd3       0xd4 /Applications/MCUXpressoIDE_25.6.136/ide/plugins/com.nxp.mcuxpresso.tools.macosx_25.6.0.202501151204/tools/bin/../lib/gcc/arm-none-eabi/14.2.1/../../../../arm-none-eabi/lib/thumb/v6-m/nofp/libcr_c.a(__init_alloc.o)
 .debug_info    0x00016ea7      0x107 /Applications/MCUXpressoIDE_25.6.136/ide/plugins/com.nxp.mcuxpresso.tools.macosx_25.6.0.202501151204/tools/bin/../lib/gcc/arm-none-eabi/14.2.1/../../../../arm-none-eabi/lib/thumb/v6-m/nofp/libcr_c.a(_cr_sbrk.o)
 .debug_info    0x00016fae      0x391 /Applications/MCUXpressoIDE_25.6.136/ide/plugins/com.nxp.mcuxpresso.tools.macosx_25.6.0.202501151204/tools/bin/../lib/gcc/arm-none-eabi/14.2.1/../../../../arm-none-eabi/lib/thumb/v6-m/nofp/libcr_c.a(_deferredlazyseek.o)
 .debug_info    0x0001733f      0x24b /Applications/MCUXpressoIDE_25.6.136/ide/plugins/com.nxp.mcuxpresso.tools.macosx_25.6.0.202501151204/tools/bin/../lib/gcc/arm-none-eabi/14.2.1/../../../../arm-none-eabi/lib/thumb/v6-m/nofp/libcr_c.a(_fdopen.o)
 .debug_info    0x0001758a      0x1ea /Applications/MCUXpressoIDE_25.6.136/ide/plugins/com.nxp.mcuxpresso.tools.macosx_25.6.0.202501151204/tools/bin/../lib/gcc/arm-none-eabi/14.2.1/../../../../arm-none-eabi/lib/thumb/v6-m/nofp/libcr_c.a(_fflush.o)
 .debug_info    0x00017774      0x15e /Applications/MCUXpressoIDE_25.6.136/ide/plugins/com.nxp.mcuxpresso.tools.macosx_25.6.0.202501151204/tools/bin/../lib/gcc/arm-none-eabi/14.2.1/../../../../arm-none-eabi/lib/thumb/v6-m/nofp/libcr_c.a(_frexpl.o)
 .debug_info    0x000178d2      0x14d /Applications/MCUXpressoIDE_25.6.136/ide/plugins/com.nxp.mcuxpresso.tools.macosx_25.6.0.202501151204/tools/bin/../lib/gcc/arm-none-eabi/14.2.1/../../../../arm-none-eabi/lib/thumb/v6-m/nofp/libcr_c.a(_ldexpl.o)
 .debug_info    0x00017a1f      0x28a /Applications/MCUXpressoIDE_25.6.136/ide/plugins/com.nxp.mcuxpresso.tools.macosx_25.6.0.202501151204/tools/bin/../lib/gcc/arm-none-eabi/14.2.1/../../../../arm-none-eabi/lib/thumb/v6-m/nofp/libcr_c.a(_writebuf.o)
 .debug_info    0x00017ca9      0x2f8 /Applications/MCUXpressoIDE_25.6.136/ide/plugins/com.nxp.mcuxpresso.tools.macosx_25.6.0.202501151204/tools/bin/../lib/gcc/arm-none-eabi/14.2.1/../../../../arm-none-eabi/lib/thumb/v6-m/nofp/libcr_c.a(ctype.o)
 .debug_info    0x00017fa1      0x325 /Applications/MCUXpressoIDE_25.6.136/ide/plugins/com.nxp.mcuxpresso.tools.macosx_25.6.0.202501151204/tools/bin/../lib/gcc/arm-none-eabi/14.2.1/../../../../arm-none-eabi/lib/thumb/v6-m/nofp/libcr_c.a(fclose.o)
 .debug_info    0x000182c6      0x210 /Applications/MCUXpressoIDE_25.6.136/ide/plugins/com.nxp.mcuxpresso.tools.macosx_25.6.0.202501151204/tools/bin/../lib/gcc/arm-none-eabi/14.2.1/../../../../arm-none-eabi/lib/thumb/v6-m/nofp/libcr_c.a(fflush.o)
 .debug_info    0x000184d6      0x27f /Applications/MCUXpressoIDE_25.6.136/ide/plugins/com.nxp.mcuxpresso.tools.macosx_25.6.0.202501151204/tools/bin/../lib/gcc/arm-none-eabi/14.2.1/../../../../arm-none-eabi/lib/thumb/v6-m/nofp/libcr_c.a(fseek.o)
 .debug_info    0x00018755      0x197 /Applications/MCUXpressoIDE_25.6.136/ide/plugins/com.nxp.mcuxpresso.tools.macosx_25.6.0.202501151204/tools/bin/../lib/gcc/arm-none-eabi/14.2.1/../../../../arm-none-eabi/lib/thumb/v6-m/nofp/libcr_c.a(ftell.o)
 .debug_info    0x000188ec      0x1d0 /Applications/MCUXpressoIDE_25.6.136/ide/plugins/com.nxp.mcuxpresso.tools.macosx_25.6.0.202501151204/tools/bin/../lib/gcc/arm-none-eabi/14.2.1/../../../../arm-none-eabi/lib/thumb/v6-m/nofp/libcr_c.a(remove.o)
 .debug_info    0x00018abc       0x71 /Applications/MCUXpressoIDE_25.6.136/ide/plugins/com.nxp.mcuxpresso.tools.macosx_25.6.0.202501151204/tools/bin/../lib/gcc/arm-none-eabi/14.2.1/../../../../arm-none-eabi/lib/thumb/v6-m/nofp/libcr_c.a(_cr_check_heap.o)
 .debug_info    0x00018b2d      0x241 /Applications/MCUXpressoIDE_25.6.136/ide/plugins/com.nxp.mcuxpresso.tools.macosx_25.6.0.202501151204/tools/bin/../lib/gcc/arm-none-eabi/14.2.1/../../../../arm-none-eabi/lib/thumb/v6-m/nofp/libcr_c.a(_do_fflush.o)
 .debug_info    0x00018d6e     0x221f /Applications/MCUXpressoIDE_25.6.136/ide/plugins/com.nxp.mcuxpresso.tools.macosx_25.6.0.202501151204/tools/bin/../lib/gcc/arm-none-eabi/14.2.1/thumb/v6-m/nofp/libcr_eabihelpers.a(double.o)
 .debug_info    0x0001af8d     0x1b79 /Applications/MCUXpressoIDE_25.6.136/ide/plugins/com.nxp.mcuxpresso.tools.macosx_25.6.0.202501151204/tools/bin/../lib/gcc/arm-none-eabi/14.2.1/thumb/v6-m/nofp/libcr_eabihelpers.a(float.o)
 .debug_info    0x0001cb06      0x18b /Applications/MCUXpressoIDE_25.6.136/ide/plugins/com.nxp.mcuxpresso.tools.macosx_25.6.0.202501151204/tools/bin/../lib/gcc/arm-none-eabi/14.2.1/../../../../arm-none-eabi/lib/thumb/v6-m/nofp/libcr_nohost_nf.a(__ciob.o)
 .debug_info    0x0001cc91       0x38 /Applications/MCUXpressoIDE_25.6.136/ide/plugins/com.nxp.mcuxpresso.tools.macosx_25.6.0.202501151204/tools/bin/../lib/gcc/arm-none-eabi/14.2.1/../../../../arm-none-eabi/lib/thumb/v6-m/nofp/libcr_nohost_nf.a(__sys_appexit.o)
 .debug_info    0x0001ccc9       0x6a /Applications/MCUXpressoIDE_25.6.136/ide/plugins/com.nxp.mcuxpresso.tools.macosx_25.6.0.202501151204/tools/bin/../lib/gcc/arm-none-eabi/14.2.1/../../../../arm-none-eabi/lib/thumb/v6-m/nofp/libcr_nohost_nf.a(__sys_close.o)
 .debug_info    0x0001cd33       0x6a /Applications/MCUXpressoIDE_25.6.136/ide/plugins/com.nxp.mcuxpresso.tools.macosx_25.6.0.202501151204/tools/bin/../lib/gcc/arm-none-eabi/14.2.1/../../../../arm-none-eabi/lib/thumb/v6-m/nofp/libcr_nohost_nf.a(__sys_flen.o)
 .debug_info    0x0001cd9d       0x6a /Applications/MCUXpressoIDE_25.6.136/ide/plugins/com.nxp.mcuxpresso.tools.macosx_25.6.0.202501151204/tools/bin/../lib/gcc/arm-none-eabi/14.2.1/../../../../arm-none-eabi/lib/thumb/v6-m/nofp/libcr_nohost_nf.a(__sys_istty.o)
 .debug_info    0x0001ce07       0x93 /Applications/MCUXpressoIDE_25.6.136/ide/plugins/com.nxp.mcuxpresso.tools.macosx_25.6.0.202501151204/tools/bin/../lib/gcc/arm-none-eabi/14.2.1/../../../../arm-none-eabi/lib/thumb/v6-m/nofp/libcr_nohost_nf.a(__sys_read.o)
 .debug_info    0x0001ce9a       0x8a /Applications/MCUXpressoIDE_25.6.136/ide/plugins/com.nxp.mcuxpresso.tools.macosx_25.6.0.202501151204/tools/bin/../lib/gcc/arm-none-eabi/14.2.1/../../../../arm-none-eabi/lib/thumb/v6-m/nofp/libcr_nohost_nf.a(__sys_remove.o)
 .debug_info    0x0001cf24       0x78 /Applications/MCUXpressoIDE_25.6.136/ide/plugins/com.nxp.mcuxpresso.tools.macosx_25.6.0.202501151204/tools/bin/../lib/gcc/arm-none-eabi/14.2.1/../../../../arm-none-eabi/lib/thumb/v6-m/nofp/libcr_nohost_nf.a(__sys_seek.o)
 .debug_info    0x0001cf9c       0x93 /Applications/MCUXpressoIDE_25.6.136/ide/plugins/com.nxp.mcuxpresso.tools.macosx_25.6.0.202501151204/tools/bin/../lib/gcc/arm-none-eabi/14.2.1/../../../../arm-none-eabi/lib/thumb/v6-m/nofp/libcr_nohost_nf.a(__sys_tmpnam.o)

.debug_abbrev   0x00000000     0x6982
 .debug_abbrev  0x00000000      0x270 ./utilities/str/fsl_str.o
 .debug_abbrev  0x00000270      0x28e ./utilities/debug_console/fsl_debug_console.o
 .debug_abbrev  0x000004fe       0xbd ./utilities/fsl_assert.o
 .debug_abbrev  0x000005bb      0x1a7 ./startup/startup_mcxc444.o
 .debug_abbrev  0x00000762      0x25f ./source/main_mcxc/adc.o
 .debug_abbrev  0x000009c1      0x26d ./source/main_mcxc/buttons.o
 .debug_abbrev  0x00000c2e      0x2fd ./source/main_mcxc/esp_uart.o
 .debug_abbrev  0x00000f2b      0x13e ./source/main_mcxc/led.o
 .debug_abbrev  0x00001069      0x1c2 ./source/main_mcxc/main.o
 .debug_abbrev  0x0000122b      0x283 ./source/main_mcxc/ssd1306.o
 .debug_abbrev  0x000014ae      0x22e ./source/main_mcxc/tasks.o
 .debug_abbrev  0x000016dc       0x46 ./source/mtb.o
 .debug_abbrev  0x00001722       0x31 ./source/semihost_hardfault.o